08-27 09:10:40.824  1566  1594 W PackageManager: Unknown permission android.car.permission.CAR_EXTERIOR_LIGHTS in package com.google.android.gms
08-27 09:10:40.824  1566  1594 W PackageManager: Unknown permission android.car.permission.CAR_INFO in package com.google.android.gms
08-27 09:10:40.824  1566  1594 W PackageManager: Unknown permission android.car.permission.CAR_MILEAGE in package com.google.android.gms
08-27 09:10:40.824  1566  1594 W PackageManager: Unknown permission android.car.permission.CAR_TIRES in package com.google.android.gms
08-27 09:10:40.824  1566  1594 W PackageManager: Unknown permission android.car.permission.CONTROL_CAR_CLIMATE in package com.google.android.gms
08-27 09:10:40.824  1566  1594 W PackageManager: Unknown permission android.car.permission.CONTROL_CAR_DOORS in package com.google.android.gms
08-27 09:10:40.824  1566  1594 W PackageManager: Unknown permission android.car.permission.CONTROL_CAR_EXTERIOR_LIGHTS in package com.google.android.gms
08-27 09:10:40.824  1566  1594 W PackageManager: Unknown permission android.car.permission.CONTROL_CAR_MIRRORS in package com.google.android.gms
08-27 09:10:40.824  1566  1594 W PackageManager: Unknown permission android.car.permission.CONTROL_CAR_SEATS in package com.google.android.gms
08-27 09:10:40.824  1566  1594 W PackageManager: Unknown permission android.car.permission.CONTROL_CAR_WINDOWS in package com.google.android.gms
08-27 09:10:40.825  1566  1594 W PackageManager: Unknown permission com.google.android.permission.ACCESSIBILITY_SCAN_SERVICE in package com.google.android.gms
08-27 09:10:40.825  1566  1594 W PackageManager: Unknown permission android.permission.ACTIVITY_EMBEDDING in package com.google.android.gms
08-27 09:10:40.825  1566  1594 W PackageManager: Unknown permission android.permission.PROVIDE_RESOLVER_RANKER_SERVICE in package com.google.android.gms
08-27 09:10:40.825  1566  1594 W PackageManager: Unknown permission com.google.android.clockwork.settings.SHOW_FACTORY_RESET_CONFIRMATION in package com.google.android.gms
08-27 09:10:40.825  1566  1594 W PackageManager: Unknown permission com.google.android.wearable.READ_SETTINGS in package com.google.android.gms
08-27 09:10:40.825  1566  1594 W PackageManager: Unknown permission android.permission.READ_MEDIA_AUDIO in package com.google.android.gms
08-27 09:10:40.825  1566  1594 W PackageManager: Unknown permission android.permission.READ_MEDIA_IMAGES in package com.google.android.gms
08-27 09:10:40.825  1566  1594 W PackageManager: Unknown permission android.permission.READ_MEDIA_VIDEO in package com.google.android.gms
08-27 09:10:40.825  1566  1594 W PackageManager: Unknown permission android.permission.SUBSTITUTE_SHARE_TARGET_APP_NAME_AND_ICON in package com.google.android.gms
08-27 09:10:40.826  1566  1594 W PackageManager: Unknown permission android.permission.ACTIVITY_RECOGNITION in package com.google.android.gms
08-27 09:10:40.826  1566  1594 W PackageManager: Unknown permission android.permission.MANAGE_SUBSCRIPTION_PLANS in package com.google.android.gms
08-27 09:10:40.826  1566  1594 W PackageManager: Unknown permission android.permission.READ_DEVICE_CONFIG in package com.google.android.gms
08-27 09:10:40.826  1566  1594 W PackageManager: Unknown permission android.permission.WRITE_DEVICE_CONFIG in package com.google.android.gms
08-27 09:10:40.826  1566  1594 W PackageManager: Unknown permission com.google.android.setupwizard.SETUP_COMPAT_SERVICE in package com.google.android.gms
08-27 09:10:40.826  1566  1594 W PackageManager: Unknown permission com.google.android.gms.game.notifications.permission.WRITE in package com.google.android.gms
08-27 09:10:40.826  1566  1594 W PackageManager: Unknown permission android.permission.RESET_PASSWORD in package com.google.android.gms
08-27 09:10:40.826  1566  1594 W PackageManager: Unknown permission android.permission.LOCK_DEVICE in package com.google.android.gms
08-27 09:10:40.826  1566  1594 W PackageManager: Unknown permission android.permission.CONTROL_KEYGUARD_SECURE_NOTIFICATIONS in package com.google.android.gms
08-27 09:10:41.074  1566  1585 E NetdConnector: NDC event {613 IfaceClass active 1 306493558677554 10016} took too long: 637ms
08-27 09:10:41.098  1566  1581 I ActivityManager: Start proc 27036:com.google.android.gms/u0a16 for broadcast com.google.android.gms/.statementservice.IntentFilterVerificationReceiver caller=android
08-27 09:10:41.385  1566  1594 I ActivityManager: Force stopping com.google.android.gms appid=10016 user=0: pkg removed
08-27 09:10:41.385  1566  1594 I ActivityManager: Killing 27036:com.google.android.gms/u0a16 (adj 0): stop com.google.android.gms: pkg removed
08-27 09:11:14.038  1566  1584 E BatteryStatsService: no controller energy info supplied
08-27 09:11:14.051  1566  1581 I ActivityManager: Start proc 27065:com.mi.android.globalFileexplorer/u0a69 for service com.mi.android.globalFileexplorer/com.xiaomi.mipush.sdk.MessageHandleService caller=com.mi.android.globalFileexplorer
08-27 09:11:14.056  1566  1584 E BatteryStatsService: no controller energy info supplied
08-27 09:11:14.076  1566  1721 I MiuiCompatModePackages: package com.google.android.gms updated, removing config
08-27 09:11:14.112  1566  1581 I ActivityManager: Start proc 27083:com.google.android.gms.persistent/u0a16 for broadcast com.google.android.gms/.lockbox.LockboxAlarmReceiver caller=com.google.android.gms
08-27 09:11:14.133  1566  7989 I ActivityManager: Start proc 27096:com.android.keychain/1000 for broadcast com.android.keychain/.KeyChainBroadcastReceiver caller=null
08-27 09:11:14.280  1566  2943 I ActivityManager: Start proc 27125:com.android.settings/1000 for broadcast com.android.settings/.search.provider.UpdateReceiver caller=null
08-27 09:11:14.424  1566  2316 I ActivityManager: Start proc 27149:com.android.vending/u0a47 for broadcast com.android.vending/com.google.android.finsky.packagemanager.impl.PackageMonitorReceiverImpl$RegisteredReceiver caller=null
08-27 09:11:14.777  1566  2943 I ActivityManager: Start proc 27220:com.google.android.gms/u0a16 for service com.google.android.gms/.chimera.GmsIntentOperationService caller=com.google.android.gms
08-27 09:11:17.886  1566  2316 I ActivityManager: Process com.google.android.inputmethod.latin (pid 21454) has died: vis  SB
08-27 09:11:17.887  1566  1566 W InputMethodManagerService: Session failed to close due to remote exception
08-27 09:11:17.887  1566  1566 W InputMethodManagerService: android.os.DeadObjectException
08-27 09:11:17.887  1566  1566 W InputMethodManagerService: 	at android.os.BinderProxy.transactNative(Native Method)
08-27 09:11:17.887  1566  1566 W InputMethodManagerService: 	at android.os.BinderProxy.transact(Binder.java:622)
08-27 09:11:17.887  1566  1566 W InputMethodManagerService: 	at com.android.internal.view.IInputMethodSession$Stub$Proxy.finishSession(IInputMethodSession.java:305)
08-27 09:11:17.887  1566  1566 W InputMethodManagerService: 	at com.android.server.InputMethodManagerService.finishSessionLocked(InputMethodManagerService.java:1681)
08-27 09:11:17.887  1566  1566 W InputMethodManagerService: 	at com.android.server.InputMethodManagerService.clearClientSessionLocked(InputMethodManagerService.java:1672)
08-27 09:11:17.887  1566  1566 W InputMethodManagerService: 	at com.android.server.InputMethodManagerService.clearCurMethodLocked(InputMethodManagerService.java:1705)
08-27 09:11:17.887  1566  1566 W InputMethodManagerService: 	at com.android.server.InputMethodManagerService.onServiceDisconnected(InputMethodManagerService.java:1724)
08-27 09:11:17.887  1566  1566 W InputMethodManagerService: 	at android.app.LoadedApk$ServiceDispatcher.doDeath(LoadedApk.java:1477)
08-27 09:11:17.887  1566  1566 W InputMethodManagerService: 	at android.app.LoadedApk$ServiceDispatcher$RunConnection.run(LoadedApk.java:1491)
08-27 09:11:17.887  1566  1566 W InputMethodManagerService: 	at android.os.Handler.handleCallback(Handler.java:754)
08-27 09:11:17.887  1566  1566 W InputMethodManagerService: 	at android.os.Handler.dispatchMessage(Handler.java:95)
08-27 09:11:17.887  1566  1566 W InputMethodManagerService: 	at android.os.Looper.loop(Looper.java:163)
08-27 09:11:17.887  1566  1566 W InputMethodManagerService: 	at com.android.server.SystemServer.run(SystemServer.java:387)
08-27 09:11:17.887  1566  1566 W InputMethodManagerService: 	at com.android.server.SystemServer.main(SystemServer.java:245)
08-27 09:11:17.887  1566  1566 W InputMethodManagerService: 	at java.lang.reflect.Method.invoke(Native Method)
08-27 09:11:17.887  1566  1566 W InputMethodManagerService: 	at com.android.internal.os.ZygoteInit$MethodAndArgsCaller.run(ZygoteInit.java:904)
08-27 09:11:17.887  1566  1566 W InputMethodManagerService: 	at com.android.internal.os.ZygoteInit.main(ZygoteInit.java:794)
08-27 09:11:17.887  1566  2316 W ActivityManager: Scheduling restart of crashed service com.google.android.inputmethod.latin/com.android.inputmethod.latin.LatinIME in 1000ms
08-27 09:11:17.888  1566  1699 E ConnectivityService: RemoteException caught trying to send a callback msg for NetworkRequest [ TRACK_DEFAULT id=48, [ Capabilities: INTERNET&NOT_RESTRICTED&TRUSTED&NOT_VPN] ]
08-27 09:11:17.913  1566  2943 I ActivityManager: Process com.google.android.instantapps.supervisor (pid 26638) has died: cch+4CE
08-27 09:11:17.965  1566  3850 I ActivityManager: Start proc 27377:com.miui.audioeffect/u0a33 for broadcast com.miui.audioeffect/com.android.musicfx.Compatibility$Receiver caller=null
08-27 09:11:18.112  1566  3847 I ActivityManager: Start proc 27416:com.miui.micloudsync/u0a62 for broadcast com.miui.micloudsync/.push.MicloudPushServiceReceiver caller=null
08-27 09:11:18.403  1566  5438 I ActivityManager: Start proc 27445:com.miui.vsimcore/1001 for broadcast com.miui.vsimcore/.AppInstallReceiver caller=null
08-27 09:11:18.676  1566  2316 I ActivityManager: Start proc 27468:com.google.android.partnersetup/u0a20 for broadcast com.google.android.partnersetup/.RlzPingBroadcastReceiver caller=null
08-27 09:11:18.848  1566  2316 I ActivityManager: Start proc 27498:com.miui.global.packageinstaller/u0a67 for broadcast com.miui.global.packageinstaller/.AppInstalledReceiver caller=null
08-27 09:11:18.884  1566  3850 I ActivityManager: Killing 24229:com.google.android.configupdater/u0a9 (adj 906): empty #17
08-27 09:11:18.902  1566  1581 I ActivityManager: Start proc 27514:com.google.android.inputmethod.latin/u0a90 for service com.google.android.inputmethod.latin/com.android.inputmethod.latin.LatinIME caller=android
08-27 09:11:19.887  1566  2351 I ActivityManager: Killing 25874:com.android.vending:download_service/u0a47 (adj 906): empty #17
08-27 09:11:19.915  1566  1699 E ConnectivityService: RemoteException caught trying to send a callback msg for NetworkRequest [ TRACK_DEFAULT id=124, [ Capabilities: INTERNET&NOT_RESTRICTED&TRUSTED&NOT_VPN] ]
08-27 09:11:20.290  1566  3850 I ActivityManager: Start proc 27639:com.google.android.gms.ui/u0a16 for service com.google.android.gms/.chimera.UiIntentOperationService caller=com.google.android.gms
08-27 09:11:20.719  1566  3847 I ActivityManager: Start proc 27681:android.process.acore/u0a0 for content provider com.android.providers.contacts/.ContactsProvider2 caller=com.google.android.gms
08-27 09:11:21.855  1566  1681 W AppOps  : Noting op not finished: uid 10050 pkg com.google.android.googlequicksearchbox code 41 time=1566877281668 duration=-1
08-27 09:11:21.946  1566  1681 W PackageManager: resolve content provider: com.facebook.katana.provider.AttributionIdProvider disabled for user: 0
08-27 09:11:21.946 27065 27720 E ActivityThread: Failed to find provider info for com.facebook.katana.provider.AttributionIdProvider
08-27 09:11:22.254  1566  7994 I ActivityManager: Start proc 27806:com.android.chrome:webview_service/u0a82 for service com.android.chrome/org.chromium.android_webview.services.VariationsSeedServer caller=com.mi.android.globalFileexplorer
08-27 09:11:22.516  1566  2332 I ActivityManager: Killing 13543:android.process.media/u0a12 (adj 906): empty #17
08-27 09:11:22.895  1566  3849 I ActivityManager: Start proc 27864:com.google.android.gms.learning/u0a16 for service com.google.android.gms/.learning.training.background.TrainingGcmTaskService caller=com.google.android.gms
08-27 09:11:23.018  1566  2316 I ActivityManager: Start proc 27886:com.google.android.gms.feedback/u0a16 for service com.google.android.gms/.feedback.OfflineReportSendTaskService caller=com.google.android.gms
08-27 09:11:23.247  1566  7994 W ActivityManager: Unable to start service Intent { act=com.google.android.gms.gcm.SERVICE_ACTION_INITIALIZE cmp=com.google.android.gms/.nearby.sharing.SharingSyncService } U=0: not found
08-27 09:11:23.283  1566  3850 I ActivityManager: Killing 26555:com.android.vending:instant_app_installer/u0a47 (adj 906): empty #17
08-27 09:11:23.966  1566  1577 I ActivityManager: Killing 26954:com.google.android.apps.tachyon/u0a86 (adj 906): empty #17
08-27 09:11:24.313  1566  2351 I ActivityManager: Killing 26531:com.android.defcontainer/u0a8 (adj 906): empty #17
08-27 09:11:26.617  1566  2316 I ActivityManager: Start proc 28037:android.process.media/u0a12 for content provider com.android.providers.downloads/.DownloadProvider caller=com.google.android.gms
08-27 09:11:28.688  1566  7994 I ActivityManager: Start proc 28109:com.google.android.gms.unstable/u0a16 for service com.google.android.gms/.droidguard.DroidGuardService caller=com.google.android.gms
08-27 09:11:29.229  1566  2351 I ActivityManager: Start proc 28159:com.android.vending:instant_app_installer/u0a47 for broadcast com.android.vending/com.google.android.finsky.instantapps.dna.ArchiveDownloadBroadcastReceiver caller=com.android.providers.downloads
08-27 09:11:29.596  1566  1576 I ActivityManager: Killing 27096:com.android.keychain/1000 (adj 906): empty #17
08-27 09:11:30.773  1566  1576 I ActivityManager: Start proc 28228:com.android.vending:download_service/u0a47 for service com.android.vending/com.google.android.finsky.downloadservice.DownloadService caller=com.android.vending
08-27 09:11:30.969  1566  1576 I ActivityManager: Killing 27125:com.android.settings/1000 (adj 906): empty #17
08-27 09:11:31.706  1566  7994 I ActivityManager: Killing 27468:com.google.android.partnersetup/u0a20 (adj 906): empty #17
08-27 09:11:32.036  1566  1581 I ActivityManager: Start proc 28260:com.google.android.configupdater/u0a9 for broadcast com.google.android.configupdater/.CertPin.CertPinUpdateRequestReceiver caller=com.google.android.gsf
08-27 09:11:32.238  1566  3854 I ActivityManager: Killing 27498:com.miui.global.packageinstaller/u0a67 (adj 906): empty #17
08-27 09:11:32.481  1566  7991 I ActivityManager: Start proc 28313:com.google.android.partnersetup/u0a20 for broadcast com.google.android.partnersetup/.RlzPingBroadcastReceiver caller=com.google.android.gsf
08-27 09:11:32.712  1566  7991 W BroadcastQueue: Permission Denial: broadcasting Intent { act=com.google.android.checkin.CHECKIN_COMPLETE flg=0x11 (has extras) } from com.google.android.gms (pid=27220, uid=10016) is not exported from uid 10047 due to receiver com.android.vending/com.google.android.finsky.checkin.CheckinReceiver
08-27 09:11:32.712  1566  7991 W BroadcastQueue: Skipping deliver ordered [bg_sys] BroadcastRecord{e5c02db u0 com.google.android.checkin.CHECKIN_COMPLETE} to null: skipped for the target user
08-27 09:11:33.094  1566  3852 I ActivityManager: Killing 27416:com.miui.micloudsync/u0a62 (adj 906): empty #17
08-27 09:11:35.528  1566  1882 I ActivityManager: Killing 25519:com.xiaomi.providers.appindex/u0a52 (adj 906): empty #17
08-27 09:11:35.910  1566  1594 I ActivityManager: Start proc 28371:com.android.defcontainer/u0a8 for service com.android.defcontainer/.DefaultContainerService caller=android
08-27 09:11:38.055  1566  1581 I ActivityManager: Force stopping com.google.android.instantapps.supervisor appid=10154 user=-1: installPackageLI
08-27 09:11:38.057  1566  1581 I ActivityManager:   Force stopping service ServiceRecord{2d38f6 u0 com.google.android.instantapps.supervisor/.ExperimentUpdateService}
08-27 09:11:38.057  1566  1581 I ActivityManager:   Force stopping service ServiceRecord{ee064f7 u0 com.google.android.instantapps.supervisor/.logging.LogFlushTaskService}
08-27 09:11:38.057  1566  1581 I ActivityManager:   Force stopping service ServiceRecord{2586f64 u0 com.google.android.instantapps.supervisor/.InstantAppsSharedPreferencesService}
08-27 09:11:38.221  1566  7991 I ActivityManager: Killing 25666:com.google.android.apps.photos/u0a121 (adj 906): empty #17
08-27 09:11:38.391  1566  1594 I PackageManager: Package com.google.android.instantapps.supervisor codePath changed from /data/app/com.google.android.instantapps.supervisor-2 to /data/app/com.google.android.instantapps.supervisor-1; Retaining data and using new
08-27 09:11:38.392  1566  1594 W PackageManager: Code path for com.google.android.instantapps.supervisor changing from /data/app/com.google.android.instantapps.supervisor-2 to /data/app/com.google.android.instantapps.supervisor-1
08-27 09:11:38.392  1566  1594 W PackageManager: Resource path for com.google.android.instantapps.supervisor changing from /data/app/com.google.android.instantapps.supervisor-2 to /data/app/com.google.android.instantapps.supervisor-1
08-27 09:11:38.900  1566  3136 I ActivityManager: Killing 27377:com.miui.audioeffect/u0a33 (adj 906): empty #17
08-27 09:11:39.102  1566  1594 I ActivityManager: Force stopping com.google.android.instantapps.supervisor appid=10154 user=0: pkg removed
08-27 09:11:39.102  1566  1594 I AutoStartManagerService: MIUILOG- Reject RestartService packageName :com.google.android.instantapps.supervisor uid : 10154
08-27 09:11:39.122  1566  1721 I MiuiCompatModePackages: package com.google.android.instantapps.supervisor updated, removing config
08-27 09:11:39.180  1566  2916 I ActivityManager: Start proc 28420:com.android.keychain/1000 for broadcast com.android.keychain/.KeyChainBroadcastReceiver caller=null
08-27 09:11:39.184  1566  1581 W BroadcastQueueInjector: Unable to launch app com.google.android.instantapps.supervisor/10154 for broadcast Intent { act=android.intent.action.MY_PACKAGE_REPLACED flg=0x4000010 pkg=com.google.android.instantapps.supervisor (has extras) }: process is not permitted to  auto start
08-27 09:11:39.308  1566  3851 I ActivityManager: Start proc 28439:com.android.settings/1000 for broadcast com.android.settings/.search.provider.UpdateReceiver caller=null
08-27 09:11:39.325  1566  3851 I ActivityManager: Killing 27445:com.miui.vsimcore/1001 (adj 906): empty #17
08-27 09:11:39.518  1566  3851 I ActivityManager: Start proc 28467:com.miui.audioeffect/u0a33 for broadcast com.miui.audioeffect/com.android.musicfx.Compatibility$Receiver caller=null
08-27 09:11:39.611  1566  3851 I ActivityManager: Start proc 28489:com.miui.micloudsync/u0a62 for broadcast com.miui.micloudsync/.push.MicloudPushServiceReceiver caller=null
08-27 09:11:39.615  1566  3851 I ActivityManager: Killing 27639:com.google.android.gms.ui/u0a16 (adj 906): empty #17
08-27 09:11:39.790  1566  5718 I ActivityManager: Start proc 28507:com.miui.vsimcore/1001 for broadcast com.miui.vsimcore/.AppInstallReceiver caller=null
08-27 09:11:39.796  1566  2916 I ActivityManager: Killing 27806:com.android.chrome:webview_service/u0a82 (adj 906): empty #17
08-27 09:11:39.877  1566  2916 I ActivityManager: Killing 27864:com.google.android.gms.learning/u0a16 (adj 906): empty #17
08-27 09:11:39.896  1566  5718 I ActivityManager: Start proc 28525:com.xiaomi.providers.appindex/u0a52 for broadcast com.xiaomi.providers.appindex/.PackageChangeReceiver caller=null
08-27 09:11:39.994  1566  2943 I ActivityManager: Killing 27886:com.google.android.gms.feedback/u0a16 (adj 906): empty #17
08-27 09:11:40.153  1566  3851 I ActivityManager: Start proc 28551:com.miui.global.packageinstaller/u0a67 for broadcast com.miui.global.packageinstaller/.AppInstalledReceiver caller=null
08-27 09:11:40.368  1566  5592 I ActivityManager: Killing 28159:com.android.vending:instant_app_installer/u0a47 (adj 906): empty #17
08-27 09:11:40.425  1566  2103 I ActivityManager: Start proc 28590:com.google.android.apps.photos/u0a121 for broadcast com.google.android.apps.photos/.account.full.FetchAccountPropertiesAppUpgradeBroadcastReceiver caller=null
08-27 09:11:40.780  1566  2943 W ActivityManager: Background start not allowed: service Intent { act=com.google.android.gms.gcm.SERVICE_ACTION_INITIALIZE cmp=com.google.android.instantapps.supervisor/.hygiene.HygieneTaskService } to com.google.android.instantapps.supervisor/.hygiene.HygieneTaskService from pid=27083 uid=10016 pkg=com.google.android.gms
08-27 09:11:40.782  1566  2943 W ActivityManager: Background start not allowed: service Intent { act=com.google.android.gms.gcm.SERVICE_ACTION_INITIALIZE cmp=com.google.android.instantapps.supervisor/.logging.LogFlushTaskService } to com.google.android.instantapps.supervisor/.logging.LogFlushTaskService from pid=27083 uid=10016 pkg=com.google.android.gms
08-27 09:11:44.435  1566  1829 I ActivityManager: Killing 28228:com.android.vending:download_service/u0a47 (adj 906): empty #17
08-27 09:11:44.474  1566  1699 E ConnectivityService: RemoteException caught trying to send a callback msg for NetworkRequest [ TRACK_DEFAULT id=132, [ Capabilities: INTERNET&NOT_RESTRICTED&TRUSTED&NOT_VPN] ]
08-27 09:11:52.485  1566  2103 I ActivityManager: Killing 28260:com.google.android.configupdater/u0a9 (adj 906): empty #17
08-27 09:11:56.740  1566  1576 I ActivityManager: Killing 27681:android.process.acore/u0a0 (adj 906): empty #17
08-27 09:11:56.741  1566  1576 I ActivityManager: Killing 28037:android.process.media/u0a12 (adj 906): empty #18
08-27 09:12:26.887  1566  1581 I ActivityManager: Killing 28109:com.google.android.gms.unstable/u0a16 (adj 906): empty #17
08-27 09:13:25.013  1566  1584 E BatteryStatsService: no controller energy info supplied
08-27 09:13:25.096  1566  1584 E BatteryStatsService: no controller energy info supplied
08-27 09:13:25.112  1566  1584 E BatteryStatsService: no controller energy info supplied
08-27 09:13:25.184  1566  1584 E BatteryStatsService: no controller energy info supplied
08-27 09:13:25.191  1566  1581 W BroadcastQueue: Skipping deliver ordered [bg_sys] BroadcastRecord{368e863 u-1 android.net.conn.CONNECTIVITY_CHANGE} to null: skipped for the target user
08-27 09:13:25.208  1566  1581 W BroadcastQueue: Skipping deliver ordered [background] BroadcastRecord{a0b4c60 u-1 android.net.conn.CONNECTIVITY_CHANGE} to null: skipped for the target user
08-27 09:13:25.208  1566  1581 W BroadcastQueue: Skipping deliver ordered [bg_sys] BroadcastRecord{368e863 u-1 android.net.conn.CONNECTIVITY_CHANGE} to null: skipped for the target user
08-27 09:13:25.208  1566  1581 W BroadcastQueue: Skipping deliver ordered [background] BroadcastRecord{a0b4c60 u-1 android.net.conn.CONNECTIVITY_CHANGE} to null: skipped for the target user
08-27 09:13:25.209  1566  1581 W BroadcastQueue: Skipping deliver ordered [bg_sys] BroadcastRecord{368e863 u-1 android.net.conn.CONNECTIVITY_CHANGE} to null: skipped for the target user
08-27 09:13:25.209  1566  1581 W BroadcastQueue: Skipping deliver ordered [background] BroadcastRecord{a0b4c60 u-1 android.net.conn.CONNECTIVITY_CHANGE} to null: skipped for the target user
08-27 09:13:25.209  1566  1581 W BroadcastQueue: Skipping deliver ordered [bg_sys] BroadcastRecord{368e863 u-1 android.net.conn.CONNECTIVITY_CHANGE} to null: skipped for the target user
08-27 09:13:25.209  1566  1581 W BroadcastQueue: Skipping deliver ordered [background] BroadcastRecord{a0b4c60 u-1 android.net.conn.CONNECTIVITY_CHANGE} to null: skipped for the target user
08-27 09:13:25.209  1566  1581 W BroadcastQueue: Skipping deliver ordered [bg_sys] BroadcastRecord{368e863 u-1 android.net.conn.CONNECTIVITY_CHANGE} to null: skipped for the target user
08-27 09:13:25.209  1566  1581 W BroadcastQueue: Skipping deliver ordered [background] BroadcastRecord{a0b4c60 u-1 android.net.conn.CONNECTIVITY_CHANGE} to null: skipped for the target user
08-27 09:13:25.209  1566  1581 W BroadcastQueue: Skipping deliver ordered [bg_sys] BroadcastRecord{368e863 u-1 android.net.conn.CONNECTIVITY_CHANGE} to null: skipped for the target user
08-27 09:13:25.210  1566  1581 W BroadcastQueue: Skipping deliver ordered [bg_sys] BroadcastRecord{368e863 u-1 android.net.conn.CONNECTIVITY_CHANGE} to null: skipped for the target user
08-27 09:13:25.211  1566  1581 W BroadcastQueue: Skipping deliver ordered [bg_sys] BroadcastRecord{368e863 u-1 android.net.conn.CONNECTIVITY_CHANGE} to null: skipped for the target user
08-27 09:13:25.211  1566  1581 W BroadcastQueue: Skipping deliver ordered [bg_sys] BroadcastRecord{368e863 u-1 android.net.conn.CONNECTIVITY_CHANGE} to null: skipped for the target user
08-27 09:13:25.216  1566  2129 W BroadcastQueue: Skipping deliver ordered [bg_sys] BroadcastRecord{368e863 u-1 android.net.conn.CONNECTIVITY_CHANGE} to null: skipped for the target user
08-27 09:13:25.218  1566  1581 W BroadcastQueue: Skipping deliver ordered [bg_sys] BroadcastRecord{368e863 u-1 android.net.conn.CONNECTIVITY_CHANGE} to null: skipped for the target user
08-27 09:13:25.218  1566  1581 W BroadcastQueue: Skipping deliver ordered [bg_sys] BroadcastRecord{368e863 u-1 android.net.conn.CONNECTIVITY_CHANGE} to null: skipped for the target user
08-27 09:13:25.218  1566  1581 W BroadcastQueue: Skipping deliver ordered [bg_sys] BroadcastRecord{368e863 u-1 android.net.conn.CONNECTIVITY_CHANGE} to null: skipped for the target user
08-27 09:13:25.218  1566  1581 W BroadcastQueue: Skipping deliver ordered [bg_sys] BroadcastRecord{368e863 u-1 android.net.conn.CONNECTIVITY_CHANGE} to null: skipped for the target user
08-27 09:13:25.218  1566  1581 W BroadcastQueue: Skipping deliver ordered [bg_sys] BroadcastRecord{368e863 u-1 android.net.conn.CONNECTIVITY_CHANGE} to null: skipped for the target user
08-27 09:13:25.219  1566  1581 W BroadcastQueueInjector: Unable to launch app com.xiaomi.payment/10098 for broadcast Intent { act=android.net.conn.CONNECTIVITY_CHANGE flg=0x4000011 (has extras) }: process is not permitted to  system app CONNECTIVITY_CHANGE
08-27 09:13:25.219  1566  1581 W BroadcastQueue: Skipping deliver ordered [bg_sys] BroadcastRecord{368e863 u-1 android.net.conn.CONNECTIVITY_CHANGE} to null: skipped for the target user
08-27 09:13:25.220  1566  1581 W BroadcastQueueInjector: Unable to launch app com.android.updater/9802 for broadcast Intent { act=android.net.conn.CONNECTIVITY_CHANGE flg=0x4000011 (has extras) }: process is not permitted to  system app CONNECTIVITY_CHANGE
08-27 09:13:25.220  1566  1581 W BroadcastQueue: Skipping deliver ordered [bg_sys] BroadcastRecord{368e863 u-1 android.net.conn.CONNECTIVITY_CHANGE} to null: skipped for the target user
08-27 09:13:25.220  1566  1581 W BroadcastQueue: Skipping deliver ordered [bg_sys] BroadcastRecord{368e863 u-1 android.net.conn.CONNECTIVITY_CHANGE} to null: skipped for the target user
08-27 09:13:25.220  1566  1581 W BroadcastQueue: Skipping deliver ordered [bg_sys] BroadcastRecord{368e863 u-1 android.net.conn.CONNECTIVITY_CHANGE} to null: skipped for the target user
08-27 09:13:25.224  1566  2129 W BroadcastQueue: Skipping deliver ordered [bg_sys] BroadcastRecord{368e863 u-1 android.net.conn.CONNECTIVITY_CHANGE} to null: skipped for the target user
08-27 09:13:25.226  1566  1581 W BroadcastQueue: Skipping deliver ordered [bg_sys] BroadcastRecord{368e863 u-1 android.net.conn.CONNECTIVITY_CHANGE} to null: skipped for the target user
08-27 09:13:25.229  1566  5718 W BroadcastQueue: Skipping deliver ordered [bg_sys] BroadcastRecord{368e863 u-1 android.net.conn.CONNECTIVITY_CHANGE} to null: skipped for the target user
08-27 09:13:25.231  1566  1581 W BroadcastQueue: Skipping deliver ordered [bg_sys] BroadcastRecord{368e863 u-1 android.net.conn.CONNECTIVITY_CHANGE} to null: skipped for the target user
08-27 09:16:50.704  1566  1581 I ActivityManager: Start proc 28789:com.google.android.apps.maps/u0a116 for broadcast com.google.android.apps.maps/com.google.android.apps.gmm.transit.TransitStationService caller=com.google.android.apps.maps
08-27 09:19:01.931  1566  5718 I ActivityManager: Start proc 28870:android.process.acore/u0a0 for content provider com.android.providers.contacts/.ContactsProvider2 caller=com.google.android.gms
08-27 09:29:08.554  1566  1721 I ActivityManager: Start proc 28946:com.android.vending:instant_app_installer/u0a47 for service com.android.vending/com.google.android.finsky.instantapps.metrics.LogFlushJob caller=android
08-27 09:29:09.317  1566  2103 I ActivityManager: Killing 28371:com.android.defcontainer/u0a8 (adj 906): empty #17
08-27 09:42:43.016  1566  1681 I ActivityManager: Start proc 29069:com.google.android.configupdater/u0a9 for broadcast com.google.android.configupdater/.SmsShortCodes.SmsShortCodesUpdateRequestReceiver caller=com.google.android.configupdater
08-27 09:42:43.121  1566  1681 I ActivityManager: Start proc 29093:android.process.media/u0a12 for content provider com.android.providers.downloads/.DownloadProvider caller=com.google.android.configupdater
08-27 09:43:44.608  1566  5718 I ActivityManager: Killing 28420:com.android.keychain/1000 (adj 906): empty #17
08-27 09:44:45.105  1566  1581 I ActivityManager: Killing 28313:com.google.android.partnersetup/u0a20 (adj 906): empty #17
08-27 09:45:47.011  1566  1580 I UsageStatsHourlyHelper: User[0] Rolling over hourly usage stats
08-27 09:45:47.012  1566  1580 I UsageStatsHourlyHelper: User[0] Rollover hours scheduled @ 2019-08-27 10:45:47(1566882947011)
08-27 09:45:47.012  1566  1580 I UsageStatsHourlyHelper: User[0] Rolling over usage hourly stats complete. Took 2 milliseconds
08-27 09:53:06.793  1566  5718 I ActivityManager: Start proc 29156:com.android.providers.calendar/u0a3 for content provider com.android.providers.calendar/.CalendarProvider2 caller=com.google.android.googlequicksearchbox
08-27 10:06:22.136  1566  1581 I ActivityManager: Killing 28551:com.miui.global.packageinstaller/u0a67 (adj 906): empty #17
08-27 10:06:22.944  1566  5262 I ActivityManager: Killing 28489:com.miui.micloudsync/u0a62 (adj 906): empty #17
08-27 10:10:26.143  1566  2103 W AppOps  : Noting op not finished: uid 10016 pkg com.google.android.gms code 41 time=1566877279398 duration=-1
08-27 10:10:49.703  1566  1584 E BatteryStatsService: no controller energy info supplied
08-27 10:10:49.704  1566  1584 E BatteryStatsService: no controller energy info supplied
08-27 11:07:20.112  1566  1580 I UsageStatsHourlyHelper: User[0] Rolling over hourly usage stats
08-27 11:07:20.128  1566  1580 I UsageStatsHourlyHelper: User[0] Rollover hours scheduled @ 2019-08-27 12:07:20(1566887840102)
08-27 11:07:20.128  1566  1580 I UsageStatsHourlyHelper: User[0] Rolling over usage hourly stats complete. Took 16 milliseconds
08-27 12:33:24.667  1566  1580 I UsageStatsHourlyHelper: User[0] Rolling over hourly usage stats
08-27 12:33:24.668  1566  1580 I UsageStatsHourlyHelper: User[0] Rollover hours scheduled @ 2019-08-27 13:33:24(1566893004667)
08-27 12:33:24.669  1566  1580 I UsageStatsHourlyHelper: User[0] Rolling over usage hourly stats complete. Took 1 milliseconds
08-27 13:01:01.587  1566  1721 I AutoStartManagerService: MIUILOG- Reject service :Intent { cmp=com.miui.android.fashiongallery/glance._internal.sdk.commons.job.GlanceJobService } userId : 0 uid : 10177
08-27 13:01:01.592  1566  1721 I JobServiceContext: MIUILOG- Reject Start Job, cancelJob uid : 10177 jobId :41653491
08-27 13:15:52.146  1566  1584 E BatteryStatsService: no controller energy info supplied
08-27 13:15:52.153  1566  1584 E BatteryStatsService: no controller energy info supplied
08-27 13:35:50.803  1566  1580 I UsageStatsHourlyHelper: User[0] Rolling over hourly usage stats
08-27 13:35:50.804  1566  1580 I UsageStatsHourlyHelper: User[0] Rollover hours scheduled @ 2019-08-27 14:35:50(1566896750803)
08-27 13:35:50.804  1566  1580 I UsageStatsHourlyHelper: User[0] Rolling over usage hourly stats complete. Took 2 milliseconds
08-27 15:03:35.857  1566  1580 I UsageStatsHourlyHelper: User[0] Rolling over hourly usage stats
08-27 15:03:35.858  1566  1580 I UsageStatsHourlyHelper: User[0] Rollover hours scheduled @ 2019-08-27 16:03:35(1566902015857)
08-27 15:03:35.858  1566  1580 I UsageStatsHourlyHelper: User[0] Rolling over usage hourly stats complete. Took 2 milliseconds
08-27 16:08:54.515  1566  1679 W BaseMiuiPhoneWindowManager: keyCode:23 down:true eventTime:24550398 downTime:24550398 policyFlags:2000000 flags:8 deviceId:8 isScreenOn:false keyguardActive:true repeatCount:0
08-27 16:08:54.515  1566  1679 I PowerManagerService: Waking up from sleep (uid=1000 reason=miui.policy:FINGERPRINT_DPAD_CENTER)...
08-27 16:08:54.515  1566  1679 I PowerManagerService: waking up from opPackageName = android opUid = 1000
08-27 16:08:54.517  1566  1566 I WindowManager: Started waking up...
08-27 16:08:54.537  1566  1749 I LocalDisplayAdapter: setDisplayState(id=0, state=ON)
08-27 16:08:54.537  1566  1587 I DisplayManagerService: Display device changed state: "Built-in Screen", ON
08-27 16:08:54.546  1566  1590 I DisplayPowerController: Blocking screen on until initial contents have been drawn.
08-27 16:08:54.547  1566  1590 I WindowManager: Screen turning on...
08-27 16:08:54.555  1566  1580 I UsageStatsHourlyHelper: User[0] Rolling over hourly usage stats
08-27 16:08:54.557  1566  1580 I UsageStatsHourlyHelper: User[0] Rollover hours scheduled @ 2019-08-27 17:08:54(1566905934554)
08-27 16:08:54.557  1566  1580 I UsageStatsHourlyHelper: User[0] Rolling over usage hourly stats complete. Took 2 milliseconds
08-27 16:08:54.581  1566  5592 I WindowManager: mKeyguardDelegate.ShowListener.onDrawn.
08-27 16:08:54.582  1566  1582 W WindowManager: Setting mKeyguardDrawComplete
08-27 16:08:54.582  1566  1582 I WindowManager: All windows ready for display!
08-27 16:08:54.582  1566  1582 W WindowManager: Setting mWindowManagerDrawComplete
08-27 16:08:54.586  1566  1582 I WindowManager: finishScreenTurningOn: mAwake=true, mScreenOnEarly=true, mScreenOnFully=false, mKeyguardDrawComplete=true, mWindowManagerDrawComplete=true
08-27 16:08:54.586  1566  1582 I WindowManager: Finished screen turning on...
08-27 16:08:54.586  1566  1590 I DisplayPowerController: Unblocked screen on after 40 ms
08-27 16:08:54.587  1566  1590 I VrManagerService: VR mode is allowed
08-27 16:08:54.592  1566  1679 W BaseMiuiPhoneWindowManager: keyCode:23 down:false eventTime:24550475 downTime:24550398 policyFlags:22000000 flags:8 deviceId:8 isScreenOn:true keyguardActive:true repeatCount:0
08-27 16:08:54.597  1566  1566 I WindowManager: Finished waking up...
08-27 16:08:54.942  1566  1581 I ActivityManager: Start proc 29493:com.facebook.system/u0a48 for broadcast com.facebook.system/com.facebook.oxygen.installer.storage.PeriodicCleanupReceiver caller=com.facebook.appmanager
08-27 16:08:55.132  1566  1681 I ActivityManager: Start proc 29514:com.facebook.services/u0a49 for content provider com.facebook.services/com.facebook.oxygen.services.configuration.ServicesConfigProvider caller=com.facebook.appmanager
08-27 16:09:01.854  1566  1679 W BaseMiuiPhoneWindowManager: keyCode:26 down:true eventTime:24557736 downTime:24557736 policyFlags:22000000 flags:8 deviceId:4 isScreenOn:true keyguardActive:true repeatCount:0
08-27 16:09:02.018  1566  1679 W BaseMiuiPhoneWindowManager: keyCode:26 down:false eventTime:24557900 downTime:24557736 policyFlags:22000000 flags:8 deviceId:4 isScreenOn:true keyguardActive:true repeatCount:0
08-27 16:09:02.019  1566  1679 I PowerManagerService: Going to sleep due to power button (uid 1000)...
08-27 16:09:02.023  1566  1566 I WindowManager: Started going to sleep... (why=2)
08-27 16:09:02.383  1566  1749 I LocalDisplayAdapter: setDisplayState(id=0, state=OFF)
08-27 16:09:02.384  1566  1587 I DisplayManagerService: Display device changed state: "Built-in Screen", OFF
08-27 16:09:02.409  1566  1590 I WindowManager: Screen turned off...
08-27 16:09:02.410  1566  1590 I VrManagerService: VR mode is disallowed
08-27 16:09:02.411  1566  1590 W WakePathChecker: MIUILOG-AutoStart, BindService Reject userId= 0 caller= android callee= com.android.camera classname=com.android.camera.EmptyService action=miui.action.CAMERA_EMPTY_SERVICE wakeType=8
08-27 16:09:02.599  1566  1590 I DreamManagerService: Entering dreamland.
08-27 16:09:02.603  1566  1585 I DreamController: Starting dream: name=ComponentInfo{com.android.systemui/com.android.keyguard.doze.DozeService}, isTest=false, canDoze=true, userId=0
08-27 16:09:02.608  1566  1590 I PowerManagerService: Dozing...
08-27 16:09:02.610  1804  1804 W DreamService[DozeService]: Finish was called before the dream was attached.
08-27 16:09:02.615  1804  1804 W DreamService[DozeService]: attach() called after dream already finished
08-27 16:09:02.616  1566  3846 I DreamManagerService: Leaving dreamland.
08-27 16:09:02.616  1566  1585 I DreamController: Stopping dream: name=ComponentInfo{com.android.systemui/com.android.keyguard.doze.DozeService}, isTest=false, canDoze=true, userId=0
08-27 16:09:02.620  1566  1590 I PowerManagerService: Sleeping (uid 1000)...
08-27 16:09:02.622  1566  1566 I WindowManager: Finished going to sleep... (why=2)
08-27 16:09:02.771  1566  5718 I ActivityManager: Start proc 29579:com.miui.msa.global:ui/u0a85 for service com.miui.msa.global/com.xiaomi.ad.internal.splash.uiprocess.SplashUIService caller=com.miui.msa.global
08-27 16:09:03.018  1566  1679 W BaseMiuiPhoneWindowManager: keyCode:26 down:true eventTime:24558900 downTime:24558900 policyFlags:2000000 flags:8 deviceId:4 isScreenOn:false keyguardActive:true repeatCount:0
08-27 16:09:03.046  1566  1679 I PowerManagerService: Waking up from sleep (uid=1000 reason=android.policy:POWER)...
08-27 16:09:03.047  1566  1679 I PowerManagerService: waking up from opPackageName = android opUid = 1000
08-27 16:09:03.048  1566  1566 I WindowManager: Started waking up...
08-27 16:09:03.051  1566  1749 I LocalDisplayAdapter: setDisplayState(id=0, state=ON)
08-27 16:09:03.051  1566  1587 I DisplayManagerService: Display device changed state: "Built-in Screen", ON
08-27 16:09:03.080  1566  1590 I DisplayPowerController: Blocking screen on until initial contents have been drawn.
08-27 16:09:03.080  1566  1590 I WindowManager: Screen turning on...
08-27 16:09:03.115  1566  1829 I WindowManager: mKeyguardDelegate.ShowListener.onDrawn.
08-27 16:09:03.115  1566  1582 W WindowManager: Setting mKeyguardDrawComplete
08-27 16:09:03.115  1566  1582 I WindowManager: All windows ready for display!
08-27 16:09:03.115  1566  1582 W WindowManager: Setting mWindowManagerDrawComplete
08-27 16:09:03.116  1566  1582 I WindowManager: finishScreenTurningOn: mAwake=true, mScreenOnEarly=true, mScreenOnFully=false, mKeyguardDrawComplete=true, mWindowManagerDrawComplete=true
08-27 16:09:03.116  1566  1582 I WindowManager: Finished screen turning on...
08-27 16:09:03.116  1566  1590 I DisplayPowerController: Unblocked screen on after 36 ms
08-27 16:09:03.118  1566  1590 I VrManagerService: VR mode is allowed
08-27 16:09:03.118  1566  1566 I WindowManager: Finished waking up...
08-27 16:09:03.253  1566  1679 W BaseMiuiPhoneWindowManager: keyCode:26 down:false eventTime:24559136 downTime:24558900 policyFlags:22000000 flags:8 deviceId:4 isScreenOn:true keyguardActive:true repeatCount:0
08-27 16:09:07.975  1566  1580 I UsageStatsService: User[0] Flushing usage stats to disk
08-27 16:09:08.179  2841  2860 W MiuiPerfServiceClient: interceptAndQueuing:1804|com.android.systemui|206|145|unknown|null|StatusBar|24559250843755|Slow issue draw commands|5
08-27 16:09:08.727  1566  1829 I ActivityManager: Start proc 29620:com.miui.android.fashiongallery/u0a177 for content provider com.miui.android.fashiongallery/.LockScreenMagazineProvider caller=com.miui.home
08-27 16:09:08.833  1566  2916 I ActivityManager: Setting hasTopUi=false for pid=1804
08-27 16:09:10.070  1566  1829 I ActivityManager: Start proc 29695:com.android.thememanager/9801 for content provider com.android.thememanager/.service.ThemeRuntimeDataProvider caller=com.miui.home
08-27 16:09:10.225  2841  2860 W MiuiPerfServiceClient: interceptAndQueuing:1804|com.android.systemui|362|197|unknown|null|StatusBar|24564767860992|Slow main thread|4
08-27 16:09:10.231  1566  1679 W BaseMiuiPhoneWindowManager: keyCode:26 down:true eventTime:24566114 downTime:24566114 policyFlags:22000000 flags:8 deviceId:4 isScreenOn:true keyguardActive:false repeatCount:0
08-27 16:09:10.408  1566  1679 W BaseMiuiPhoneWindowManager: keyCode:26 down:false eventTime:24566291 downTime:24566114 policyFlags:22000000 flags:8 deviceId:4 isScreenOn:true keyguardActive:false repeatCount:0
08-27 16:09:10.408  1566  1679 I PowerManagerService: Going to sleep due to power button (uid 1000)...
08-27 16:09:10.410  1566  1566 I WindowManager: Started going to sleep... (why=2)
08-27 16:09:10.735  1566  1749 I LocalDisplayAdapter: setDisplayState(id=0, state=OFF)
08-27 16:09:10.735  1566  1587 I DisplayManagerService: Display device changed state: "Built-in Screen", OFF
08-27 16:09:10.749  1566  1590 I WindowManager: Screen turned off...
08-27 16:09:10.752  1566  1581 I VrManagerService: VR mode is disallowed
08-27 16:09:10.757  1566  1590 W WakePathChecker: MIUILOG-AutoStart, BindService Reject userId= 0 caller= android callee= com.android.camera classname=com.android.camera.EmptyService action=miui.action.CAMERA_EMPTY_SERVICE wakeType=8
08-27 16:09:10.936  1566  1590 I DreamManagerService: Entering dreamland.
08-27 16:09:10.937  1566  1590 I PowerManagerService: Dozing...
08-27 16:09:10.937  1566  1585 I DreamController: Starting dream: name=ComponentInfo{com.android.systemui/com.android.keyguard.doze.DozeService}, isTest=false, canDoze=true, userId=0
08-27 16:09:10.942  1804  1804 W DreamService[DozeService]: Finish was called before the dream was attached.
08-27 16:09:10.945  1804  1804 W DreamService[DozeService]: attach() called after dream already finished
08-27 16:09:10.946  1566  5718 I DreamManagerService: Leaving dreamland.
08-27 16:09:10.946  1566  1585 I DreamController: Stopping dream: name=ComponentInfo{com.android.systemui/com.android.keyguard.doze.DozeService}, isTest=false, canDoze=true, userId=0
08-27 16:09:10.955  1566  1590 I PowerManagerService: Sleeping (uid 1000)...
08-27 16:09:10.956  1566  1566 I WindowManager: Finished going to sleep... (why=2)
08-27 16:09:11.020  1566  2916 I ActivityManager: Setting hasTopUi=true for pid=1804
08-27 16:09:14.035  1566  5718 W PackageManager: resolve content provider: com.facebook.katana.provider.AttributionIdProvider disabled for user: 0
08-27 16:09:14.035 29695 29792 E ActivityThread: Failed to find provider info for com.facebook.katana.provider.AttributionIdProvider
08-27 16:09:14.634  1566  1679 W BaseMiuiPhoneWindowManager: keyCode:26 down:true eventTime:24570125 downTime:24570125 policyFlags:2000000 flags:8 deviceId:4 isScreenOn:false keyguardActive:true repeatCount:0
08-27 16:09:14.643  1566  1679 I PowerManagerService: Waking up from sleep (uid=1000 reason=android.policy:POWER)...
08-27 16:09:14.643  1566  1679 I PowerManagerService: waking up from opPackageName = android opUid = 1000
08-27 16:09:14.645  1566  1566 I WindowManager: Started waking up...
08-27 16:09:14.647  1566  1749 I LocalDisplayAdapter: setDisplayState(id=0, state=ON)
08-27 16:09:14.647  1566  1587 I DisplayManagerService: Display device changed state: "Built-in Screen", ON
08-27 16:09:14.662  1566  1590 I DisplayPowerController: Blocking screen on until initial contents have been drawn.
08-27 16:09:14.662  1566  1590 I WindowManager: Screen turning on...
08-27 16:09:14.690  1566  1681 I WindowManager: mKeyguardDelegate.ShowListener.onDrawn.
08-27 16:09:14.702  1566  3136 I ActivityManager: Start proc 29807:com.android.chrome:webview_service/u0a82 for service com.android.chrome/org.chromium.android_webview.services.VariationsSeedServer caller=com.android.thememanager
08-27 16:09:14.709  1566  1582 W WindowManager: Setting mKeyguardDrawComplete
08-27 16:09:14.710  1566  1582 I WindowManager: All windows ready for display!
08-27 16:09:14.710  1566  1582 W WindowManager: Setting mWindowManagerDrawComplete
08-27 16:09:14.715  1566  1582 I WindowManager: finishScreenTurningOn: mAwake=true, mScreenOnEarly=true, mScreenOnFully=false, mKeyguardDrawComplete=true, mWindowManagerDrawComplete=true
08-27 16:09:14.715  1566  1582 I WindowManager: Finished screen turning on...
08-27 16:09:14.716  1566  1590 I DisplayPowerController: Unblocked screen on after 53 ms
08-27 16:09:14.717  1566  1566 I WindowManager: Finished waking up...
08-27 16:09:14.806  1566  1679 W BaseMiuiPhoneWindowManager: keyCode:26 down:false eventTime:24570321 downTime:24570125 policyFlags:22000000 flags:8 deviceId:4 isScreenOn:true keyguardActive:true repeatCount:0
08-27 16:09:15.585  1566  1679 W BaseMiuiPhoneWindowManager: keyCode:23 down:true eventTime:24571100 downTime:24571100 policyFlags:22000000 flags:8 deviceId:8 isScreenOn:true keyguardActive:true repeatCount:0
08-27 16:09:15.632  1566  1679 W BaseMiuiPhoneWindowManager: keyCode:23 down:false eventTime:24571146 downTime:24571100 policyFlags:22000000 flags:8 deviceId:8 isScreenOn:true keyguardActive:true repeatCount:0
08-27 16:09:16.070  1566  5262 I ActivityManager: Killing 28467:com.miui.audioeffect/u0a33 (adj 906): empty #17
08-27 16:09:16.071  1566  5262 I ActivityManager: Killing 28525:com.xiaomi.providers.appindex/u0a52 (adj 906): empty #18
08-27 16:09:16.083  1566  1581 I VrManagerService: VR mode is allowed
08-27 16:09:16.227  1566  5234 I ActivityManager: Setting hasTopUi=false for pid=1804
08-27 16:09:17.343  1566  5718 I ActivityManager: Setting hasTopUi=true for pid=1804
08-27 16:09:18.522  2841  2860 W MiuiPerfServiceClient: interceptAndQueuing:1804|com.android.systemui|289|98|unknown|null|StatusBar|24573158173072|Slow handle traversal|9
08-27 16:09:20.131  1566  2103 I ActivityManager: START u0 {act=android.settings.SETTINGS flg=0x14000000 cmp=com.android.settings/.MiuiSettings} from uid 1000 on display 0
08-27 16:09:20.173  1566  2103 E ActivityManager: applyOptionsLocked: Unknown animationType=0
08-27 16:09:20.784  1566  2103 I ActivityManager: Setting hasTopUi=false for pid=1804
08-27 16:09:21.824  1566  5234 I ActivityManager: START u0 {act=android.intent.action.MAIN cmp=com.android.settings/.SubSettings (has extras)} from uid 1000 on display 0
08-27 16:09:24.214  1566  3136 I ActivityManager: START u0 {act=android.intent.action.MAIN cmp=com.android.settings/.SubSettings (has extras)} from uid 1000 on display 0
08-27 16:09:25.281  1566  1587 I WindowManager: input method visible height changed 498
08-27 16:09:25.334  1566  3136 I WindowManager: input method visible height changed 0
08-27 16:09:25.573  1566  3136 I ActivityManager: Start proc 29921:com.google.android.inputmethod.latin:train/u0a90 for service com.google.android.inputmethod.latin/com.google.android.apps.inputmethod.libs.dvrnn.trainingservice.DvrnnTrainingRpcService caller=com.google.android.inputmethod.latin
08-27 16:09:26.906  1566  2103 I ActivityManager: START u0 {act=android.intent.action.MAIN cmp=com.android.settings/.SubSettings (has extras)} from uid 1000 on display 0
08-27 16:09:27.195  1566  1587 I WindowManager: input method visible height changed 498
08-27 16:09:28.088  1566  2103 I WindowManager: input method visible height changed 0
08-27 16:09:44.293  1566  2103 I ActivityManager: START u0 {act=android.intent.action.MAIN cat=[android.intent.category.HOME] flg=0x10200000 cmp=com.miui.home/.launcher.Launcher} from uid 1000 on display 0
08-27 16:09:44.308  1566  2103 I ActivityManager: Killing 26906:com.xiaomi.discover/u0a108 (adj 906): empty #17
08-27 16:09:44.310  1566  2103 I ActivityManager: Killing 28507:com.miui.vsimcore/1001 (adj 906): empty #18
08-27 16:09:45.594  1566  5718 I ActivityManager: Start proc 29973:com.mi.android.globalpersonalassistant/1000 for service com.mi.android.globalpersonalassistant/.services.TransmissionService caller=com.miui.home
08-27 16:09:45.641  1566  5718 I ActivityManager: Killing 28590:com.google.android.apps.photos/u0a121 (adj 906): empty #17
08-27 16:09:47.342  2841  2860 W MiuiPerfServiceClient: interceptAndQueuing:19816|com.miui.home|606|251|unknown|null|com.miui.home/com.miui.home.launcher.Launcher|24602313280405|Slow handle traversal|10
08-27 16:09:48.448  1566  1679 W BaseMiuiPhoneWindowManager: keyCode:26 down:true eventTime:24603963 downTime:24603963 policyFlags:22000000 flags:8 deviceId:4 isScreenOn:true keyguardActive:false repeatCount:0
08-27 16:09:48.614  1566  1679 W BaseMiuiPhoneWindowManager: keyCode:26 down:false eventTime:24604129 downTime:24603963 policyFlags:22000000 flags:8 deviceId:4 isScreenOn:true keyguardActive:false repeatCount:0
08-27 16:09:48.615  1566  1679 I PowerManagerService: Going to sleep due to power button (uid 1000)...
08-27 16:09:48.617  1566  1566 I WindowManager: Started going to sleep... (why=2)
08-27 16:09:48.939  1566  1749 I LocalDisplayAdapter: setDisplayState(id=0, state=OFF)
08-27 16:09:48.940  1566  1587 I DisplayManagerService: Display device changed state: "Built-in Screen", OFF
08-27 16:09:48.970  1566  1590 I WindowManager: Screen turned off...
08-27 16:09:48.972  1566  1581 I VrManagerService: VR mode is disallowed
08-27 16:09:49.016  1566  1590 W WakePathChecker: MIUILOG-AutoStart, BindService Reject userId= 0 caller= android callee= com.android.camera classname=com.android.camera.EmptyService action=miui.action.CAMERA_EMPTY_SERVICE wakeType=8
08-27 16:09:49.162  1566  1590 I DreamManagerService: Entering dreamland.
08-27 16:09:49.163  1566  1590 I PowerManagerService: Dozing...
08-27 16:09:49.164  1566  1585 I DreamController: Starting dream: name=ComponentInfo{com.android.systemui/com.android.keyguard.doze.DozeService}, isTest=false, canDoze=true, userId=0
