08-27 16:55:12.299  1566  1679 W BaseMiuiPhoneWindowManager: keyCode:26 down:true eventTime:24757275 downTime:24757275 policyFlags:22000000 flags:8 deviceId:4 isScreenOn:true keyguardActive:true repeatCount:0
08-27 16:55:12.445  1566  1679 W BaseMiuiPhoneWindowManager: keyCode:26 down:false eventTime:24757421 downTime:24757275 policyFlags:22000000 flags:8 deviceId:4 isScreenOn:true keyguardActive:true repeatCount:0
08-27 16:55:12.446  1566  1679 I PowerManagerService: Going to sleep due to power button (uid 1000)...
08-27 16:55:12.450  1566  1566 I WindowManager: Started going to sleep... (why=2)
08-27 16:55:12.777  1566  1749 I LocalDisplayAdapter: setDisplayState(id=0, state=OFF)
08-27 16:55:12.778  1566  1587 I DisplayManagerService: Display device changed state: "Built-in Screen", OFF
08-27 16:55:12.806  1566  1590 I WindowManager: Screen turned off...
08-27 16:55:12.984  1566  1590 I DreamManagerService: Entering dreamland.
08-27 16:55:12.986  1566  1590 I PowerManagerService: Dozing...
08-27 16:55:12.987  1566  1585 I DreamController: Starting dream: name=ComponentInfo{com.android.systemui/com.android.keyguard.doze.DozeService}, isTest=false, canDoze=true, userId=0
08-27 16:55:12.994  1804  1804 W DreamService[DozeService]: Finish was called before the dream was attached.
08-27 16:55:12.999  1804  1804 W DreamService[DozeService]: attach() called after dream already finished
08-27 16:55:12.999  1566  5262 I DreamManagerService: Leaving dreamland.
08-27 16:55:13.000  1566  1585 I DreamController: Stopping dream: name=ComponentInfo{com.android.systemui/com.android.keyguard.doze.DozeService}, isTest=false, canDoze=true, userId=0
08-27 16:55:13.000  1566  1590 I PowerManagerService: Sleeping (uid 1000)...
08-27 16:55:13.002  1566  1566 I WindowManager: Finished going to sleep... (why=2)
08-27 17:07:24.189  1566  1679 W BaseMiuiPhoneWindowManager: keyCode:26 down:true eventTime:24763812 downTime:24763812 policyFlags:2000000 flags:8 deviceId:4 isScreenOn:false keyguardActive:true repeatCount:0
08-27 17:07:24.203  1566  1679 I PowerManagerService: Waking up from sleep (uid=1000 reason=android.policy:POWER)...
08-27 17:07:24.203  1566  1679 I PowerManagerService: waking up from opPackageName = android opUid = 1000
08-27 17:07:24.204  1566  1566 I WindowManager: Started waking up...
08-27 17:07:24.205  1566  1749 I LocalDisplayAdapter: setDisplayState(id=0, state=ON)
08-27 17:07:24.206  1566  1587 I DisplayManagerService: Display device changed state: "Built-in Screen", ON
08-27 17:07:24.237  1566  1590 I DisplayPowerController: Blocking screen on until initial contents have been drawn.
08-27 17:07:24.237  1566  1590 I WindowManager: Screen turning on...
08-27 17:07:24.256  1566  1679 W BaseMiuiPhoneWindowManager: keyCode:26 down:false eventTime:24763915 downTime:24763812 policyFlags:22000000 flags:8 deviceId:4 isScreenOn:true keyguardActive:true repeatCount:0
08-27 17:07:24.279  1566  5262 I WindowManager: mKeyguardDelegate.ShowListener.onDrawn.
08-27 17:07:24.279  1566  1582 W WindowManager: Setting mKeyguardDrawComplete
08-27 17:07:24.280  1566  1582 I WindowManager: All windows ready for display!
08-27 17:07:24.280  1566  1582 W WindowManager: Setting mWindowManagerDrawComplete
08-27 17:07:24.282  1566  1582 I WindowManager: finishScreenTurningOn: mAwake=true, mScreenOnEarly=true, mScreenOnFully=false, mKeyguardDrawComplete=true, mWindowManagerDrawComplete=true
08-27 17:07:24.282  1566  1582 I WindowManager: Finished screen turning on...
08-27 17:07:24.283  1566  1590 I DisplayPowerController: Unblocked screen on after 45 ms
08-27 17:07:24.285  1566  1566 I WindowManager: Finished waking up...
08-27 17:07:26.085  2841   841 W MiuiPerfServiceClient: interceptAndQueuing:1804|com.android.systemui|292|169|unknown|null|StatusBar|24764255606281|Slow issue draw commands|8
08-27 17:07:49.364  1566  1590 I PowerManagerService: Going to sleep due to screen timeout (uid 1000)...
08-27 17:07:49.366  1566  1566 I WindowManager: Started going to sleep... (why=3)
08-27 17:07:49.721  1566  1749 I LocalDisplayAdapter: setDisplayState(id=0, state=OFF)
08-27 17:07:49.722  1566  1587 I DisplayManagerService: Display device changed state: "Built-in Screen", OFF
08-27 17:07:49.759  1566  1590 I WindowManager: Screen turned off...
08-27 17:07:49.942  1566  1590 I DreamManagerService: Entering dreamland.
08-27 17:07:49.943  1566  1590 I PowerManagerService: Dozing...
08-27 17:07:49.944  1566  1585 I DreamController: Starting dream: name=ComponentInfo{com.android.systemui/com.android.keyguard.doze.DozeService}, isTest=false, canDoze=true, userId=0
08-27 17:07:49.952  1804  1804 W DreamService[DozeService]: Finish was called before the dream was attached.
08-27 17:07:49.957  1804  1804 W DreamService[DozeService]: attach() called after dream already finished
08-27 17:07:49.958  1566  3854 I DreamManagerService: Leaving dreamland.
08-27 17:07:49.958  1566  1585 I DreamController: Stopping dream: name=ComponentInfo{com.android.systemui/com.android.keyguard.doze.DozeService}, isTest=false, canDoze=true, userId=0
08-27 17:07:49.960  1566  1590 I PowerManagerService: Sleeping (uid 1000)...
08-27 17:07:49.965  1566  1566 I WindowManager: Finished going to sleep... (why=3)
08-27 17:09:26.657  1566  1580 I UsageStatsHourlyHelper: User[0] Rolling over hourly usage stats
08-27 17:09:26.657  1566  1580 I UsageStatsHourlyHelper: User[0] Flushing usage hourly stats to disk
08-27 17:09:26.665  1566  1580 I UsageStatsHourlyHelper: User[0] Rollover hours scheduled @ 2019-08-27 18:09:26(1566909566658)
08-27 17:09:26.666  1566  1580 I UsageStatsHourlyHelper: User[0] Rolling over usage hourly stats complete. Took 8 milliseconds
08-27 17:18:59.485  1566  1679 W BaseMiuiPhoneWindowManager: keyCode:26 down:true eventTime:24798192 downTime:24798192 policyFlags:2000000 flags:8 deviceId:4 isScreenOn:false keyguardActive:true repeatCount:0
08-27 17:18:59.496  1566  1679 I PowerManagerService: Waking up from sleep (uid=1000 reason=android.policy:POWER)...
08-27 17:18:59.496  1566  1679 I PowerManagerService: waking up from opPackageName = android opUid = 1000
08-27 17:18:59.498  1566  1749 I LocalDisplayAdapter: setDisplayState(id=0, state=ON)
08-27 17:18:59.499  1566  1587 I DisplayManagerService: Display device changed state: "Built-in Screen", ON
08-27 17:18:59.501  1566  1566 I WindowManager: Started waking up...
08-27 17:18:59.525  1566  1590 I DisplayPowerController: Blocking screen on until initial contents have been drawn.
08-27 17:18:59.525  1566  1590 I WindowManager: Screen turning on...
08-27 17:18:59.537  1566  2351 I WindowManager: mKeyguardDelegate.ShowListener.onDrawn.
08-27 17:18:59.537  1566  1582 W WindowManager: Setting mKeyguardDrawComplete
08-27 17:18:59.537  1566  1582 I WindowManager: All windows ready for display!
08-27 17:18:59.537  1566  1582 W WindowManager: Setting mWindowManagerDrawComplete
08-27 17:18:59.551  1566  1582 I WindowManager: finishScreenTurningOn: mAwake=true, mScreenOnEarly=true, mScreenOnFully=false, mKeyguardDrawComplete=true, mWindowManagerDrawComplete=true
08-27 17:18:59.551  1566  1582 I WindowManager: Finished screen turning on...
08-27 17:18:59.554  1566  1590 I DisplayPowerController: Unblocked screen on after 29 ms
08-27 17:18:59.558  1566  1566 I WindowManager: Finished waking up...
08-27 17:18:59.605  1566  1679 W BaseMiuiPhoneWindowManager: keyCode:26 down:false eventTime:24798346 downTime:24798192 policyFlags:22000000 flags:8 deviceId:4 isScreenOn:true keyguardActive:true repeatCount:0
08-27 17:19:09.452  1566  1590 I PowerManagerService: Going to sleep due to screen timeout (uid 1000)...
08-27 17:19:09.454  1566  1566 I WindowManager: Started going to sleep... (why=3)
08-27 17:19:09.808  1566  1749 I LocalDisplayAdapter: setDisplayState(id=0, state=OFF)
08-27 17:19:09.809  1566  1587 I DisplayManagerService: Display device changed state: "Built-in Screen", OFF
08-27 17:19:09.835  1566  1590 I WindowManager: Screen turned off...
08-27 17:19:10.041  1566  1590 I DreamManagerService: Entering dreamland.
08-27 17:19:10.042  1566  1590 I PowerManagerService: Dozing...
08-27 17:19:10.043  1566  1585 I DreamController: Starting dream: name=ComponentInfo{com.android.systemui/com.android.keyguard.doze.DozeService}, isTest=false, canDoze=true, userId=0
08-27 17:19:10.052  1804  1804 W DreamService[DozeService]: Finish was called before the dream was attached.
08-27 17:19:10.057  1804  1804 W DreamService[DozeService]: attach() called after dream already finished
08-27 17:19:10.058  1566  5262 I DreamManagerService: Leaving dreamland.
08-27 17:19:10.059  1566  1585 I DreamController: Stopping dream: name=ComponentInfo{com.android.systemui/com.android.keyguard.doze.DozeService}, isTest=false, canDoze=true, userId=0
08-27 17:19:10.060  1566  1590 I PowerManagerService: Sleeping (uid 1000)...
08-27 17:19:10.065  1566  1566 I WindowManager: Finished going to sleep... (why=3)
08-27 17:22:32.129  1566  1679 W BaseMiuiPhoneWindowManager: keyCode:26 down:true eventTime:24809525 downTime:24809525 policyFlags:2000000 flags:8 deviceId:4 isScreenOn:false keyguardActive:true repeatCount:0
08-27 17:22:32.141  1566  1679 I PowerManagerService: Waking up from sleep (uid=1000 reason=android.policy:POWER)...
08-27 17:22:32.141  1566  1679 I PowerManagerService: waking up from opPackageName = android opUid = 1000
08-27 17:22:32.143  1566  1566 I WindowManager: Started waking up...
08-27 17:22:32.162  1566  1590 I DisplayPowerController: Blocking screen on until initial contents have been drawn.
08-27 17:22:32.162  1566  1590 I WindowManager: Screen turning on...
08-27 17:22:32.162  1566  1749 I LocalDisplayAdapter: setDisplayState(id=0, state=ON)
08-27 17:22:32.163  1566  1587 I DisplayManagerService: Display device changed state: "Built-in Screen", ON
08-27 17:22:32.185  1566  5234 I WindowManager: mKeyguardDelegate.ShowListener.onDrawn.
08-27 17:22:32.209  1566  1582 W WindowManager: Setting mKeyguardDrawComplete
08-27 17:22:32.209  1566  1582 I WindowManager: All windows ready for display!
08-27 17:22:32.209  1566  1582 W WindowManager: Setting mWindowManagerDrawComplete
08-27 17:22:32.212  1566  1582 I WindowManager: finishScreenTurningOn: mAwake=true, mScreenOnEarly=true, mScreenOnFully=false, mKeyguardDrawComplete=true, mWindowManagerDrawComplete=true
08-27 17:22:32.212  1566  1582 I WindowManager: Finished screen turning on...
08-27 17:22:32.212  1566  1590 I DisplayPowerController: Unblocked screen on after 50 ms
08-27 17:22:32.213  1566  1566 I WindowManager: Finished waking up...
08-27 17:22:32.238  1566  1679 W BaseMiuiPhoneWindowManager: keyCode:26 down:false eventTime:24809660 downTime:24809525 policyFlags:22000000 flags:8 deviceId:4 isScreenOn:true keyguardActive:true repeatCount:0
08-27 17:22:42.851  1566  1590 I PowerManagerService: Going to sleep due to screen timeout (uid 1000)...
08-27 17:22:42.852  1566  1566 I WindowManager: Started going to sleep... (why=3)
08-27 17:22:43.186  1566  1749 I LocalDisplayAdapter: setDisplayState(id=0, state=OFF)
08-27 17:22:43.186  1566  1587 I DisplayManagerService: Display device changed state: "Built-in Screen", OFF
08-27 17:22:43.218  1566  1590 I WindowManager: Screen turned off...
08-27 17:22:43.392  1566  1590 I DreamManagerService: Entering dreamland.
08-27 17:22:43.393  1566  1585 I DreamController: Starting dream: name=ComponentInfo{com.android.systemui/com.android.keyguard.doze.DozeService}, isTest=false, canDoze=true, userId=0
08-27 17:22:43.394  1566  1590 I PowerManagerService: Dozing...
08-27 17:22:43.402  1804  1804 W DreamService[DozeService]: Finish was called before the dream was attached.
08-27 17:22:43.407  1804  1804 W DreamService[DozeService]: attach() called after dream already finished
08-27 17:22:43.407  1566  2316 I DreamManagerService: Leaving dreamland.
08-27 17:22:43.408  1566  1585 I DreamController: Stopping dream: name=ComponentInfo{com.android.systemui/com.android.keyguard.doze.DozeService}, isTest=false, canDoze=true, userId=0
08-27 17:22:43.412  1566  1590 I PowerManagerService: Sleeping (uid 1000)...
08-27 17:22:43.416  1566  1566 I WindowManager: Finished going to sleep... (why=3)
08-27 17:24:19.626  1566  1584 E BatteryStatsService: no controller energy info supplied
08-27 17:24:19.627  1566  1584 E BatteryStatsService: no controller energy info supplied
08-27 17:41:53.232  1566  1679 W BaseMiuiPhoneWindowManager: keyCode:26 down:true eventTime:24833236 downTime:24833236 policyFlags:2000000 flags:8 deviceId:4 isScreenOn:false keyguardActive:true repeatCount:0
08-27 17:41:53.243  1566  1679 I PowerManagerService: Waking up from sleep (uid=1000 reason=android.policy:POWER)...
08-27 17:41:53.243  1566  1679 I PowerManagerService: waking up from opPackageName = android opUid = 1000
08-27 17:41:53.244  1566  1566 I WindowManager: Started waking up...
08-27 17:41:53.248  1566  1749 I LocalDisplayAdapter: setDisplayState(id=0, state=ON)
08-27 17:41:53.249  1566  1587 I DisplayManagerService: Display device changed state: "Built-in Screen", ON
08-27 17:41:53.282  1566  1590 I DisplayPowerController: Blocking screen on until initial contents have been drawn.
08-27 17:41:53.282  1566  1590 I WindowManager: Screen turning on...
08-27 17:41:53.320  1566  5234 I WindowManager: mKeyguardDelegate.ShowListener.onDrawn.
08-27 17:41:53.320  1566  1582 W WindowManager: Setting mKeyguardDrawComplete
08-27 17:41:53.320  1566  1582 I WindowManager: All windows ready for display!
08-27 17:41:53.320  1566  1582 W WindowManager: Setting mWindowManagerDrawComplete
08-27 17:41:53.323  1566  1582 I WindowManager: finishScreenTurningOn: mAwake=true, mScreenOnEarly=true, mScreenOnFully=false, mKeyguardDrawComplete=true, mWindowManagerDrawComplete=true
08-27 17:41:53.323  1566  1582 I WindowManager: Finished screen turning on...
08-27 17:41:53.324  1566  1590 I DisplayPowerController: Unblocked screen on after 42 ms
08-27 17:41:53.325  1566  1566 I WindowManager: Finished waking up...
08-27 17:41:53.525  1566  1679 W BaseMiuiPhoneWindowManager: keyCode:26 down:false eventTime:24833565 downTime:24833236 policyFlags:22000000 flags:8 deviceId:4 isScreenOn:true keyguardActive:true repeatCount:0
08-27 17:41:54.935  2841   841 W MiuiPerfServiceClient: interceptAndQueuing:1804|com.android.systemui|461|152|unknown|null|StatusBar|24833777546567|Slow issue draw commands|17
08-27 17:42:03.030  1566  1679 W BaseMiuiPhoneWindowManager: keyCode:26 down:true eventTime:24843070 downTime:24843070 policyFlags:22000000 flags:8 deviceId:4 isScreenOn:true keyguardActive:true repeatCount:0
08-27 17:42:03.216  1566  1679 W BaseMiuiPhoneWindowManager: keyCode:26 down:false eventTime:24843256 downTime:24843070 policyFlags:22000000 flags:8 deviceId:4 isScreenOn:true keyguardActive:true repeatCount:0
08-27 17:42:03.217  1566  1679 I PowerManagerService: Going to sleep due to power button (uid 1000)...
08-27 17:42:03.220  1566  1566 I WindowManager: Started going to sleep... (why=2)
08-27 17:42:03.567  1566  1749 I LocalDisplayAdapter: setDisplayState(id=0, state=OFF)
08-27 17:42:03.568  1566  1587 I DisplayManagerService: Display device changed state: "Built-in Screen", OFF
08-27 17:42:03.592  1566  1590 I WindowManager: Screen turned off...
08-27 17:42:03.770  1566  1590 I DreamManagerService: Entering dreamland.
08-27 17:42:03.770  1566  1590 I PowerManagerService: Dozing...
08-27 17:42:03.777  1566  1585 I DreamController: Starting dream: name=ComponentInfo{com.android.systemui/com.android.keyguard.doze.DozeService}, isTest=false, canDoze=true, userId=0
08-27 17:42:03.786  1804  1804 W DreamService[DozeService]: Finish was called before the dream was attached.
08-27 17:42:03.791  1804  1804 W DreamService[DozeService]: attach() called after dream already finished
08-27 17:42:03.792  1566  5234 I DreamManagerService: Leaving dreamland.
08-27 17:42:03.792  1566  1585 I DreamController: Stopping dream: name=ComponentInfo{com.android.systemui/com.android.keyguard.doze.DozeService}, isTest=false, canDoze=true, userId=0
08-27 17:42:03.792  1566  1590 I PowerManagerService: Sleeping (uid 1000)...
08-27 17:42:03.793  1566  1566 I WindowManager: Finished going to sleep... (why=2)
08-27 17:42:38.884  1566  1679 W BaseMiuiPhoneWindowManager: keyCode:26 down:true eventTime:24848928 downTime:24848928 policyFlags:2000000 flags:8 deviceId:4 isScreenOn:false keyguardActive:true repeatCount:0
08-27 17:42:38.914  1566  1679 I PowerManagerService: Waking up from sleep (uid=1000 reason=android.policy:POWER)...
08-27 17:42:38.914  1566  1679 I PowerManagerService: waking up from opPackageName = android opUid = 1000
08-27 17:42:38.916  1566  1566 I WindowManager: Started waking up...
08-27 17:42:38.919  1566  1749 I LocalDisplayAdapter: setDisplayState(id=0, state=ON)
08-27 17:42:38.919  1566  1587 I DisplayManagerService: Display device changed state: "Built-in Screen", ON
08-27 17:42:38.971  1566  1590 I DisplayPowerController: Blocking screen on until initial contents have been drawn.
08-27 17:42:38.971  1566  1590 I WindowManager: Screen turning on...
08-27 17:42:39.006  1566  5234 I WindowManager: mKeyguardDelegate.ShowListener.onDrawn.
08-27 17:42:39.006  1566  1582 W WindowManager: Setting mKeyguardDrawComplete
08-27 17:42:39.006  1566  1582 I WindowManager: All windows ready for display!
08-27 17:42:39.006  1566  1582 W WindowManager: Setting mWindowManagerDrawComplete
08-27 17:42:39.007  1566  1582 I WindowManager: finishScreenTurningOn: mAwake=true, mScreenOnEarly=true, mScreenOnFully=false, mKeyguardDrawComplete=true, mWindowManagerDrawComplete=true
08-27 17:42:39.007  1566  1582 I WindowManager: Finished screen turning on...
08-27 17:42:39.007  1566  1590 I DisplayPowerController: Unblocked screen on after 36 ms
08-27 17:42:39.009  1566  1566 I WindowManager: Finished waking up...
08-27 17:42:39.109  1566  1679 W BaseMiuiPhoneWindowManager: keyCode:26 down:false eventTime:24849154 downTime:24848928 policyFlags:22000000 flags:8 deviceId:4 isScreenOn:true keyguardActive:true repeatCount:0
08-27 17:42:40.278  1566  1679 W BaseMiuiPhoneWindowManager: keyCode:23 down:true eventTime:24850322 downTime:24850322 policyFlags:22000000 flags:8 deviceId:8 isScreenOn:true keyguardActive:true repeatCount:0
08-27 17:42:40.355  1566  1679 W BaseMiuiPhoneWindowManager: keyCode:23 down:false eventTime:24850399 downTime:24850322 policyFlags:22000000 flags:8 deviceId:8 isScreenOn:true keyguardActive:true repeatCount:0
08-27 17:42:41.354  2841   841 W MiuiPerfServiceClient: interceptAndQueuing:1804|com.android.systemui|795|147|unknown|null|StatusBar|24849789579737|Slow issue draw commands|37
08-27 17:42:59.191  1566  1590 I PowerManagerService: Going to sleep due to screen timeout (uid 1000)...
08-27 17:42:59.193  1566  1566 I WindowManager: Started going to sleep... (why=3)
08-27 17:42:59.543  1566  1749 I LocalDisplayAdapter: setDisplayState(id=0, state=OFF)
08-27 17:42:59.544  1566  1587 I DisplayManagerService: Display device changed state: "Built-in Screen", OFF
08-27 17:42:59.576  1566  1590 I WindowManager: Screen turned off...
08-27 17:42:59.749  1566  1590 I DreamManagerService: Entering dreamland.
08-27 17:42:59.749  1566  1590 I PowerManagerService: Dozing...
08-27 17:42:59.750  1566  1585 I DreamController: Starting dream: name=ComponentInfo{com.android.systemui/com.android.keyguard.doze.DozeService}, isTest=false, canDoze=true, userId=0
08-27 17:42:59.758  1804  1804 W DreamService[DozeService]: Finish was called before the dream was attached.
08-27 17:42:59.763  1804  1804 W DreamService[DozeService]: attach() called after dream already finished
08-27 17:42:59.764  1566  2316 I DreamManagerService: Leaving dreamland.
08-27 17:42:59.765  1566  1585 I DreamController: Stopping dream: name=ComponentInfo{com.android.systemui/com.android.keyguard.doze.DozeService}, isTest=false, canDoze=true, userId=0
08-27 17:42:59.767  1566  1590 I PowerManagerService: Sleeping (uid 1000)...
08-27 17:42:59.770  1566  1566 I WindowManager: Finished going to sleep... (why=3)
08-27 18:03:38.128  1566  1679 W BaseMiuiPhoneWindowManager: keyCode:26 down:true eventTime:24937206 downTime:24937206 policyFlags:2000000 flags:8 deviceId:4 isScreenOn:false keyguardActive:true repeatCount:0
08-27 18:03:38.144  1566  1679 I PowerManagerService: Waking up from sleep (uid=1000 reason=android.policy:POWER)...
08-27 18:03:38.144  1566  1679 I PowerManagerService: waking up from opPackageName = android opUid = 1000
08-27 18:03:38.145  1566  1566 I WindowManager: Started waking up...
08-27 18:03:38.147  1566  1749 I LocalDisplayAdapter: setDisplayState(id=0, state=ON)
08-27 18:03:38.149  1566  1587 I DisplayManagerService: Display device changed state: "Built-in Screen", ON
08-27 18:03:38.153  1566  1679 W BaseMiuiPhoneWindowManager: keyCode:26 down:false eventTime:24937231 downTime:24937206 policyFlags:22000000 flags:8 deviceId:4 isScreenOn:true keyguardActive:true repeatCount:0
08-27 18:03:38.180  1566  1590 I DisplayPowerController: Blocking screen on until initial contents have been drawn.
08-27 18:03:38.180  1566  1590 I WindowManager: Screen turning on...
08-27 18:03:38.225  1566  3854 I WindowManager: mKeyguardDelegate.ShowListener.onDrawn.
08-27 18:03:38.225  1566  1582 W WindowManager: Setting mKeyguardDrawComplete
08-27 18:03:38.225  1566  1582 I WindowManager: All windows ready for display!
08-27 18:03:38.225  1566  1582 W WindowManager: Setting mWindowManagerDrawComplete
08-27 18:03:38.228  1566  1582 I WindowManager: finishScreenTurningOn: mAwake=true, mScreenOnEarly=true, mScreenOnFully=false, mKeyguardDrawComplete=true, mWindowManagerDrawComplete=true
08-27 18:03:38.228  1566  1582 I WindowManager: Finished screen turning on...
08-27 18:03:38.228  1566  1590 I DisplayPowerController: Unblocked screen on after 47 ms
08-27 18:03:38.229  1566  1566 I WindowManager: Finished waking up...
08-27 18:03:38.825  2841   841 W MiuiPerfServiceClient: interceptAndQueuing:1804|com.android.systemui|418|166|unknown|null|StatusBar|24937745564444|Slow issue draw commands|16
08-27 18:03:49.532  1566  1590 I PowerManagerService: Going to sleep due to screen timeout (uid 1000)...
08-27 18:03:49.534  1566  1566 I WindowManager: Started going to sleep... (why=3)
08-27 18:03:49.883  1566  1749 I LocalDisplayAdapter: setDisplayState(id=0, state=OFF)
08-27 18:03:49.884  1566  1587 I DisplayManagerService: Display device changed state: "Built-in Screen", OFF
08-27 18:03:49.911  1566  1590 I WindowManager: Screen turned off...
08-27 18:03:50.079  1566  1590 I DreamManagerService: Entering dreamland.
08-27 18:03:50.080  1566  1590 I PowerManagerService: Dozing...
08-27 18:03:50.081  1566  1585 I DreamController: Starting dream: name=ComponentInfo{com.android.systemui/com.android.keyguard.doze.DozeService}, isTest=false, canDoze=true, userId=0
08-27 18:03:50.088  1804  1804 W DreamService[DozeService]: Finish was called before the dream was attached.
08-27 18:03:50.092  1804  1804 W DreamService[DozeService]: attach() called after dream already finished
08-27 18:03:50.093  1566  2316 I DreamManagerService: Leaving dreamland.
08-27 18:03:50.093  1566  1590 I PowerManagerService: Sleeping (uid 1000)...
08-27 18:03:50.093  1566  1585 I DreamController: Stopping dream: name=ComponentInfo{com.android.systemui/com.android.keyguard.doze.DozeService}, isTest=false, canDoze=true, userId=0
08-27 18:03:50.094  1566  1566 I WindowManager: Finished going to sleep... (why=3)
08-27 18:04:13.428  1566  1679 W BaseMiuiPhoneWindowManager: keyCode:23 down:true eventTime:24949881 downTime:24949881 policyFlags:2000000 flags:8 deviceId:8 isScreenOn:false keyguardActive:true repeatCount:0
08-27 18:04:13.428  1566  1679 I PowerManagerService: Waking up from sleep (uid=1000 reason=miui.policy:FINGERPRINT_DPAD_CENTER)...
08-27 18:04:13.428  1566  1679 I PowerManagerService: waking up from opPackageName = android opUid = 1000
08-27 18:04:13.429  1566  1566 I WindowManager: Started waking up...
08-27 18:04:13.430  1566  1749 I LocalDisplayAdapter: setDisplayState(id=0, state=ON)
08-27 18:04:13.433  1566  1587 I DisplayManagerService: Display device changed state: "Built-in Screen", ON
08-27 18:04:13.466  1566  1590 I DisplayPowerController: Blocking screen on until initial contents have been drawn.
08-27 18:04:13.466  1566  1590 I WindowManager: Screen turning on...
08-27 18:04:13.506  1566  2103 I WindowManager: mKeyguardDelegate.ShowListener.onDrawn.
08-27 18:04:13.507  1566  1582 W WindowManager: Setting mKeyguardDrawComplete
08-27 18:04:13.507  1566  1582 I WindowManager: All windows ready for display!
08-27 18:04:13.507  1566  1582 W WindowManager: Setting mWindowManagerDrawComplete
08-27 18:04:13.512  1566  1582 I WindowManager: finishScreenTurningOn: mAwake=true, mScreenOnEarly=true, mScreenOnFully=false, mKeyguardDrawComplete=true, mWindowManagerDrawComplete=true
08-27 18:04:13.512  1566  1582 I WindowManager: Finished screen turning on...
08-27 18:04:13.512  1566  1590 I DisplayPowerController: Unblocked screen on after 46 ms
08-27 18:04:13.513  1566  1566 I WindowManager: Finished waking up...
08-27 18:04:13.515  1566  1679 W BaseMiuiPhoneWindowManager: keyCode:23 down:false eventTime:24949969 downTime:24949881 policyFlags:22000000 flags:8 deviceId:8 isScreenOn:true keyguardActive:true repeatCount:0
08-27 18:04:13.698  1566  1679 W BaseMiuiPhoneWindowManager: keyCode:23 down:true eventTime:24950151 downTime:24950151 policyFlags:22000000 flags:8 deviceId:8 isScreenOn:true keyguardActive:true repeatCount:0
08-27 18:04:14.032  1566  1679 W BaseMiuiPhoneWindowManager: keyCode:23 down:false eventTime:24950486 downTime:24950151 policyFlags:22000000 flags:8 deviceId:8 isScreenOn:true keyguardActive:true repeatCount:0
08-27 18:04:14.092  1566  1566 I EntropyMixer: Writing entropy...
08-27 18:04:14.109  1804  1804 W PowerUI : unknown intent: Intent { act=android.intent.action.ACTION_POWER_CONNECTED flg=0x4000011 }
08-27 18:04:14.113  1566  1581 I ActivityManager: Start proc 30933:com.google.android.apps.photos/u0a121 for broadcast com.google.android.apps.photos/.scheduler.PowerReceiver caller=android
08-27 18:04:14.114  2841   841 W MiuiPerfServiceClient: interceptAndQueuing:1804|com.android.systemui|289|179|unknown|null|StatusBar|24950277740741|Slow issue draw commands|7
08-27 18:04:14.145  1566  1584 E BatteryStatsService: no controller energy info supplied
08-27 18:04:14.145  1566  1584 E BatteryStatsService: no controller energy info supplied
08-27 18:04:14.201  1566  1581 W ProcessCpuTracker: Skipping unknown process pid 30953
08-27 18:04:14.382  1566  5262 E BatteryStatsService: no controller energy info supplied
08-27 18:04:14.384  1566  5262 E BatteryStatsService: no controller energy info supplied
08-27 18:04:14.385  1566  2103 W ActivityManager: Background start not allowed: service Intent { act=com.google.android.gms.gcm.ACTION_TASK_READY cmp=in.swiggy.android/com.firebase.jobdispatcher.GooglePlayReceiver (has extras) } to in.swiggy.android/com.firebase.jobdispatcher.GooglePlayReceiver from pid=27083 uid=10016 pkg=com.google.android.gms
08-27 18:04:14.615  1566  5262 I ActivityManager: Start proc 30994:android.process.acore/u0a0 for content provider com.android.providers.contacts/.ContactsProvider2 caller=com.google.android.gms
08-27 18:04:14.677  1566  1679 W BaseMiuiPhoneWindowManager: keyCode:23 down:true eventTime:24951131 downTime:24951131 policyFlags:22000000 flags:8 deviceId:8 isScreenOn:true keyguardActive:true repeatCount:0
08-27 18:04:14.715  1566  1679 W BaseMiuiPhoneWindowManager: keyCode:23 down:false eventTime:24951169 downTime:24951131 policyFlags:22000000 flags:8 deviceId:8 isScreenOn:true keyguardActive:true repeatCount:0
08-27 18:04:15.285  1566  3136 E BatteryStatsService: no controller energy info supplied
08-27 18:04:15.285  1566  3136 E BatteryStatsService: no controller energy info supplied
08-27 18:04:17.298  1566  7989 E BatteryStatsService: no controller energy info supplied
08-27 18:04:17.298  1566  7989 E BatteryStatsService: no controller energy info supplied
08-27 18:04:17.485  2841   841 W MiuiPerfServiceClient: interceptAndQueuing:1804|com.android.systemui|170|102|unknown|null|StatusBar|24951478912147|Slow main thread|2
08-27 18:04:25.462  1566  1590 I PowerManagerService: Going to sleep due to screen timeout (uid 1000)...
08-27 18:04:25.464  1566  1566 I WindowManager: Started going to sleep... (why=3)
08-27 18:04:25.805  1566  1590 I WindowManager: Screen turned off...
08-27 18:04:25.806  1566  1749 I LocalDisplayAdapter: setDisplayState(id=0, state=OFF)
08-27 18:04:25.806  1566  1587 I DisplayManagerService: Display device changed state: "Built-in Screen", OFF
08-27 18:04:26.005  1566  1590 I DreamManagerService: Entering dreamland.
08-27 18:04:26.006  1566  1590 I PowerManagerService: Dozing...
08-27 18:04:26.009  1566  1585 I DreamController: Starting dream: name=ComponentInfo{com.android.systemui/com.android.keyguard.doze.DozeService}, isTest=false, canDoze=true, userId=0
08-27 18:04:26.019  1804  1804 W DreamService[DozeService]: Finish was called before the dream was attached.
08-27 18:04:26.024  1804  1804 W DreamService[DozeService]: attach() called after dream already finished
08-27 18:04:26.025  1566  3136 I DreamManagerService: Leaving dreamland.
08-27 18:04:26.025  1566  1590 I PowerManagerService: Sleeping (uid 1000)...
08-27 18:04:26.025  1566  1585 I DreamController: Stopping dream: name=ComponentInfo{com.android.systemui/com.android.keyguard.doze.DozeService}, isTest=false, canDoze=true, userId=0
08-27 18:04:26.029  1566  1566 I WindowManager: Finished going to sleep... (why=3)
08-27 18:04:26.587  1566  2916 E BatteryStatsService: no controller energy info supplied
08-27 18:04:26.588  1566  2916 E BatteryStatsService: no controller energy info supplied
08-27 18:05:41.921  1566  2916 E BatteryStatsService: no controller energy info supplied
08-27 18:05:41.923  1566  2916 E BatteryStatsService: no controller energy info supplied
08-27 18:06:27.737  1566  1584 E BatteryStatsService: no controller energy info supplied
08-27 18:06:27.740  1566  1584 E BatteryStatsService: no controller energy info supplied
08-27 18:06:27.792  1566  2916 E BatteryStatsService: no controller energy info supplied
08-27 18:06:27.792  1566  2916 E BatteryStatsService: no controller energy info supplied
08-27 18:06:27.842  1566  1721 I ActivityManager: Start proc 31092:com.google.android.apps.tachyon/u0a86 for service com.google.android.apps.tachyon/.jobs.NativeJobSchedulerJobService caller=android
08-27 18:06:27.848  1566  1581 I ProcessStatsService: Prepared write state in 5ms
08-27 18:06:28.244  1566  2316 E BatteryStatsService: no controller energy info supplied
08-27 18:06:28.244  1566  2316 E BatteryStatsService: no controller energy info supplied
08-27 18:06:28.306  1566  7989 I ActivityManager: Start proc 31160:com.google.android.gms:snet/u0a16 for service com.google.android.gms/.chimera.SnetIntentOperationService caller=com.google.android.gms
08-27 18:06:28.635  1566  2131 E BatteryStatsService: no controller energy info supplied
08-27 18:06:28.635  1566  2131 E BatteryStatsService: no controller energy info supplied
08-27 18:06:29.062  1566  2332 W ActivityManager: Background start not allowed: service Intent { act=com.google.android.gms.gcm.ACTION_TASK_READY cmp=in.swiggy.android/com.firebase.jobdispatcher.GooglePlayReceiver (has extras) } to in.swiggy.android/com.firebase.jobdispatcher.GooglePlayReceiver from pid=27083 uid=10016 pkg=com.google.android.gms
08-27 18:06:58.379  1566  3136 I ActivityManager: Killing 29069:com.google.android.configupdater/u0a9 (adj 906): empty #17
08-27 18:07:16.544  1566  2316 I ActivityManager: Killing 27149:com.android.vending/u0a47 (adj 906): empty #17
08-27 18:07:16.604  1566  1699 E ConnectivityService: RemoteException caught trying to send a callback msg for NetworkRequest [ LISTEN id=129, [ Capabilities: INTERNET&NOT_RESTRICTED&TRUSTED] ]
08-27 18:07:22.073  1566  2316 E BatteryStatsService: no controller energy info supplied
08-27 18:07:22.073  1566  2316 E BatteryStatsService: no controller energy info supplied
08-27 18:08:23.678  1566  1584 E BatteryStatsService: no controller energy info supplied
08-27 18:08:23.679  1566  1584 E BatteryStatsService: no controller energy info supplied
08-27 18:08:42.121  1566  2316 E BatteryStatsService: no controller energy info supplied
08-27 18:08:42.122  1566  2316 E BatteryStatsService: no controller energy info supplied
08-27 18:09:47.244  1566  3854 E BatteryStatsService: no controller energy info supplied
08-27 18:09:47.245  1566  3854 E BatteryStatsService: no controller energy info supplied
08-27 18:10:47.267  1566  2916 E BatteryStatsService: no controller energy info supplied
08-27 18:10:47.268  1566  2916 E BatteryStatsService: no controller energy info supplied
08-27 18:11:52.394  1566  2916 E BatteryStatsService: no controller energy info supplied
08-27 18:11:52.395  1566  2916 E BatteryStatsService: no controller energy info supplied
08-27 18:12:52.414  1566  3854 E BatteryStatsService: no controller energy info supplied
08-27 18:12:52.415  1566  3854 E BatteryStatsService: no controller energy info supplied
08-27 18:13:03.212  1566  2316 E BatteryStatsService: no controller energy info supplied
08-27 18:13:03.213  1566  2316 E BatteryStatsService: no controller energy info supplied
08-27 18:13:36.743  1566  1584 E BatteryStatsService: no controller energy info supplied
08-27 18:13:36.744  1566  1584 E BatteryStatsService: no controller energy info supplied
08-27 18:13:36.791  1566  2316 E BatteryStatsService: no controller energy info supplied
08-27 18:13:36.791  1566  2316 E BatteryStatsService: no controller energy info supplied
08-27 18:13:37.251  1566  2916 E BatteryStatsService: no controller energy info supplied
08-27 18:13:37.251  1566  2916 E BatteryStatsService: no controller energy info supplied
08-27 18:13:37.423  1566  2916 E BatteryStatsService: no controller energy info supplied
08-27 18:13:37.424  1566  2916 E BatteryStatsService: no controller energy info supplied
08-27 18:14:02.583  1566  2316 E BatteryStatsService: no controller energy info supplied
08-27 18:14:02.583  1566  2316 E BatteryStatsService: no controller energy info supplied
08-27 18:15:02.613  1566  2916 E BatteryStatsService: no controller energy info supplied
08-27 18:15:02.614  1566  2916 E BatteryStatsService: no controller energy info supplied
08-27 18:16:02.737  1566  2916 E BatteryStatsService: no controller energy info supplied
08-27 18:16:02.737  1566  2916 E BatteryStatsService: no controller energy info supplied
08-27 18:17:02.853  1566  3136 E BatteryStatsService: no controller energy info supplied
08-27 18:17:02.853  1566  3136 E BatteryStatsService: no controller energy info supplied
08-27 18:17:47.472  1566  1580 I UsageStatsService: User[0] Flushing usage stats to disk
08-27 18:18:02.875  1566  3854 E BatteryStatsService: no controller energy info supplied
08-27 18:18:02.875  1566  3854 E BatteryStatsService: no controller energy info supplied
08-27 18:18:05.861  1566  1584 E BatteryStatsService: no controller energy info supplied
08-27 18:18:05.862  1566  1584 E BatteryStatsService: no controller energy info supplied
08-27 18:18:05.912  1566  3854 E BatteryStatsService: no controller energy info supplied
08-27 18:18:05.913  1566  3854 E BatteryStatsService: no controller energy info supplied
08-27 18:18:06.381  1566  3854 E BatteryStatsService: no controller energy info supplied
08-27 18:18:06.381  1566  3854 E BatteryStatsService: no controller energy info supplied
08-27 18:18:06.610  1566  3854 E BatteryStatsService: no controller energy info supplied
08-27 18:18:06.610  1566  3854 E BatteryStatsService: no controller energy info supplied
08-27 18:18:15.690  1566  1679 W BaseMiuiPhoneWindowManager: keyCode:26 down:true eventTime:25792143 downTime:25792143 policyFlags:2000000 flags:8 deviceId:4 isScreenOn:false keyguardActive:true repeatCount:0
08-27 18:18:15.717  1566  1679 I PowerManagerService: Waking up from sleep (uid=1000 reason=android.policy:POWER)...
08-27 18:18:15.718  1566  1679 I PowerManagerService: waking up from opPackageName = android opUid = 1000
08-27 18:18:15.719  1566  1566 I WindowManager: Started waking up...
08-27 18:18:15.719  1566  1590 I DisplayPowerController: Blocking screen on until initial contents have been drawn.
08-27 18:18:15.719  1566  1590 I WindowManager: Screen turning on...
08-27 18:18:15.721  1566  1749 I LocalDisplayAdapter: setDisplayState(id=0, state=ON)
08-27 18:18:15.722  1566  1587 I DisplayManagerService: Display device changed state: "Built-in Screen", ON
08-27 18:18:15.772  1566  2332 I WindowManager: mKeyguardDelegate.ShowListener.onDrawn.
08-27 18:18:15.772  1566  1582 W WindowManager: Setting mKeyguardDrawComplete
08-27 18:18:15.772  1566  1582 I WindowManager: All windows ready for display!
08-27 18:18:15.774  1566  1582 W WindowManager: Setting mWindowManagerDrawComplete
08-27 18:18:15.785  1566  1582 I WindowManager: finishScreenTurningOn: mAwake=true, mScreenOnEarly=true, mScreenOnFully=false, mKeyguardDrawComplete=true, mWindowManagerDrawComplete=true
08-27 18:18:15.785  1566  1582 I WindowManager: Finished screen turning on...
08-27 18:18:15.786  1566  1590 I DisplayPowerController: Unblocked screen on after 66 ms
08-27 18:18:15.787  1566  1566 I WindowManager: Finished waking up...
08-27 18:18:15.851  1566  1679 W BaseMiuiPhoneWindowManager: keyCode:26 down:false eventTime:25792305 downTime:25792143 policyFlags:22000000 flags:8 deviceId:4 isScreenOn:true keyguardActive:true repeatCount:0
08-27 18:18:15.997  1566  2316 I ActivityManager: Killing 29493:com.facebook.system/u0a48 (adj 906): empty #17
08-27 18:18:16.244  1566  7989 E BatteryStatsService: no controller energy info supplied
08-27 18:18:16.244  1566  7989 E BatteryStatsService: no controller energy info supplied
08-27 18:18:25.690  1566  1590 I PowerManagerService: Going to sleep due to screen timeout (uid 1000)...
08-27 18:18:25.692  1566  1566 I WindowManager: Started going to sleep... (why=3)
08-27 18:18:26.059  1566  1590 I WindowManager: Screen turned off...
08-27 18:18:26.060  1566  1749 I LocalDisplayAdapter: setDisplayState(id=0, state=OFF)
08-27 18:18:26.060  1566  1587 I DisplayManagerService: Display device changed state: "Built-in Screen", OFF
08-27 18:18:26.275  1566  1590 I DreamManagerService: Entering dreamland.
08-27 18:18:26.276  1566  1590 I PowerManagerService: Dozing...
08-27 18:18:26.277  1566  1585 I DreamController: Starting dream: name=ComponentInfo{com.android.systemui/com.android.keyguard.doze.DozeService}, isTest=false, canDoze=true, userId=0
08-27 18:18:26.285  1804  1804 W DreamService[DozeService]: Finish was called before the dream was attached.
08-27 18:18:26.290  1804  1804 W DreamService[DozeService]: attach() called after dream already finished
08-27 18:18:26.290  1566  2332 I DreamManagerService: Leaving dreamland.
08-27 18:18:26.291  1566  1585 I DreamController: Stopping dream: name=ComponentInfo{com.android.systemui/com.android.keyguard.doze.DozeService}, isTest=false, canDoze=true, userId=0
08-27 18:18:26.292  1566  1590 I PowerManagerService: Sleeping (uid 1000)...
08-27 18:18:26.297  1566  1566 I WindowManager: Finished going to sleep... (why=3)
08-27 18:18:26.846  1566  2916 E BatteryStatsService: no controller energy info supplied
08-27 18:18:26.847  1566  2916 E BatteryStatsService: no controller energy info supplied
08-27 18:19:08.023  1566  7989 E BatteryStatsService: no controller energy info supplied
08-27 18:19:08.024  1566  7989 E BatteryStatsService: no controller energy info supplied
08-27 18:20:08.043  1566  2316 E BatteryStatsService: no controller energy info supplied
08-27 18:20:08.043  1566  2316 E BatteryStatsService: no controller energy info supplied
08-27 18:21:13.169  1566  2916 E BatteryStatsService: no controller energy info supplied
08-27 18:21:13.169  1566  2916 E BatteryStatsService: no controller energy info supplied
08-27 18:21:17.983  1566  1590 I PowerManagerService: Waking up from sleep (uid=1000 reason=android.server.power:POWER)...
08-27 18:21:17.983  1566  1590 I PowerManagerService: waking up from opPackageName = android opUid = 1000
08-27 18:21:17.985  1566  1584 E BatteryStatsService: no controller energy info supplied
08-27 18:21:17.986  1566  1590 I DisplayPowerController: Blocking screen on until initial contents have been drawn.
08-27 18:21:17.986  1566  1590 I WindowManager: Screen turning on...
08-27 18:21:17.986  1566  1749 I LocalDisplayAdapter: setDisplayState(id=0, state=ON)
08-27 18:21:17.987  1566  1587 I DisplayManagerService: Display device changed state: "Built-in Screen", ON
08-27 18:21:17.988  1566  1584 E BatteryStatsService: no controller energy info supplied
08-27 18:21:18.011  1566  1566 I WindowManager: Started waking up...
08-27 18:21:18.069  1566  1581 W ProcessCpuTracker: Skipping unknown process pid 31634
08-27 18:21:18.087  1566  7989 I WindowManager: mKeyguardDelegate.ShowListener.onDrawn.
08-27 18:21:18.112  1566  1582 W WindowManager: Setting mKeyguardDrawComplete
08-27 18:21:18.113  1566  1582 I WindowManager: All windows ready for display!
08-27 18:21:18.113  1566  1582 W WindowManager: Setting mWindowManagerDrawComplete
08-27 18:21:18.116  1566  1582 I WindowManager: finishScreenTurningOn: mAwake=true, mScreenOnEarly=true, mScreenOnFully=false, mKeyguardDrawComplete=true, mWindowManagerDrawComplete=true
08-27 18:21:18.116  1566  1582 I WindowManager: Finished screen turning on...
08-27 18:21:18.118  1566  1590 I DisplayPowerController: Unblocked screen on after 132 ms
08-27 18:21:18.119  1566  1566 I WindowManager: Finished waking up...
08-27 18:21:26.367  1566  1584 E BatteryStatsService: no controller energy info supplied
08-27 18:21:26.368  1566  1584 E BatteryStatsService: no controller energy info supplied
08-27 18:21:26.370  1566  1566 I EntropyMixer: Writing entropy...
08-27 18:21:26.394  1804  1804 W PowerUI : unknown intent: Intent { act=android.intent.action.ACTION_POWER_CONNECTED flg=0x4000011 }
08-27 18:21:26.449  1566  1581 W ProcessCpuTracker: Skipping unknown process pid 31660
08-27 18:21:26.922  1566  2316 E BatteryStatsService: no controller energy info supplied
08-27 18:21:26.923  1566  2316 E BatteryStatsService: no controller energy info supplied
08-27 18:21:28.927  1566  2316 E BatteryStatsService: no controller energy info supplied
08-27 18:21:28.928  1566  2316 E BatteryStatsService: no controller energy info supplied
08-27 18:21:36.365  1566  1590 I PowerManagerService: Going to sleep due to screen timeout (uid 1000)...
08-27 18:21:36.366  1566  1566 I WindowManager: Started going to sleep... (why=3)
08-27 18:21:36.702  1566  1590 I WindowManager: Screen turned off...
08-27 18:21:36.703  1566  1749 I LocalDisplayAdapter: setDisplayState(id=0, state=OFF)
08-27 18:21:36.703  1566  1587 I DisplayManagerService: Display device changed state: "Built-in Screen", OFF
08-27 18:21:36.942  1566  1590 I DreamManagerService: Entering dreamland.
08-27 18:21:36.943  1566  1590 I PowerManagerService: Dozing...
08-27 18:21:36.944  1566  1585 I DreamController: Starting dream: name=ComponentInfo{com.android.systemui/com.android.keyguard.doze.DozeService}, isTest=false, canDoze=true, userId=0
08-27 18:21:36.952  1804  1804 W DreamService[DozeService]: Finish was called before the dream was attached.
08-27 18:21:36.956  1804  1804 W DreamService[DozeService]: attach() called after dream already finished
08-27 18:21:36.956  1566  3136 I DreamManagerService: Leaving dreamland.
08-27 18:21:36.957  1566  1590 I PowerManagerService: Sleeping (uid 1000)...
08-27 18:21:36.957  1566  1585 I DreamController: Stopping dream: name=ComponentInfo{com.android.systemui/com.android.keyguard.doze.DozeService}, isTest=false, canDoze=true, userId=0
08-27 18:21:36.958  1566  1566 I WindowManager: Finished going to sleep... (why=3)
08-27 18:21:37.511  1566  2316 E BatteryStatsService: no controller energy info supplied
08-27 18:21:37.511  1566  2316 E BatteryStatsService: no controller energy info supplied
08-27 18:22:13.289  1566  5718 E BatteryStatsService: no controller energy info supplied
08-27 18:22:13.290  1566  5718 E BatteryStatsService: no controller energy info supplied
08-27 18:23:13.319  1566  2131 E BatteryStatsService: no controller energy info supplied
08-27 18:23:13.321  1566  2131 E BatteryStatsService: no controller energy info supplied
08-27 18:23:23.310  1566  1679 W BaseMiuiPhoneWindowManager: keyCode:26 down:true eventTime:26099763 downTime:26099763 policyFlags:2000000 flags:8 deviceId:4 isScreenOn:false keyguardActive:true repeatCount:0
08-27 18:23:23.337  1566  1679 I PowerManagerService: Waking up from sleep (uid=1000 reason=android.policy:POWER)...
08-27 18:23:23.337  1566  1679 I PowerManagerService: waking up from opPackageName = android opUid = 1000
08-27 18:23:23.339  1566  1566 I WindowManager: Started waking up...
08-27 18:23:23.339  1566  1590 I DisplayPowerController: Blocking screen on until initial contents have been drawn.
08-27 18:23:23.339  1566  1590 I WindowManager: Screen turning on...
08-27 18:23:23.341  1566  1749 I LocalDisplayAdapter: setDisplayState(id=0, state=ON)
08-27 18:23:23.343  1566  1587 I DisplayManagerService: Display device changed state: "Built-in Screen", ON
08-27 18:23:23.400  1566  2916 I WindowManager: mKeyguardDelegate.ShowListener.onDrawn.
08-27 18:23:23.400  1566  1582 W WindowManager: Setting mKeyguardDrawComplete
08-27 18:23:23.400  1566  1582 I WindowManager: All windows ready for display!
08-27 18:23:23.400  1566  1582 W WindowManager: Setting mWindowManagerDrawComplete
08-27 18:23:23.402  1566  1582 I WindowManager: finishScreenTurningOn: mAwake=true, mScreenOnEarly=true, mScreenOnFully=false, mKeyguardDrawComplete=true, mWindowManagerDrawComplete=true
08-27 18:23:23.402  1566  1582 I WindowManager: Finished screen turning on...
08-27 18:23:23.403  1566  1590 I DisplayPowerController: Unblocked screen on after 63 ms
08-27 18:23:23.404  1566  1566 I WindowManager: Finished waking up...
08-27 18:23:23.538  1566  1679 W BaseMiuiPhoneWindowManager: keyCode:26 down:false eventTime:26099992 downTime:26099763 policyFlags:22000000 flags:8 deviceId:4 isScreenOn:true keyguardActive:true repeatCount:0
08-27 18:23:23.863  1566  2916 E BatteryStatsService: no controller energy info supplied
08-27 18:23:23.863  1566  2916 E BatteryStatsService: no controller energy info supplied
08-27 18:23:24.836  1566  3136 E BatteryStatsService: no controller energy info supplied
08-27 18:23:24.837  1566  3136 E BatteryStatsService: no controller energy info supplied
08-27 18:23:30.069  1566  3136 E BatteryStatsService: no controller energy info supplied
08-27 18:23:30.069  1566  3136 E BatteryStatsService: no controller energy info supplied
08-27 18:23:40.520  1566  1590 I PowerManagerService: Going to sleep due to screen timeout (uid 1000)...
08-27 18:23:40.522  1566  1566 I WindowManager: Started going to sleep... (why=3)
08-27 18:23:40.864  1566  1590 I WindowManager: Screen turned off...
08-27 18:23:40.865  1566  1749 I LocalDisplayAdapter: setDisplayState(id=0, state=OFF)
08-27 18:23:40.865  1566  1587 I DisplayManagerService: Display device changed state: "Built-in Screen", OFF
08-27 18:23:41.070  1566  1590 I DreamManagerService: Entering dreamland.
08-27 18:23:41.070  1566  1590 I PowerManagerService: Dozing...
08-27 18:23:41.073  1566  1585 I DreamController: Starting dream: name=ComponentInfo{com.android.systemui/com.android.keyguard.doze.DozeService}, isTest=false, canDoze=true, userId=0
08-27 18:23:41.084  1804  1804 W DreamService[DozeService]: Finish was called before the dream was attached.
08-27 18:23:41.089  1804  1804 W DreamService[DozeService]: attach() called after dream already finished
08-27 18:23:41.089  1566  3136 I DreamManagerService: Leaving dreamland.
08-27 18:23:41.090  1566  1585 I DreamController: Stopping dream: name=ComponentInfo{com.android.systemui/com.android.keyguard.doze.DozeService}, isTest=false, canDoze=true, userId=0
08-27 18:23:41.090  1566  1590 I PowerManagerService: Sleeping (uid 1000)...
08-27 18:23:41.095  1566  1566 I WindowManager: Finished going to sleep... (why=3)
08-27 18:23:41.649  1566  3136 E BatteryStatsService: no controller energy info supplied
08-27 18:23:41.650  1566  3136 E BatteryStatsService: no controller energy info supplied
08-27 18:24:16.143  1566  1585 I ActivityManager: START u0 {flg=0x10000000 cmp=com.android.systemui/.usb.UsbDebuggingActivity (has extras)} from uid 1000 on display 0
08-27 18:24:16.199  1566  1580 I UsageStatsHourlyHelper: User[0] Rolling over hourly usage stats
08-27 18:24:16.201  1566  1580 I UsageStatsHourlyHelper: User[0] Rollover hours scheduled @ 2019-08-27 19:24:16(1566914056163)
08-27 18:24:16.201  1566  1580 I UsageStatsHourlyHelper: User[0] Rolling over usage hourly stats complete. Took 2 milliseconds
08-27 18:24:18.440  1566  2916 E BatteryStatsService: no controller energy info supplied
08-27 18:24:18.440  1566  2916 E BatteryStatsService: no controller energy info supplied
08-27 18:24:18.468  1566  1679 W BaseMiuiPhoneWindowManager: keyCode:26 down:true eventTime:26154922 downTime:26154922 policyFlags:2000000 flags:8 deviceId:4 isScreenOn:false keyguardActive:true repeatCount:0
08-27 18:24:18.488  1566  1679 I PowerManagerService: Waking up from sleep (uid=1000 reason=android.policy:POWER)...
08-27 18:24:18.489  1566  1679 I PowerManagerService: waking up from opPackageName = android opUid = 1000
08-27 18:24:18.489  1566  1566 I WindowManager: Started waking up...
08-27 18:24:18.489  1566  1590 I DisplayPowerController: Blocking screen on until initial contents have been drawn.
08-27 18:24:18.489  1566  1590 I WindowManager: Screen turning on...
08-27 18:24:18.490  1566  1749 I LocalDisplayAdapter: setDisplayState(id=0, state=ON)
