08-27 18:30:09.993  4351  4351 I FeatureParser: can't find rosy.xml in assets/device_features/,it may be in /system/etc/device_features
08-27 18:30:10.000  4351  4351 D MI_STAT : initialize com.miui.securitycore, 2882303761517469555, default, false
08-27 18:30:10.057  4351  4372 D SdcardUtils: need reopen: true
08-27 18:30:10.078  4351  4351 D AccessibilityManager: current package=com.miui.securitycore, accessibility manager mIsFinalEnabled=false, mOptimizeEnabled=false, mIsUiAutomationEnabled=false, mIsInterestedPackage=false
08-27 18:30:10.137  1566  2129 I ActivityManager: Start proc 4373:com.miui.securitycore.remote/1000 for service com.miui.securitycore/com.miui.securityspace.service.SecondSpaceService caller=com.miui.securitycore
08-27 18:30:10.153  1804  1804 I chatty  : uid=1000(system) com.android.systemui expire 108 lines
08-27 18:30:10.153  4373  4373 I chatty  : uid=1000(system) com.miui.securitycore.remote expire 13 lines
08-27 18:30:10.186  1566  1587 I chatty  : uid=1000(system) android.display expire 12 lines
08-27 18:30:10.223  4373  4373 I         : Hook ConfigureStubs
08-27 18:30:10.223  4373  4373 I         : create_mem miui-classproxy page:0x7fa61ec000, size:4096
08-27 18:30:10.238  4373  4373 W ResourceType: No package identifier when getting name for resource number 0x00000000
08-27 18:30:10.248  4373  4373 I FeatureParser: can't find rosy.xml in assets/device_features/,it may be in /system/etc/device_features
08-27 18:30:10.256  4373  4373 D MI_STAT : initialize com.miui.securitycore, 2882303761517469555, default, false
08-27 18:30:10.314  4373  4396 D SdcardUtils: need reopen: true
08-27 18:30:10.317  4373  4373 D SecondSpaceService: startForeground
08-27 18:30:10.320  4373  4373 W ResourceType: No package identifier when getting value for resource number 0x00000000
08-27 18:30:10.322  1566  1566 I chatty  : uid=1000 system_server expire 16 lines
08-27 18:30:10.328  2872 21863 W ResourceType: No package identifier when getting name for resource number 0x00000000
08-27 18:30:10.337  4373  4373 D SpaceNotificationService: init------
08-27 18:30:10.969 19816 19852 I DateTimeVariableUpdater: init with accuracy:Minute
08-27 18:30:10.974 19816 19852 D ScreenElementRoot: findResource: ScaleMetrics sw:720 den:320 sizeType:0 scale:1.0 path:den320
08-27 18:30:10.974 19816 19852 D ScreenElementRoot: findScale: ScaleMetrics sw:720 den:320 sizeType:0 scale:0.7262
08-27 18:30:10.974 19816 19852 I ScreenElementRoot: set scale: 0.7262
08-27 18:30:10.980 19816 19852 E VariableElement: fail to create array:iconAni
08-27 18:30:10.983 19816 19852 D ScreenElementRoot: load finished, spent 16 ms
08-27 18:30:10.983 19816 19852 D ScreenElementRoot: init
08-27 18:30:10.984 19816 19852 W LanguageHelper: no available string resources to load.
08-27 18:30:10.986 19816 19852 I NotifierManager: acquireNotifier:TimeChanged  miui.maml.data.DateTimeVariableUpdater@161aca4
08-27 18:30:10.987 19816 19852 I ResourceManager: load image bg.png
08-27 18:30:10.988 19816 19852 I ResourceManager: try to load resource from extra resource: den320 of bg.png
08-27 18:30:10.990 19816 19852 I ResourceManager: load image from extra resource: den320 of bg.png
08-27 18:30:10.990 19816 19852 I ResourceManager: load image setting.png
08-27 18:30:10.990 19816 19852 I ResourceManager: try to load resource from extra resource: den320 of setting.png
08-27 18:30:10.992 19816 19852 I ResourceManager: load image from extra resource: den320 of setting.png
08-27 18:30:10.992 19816 19852 D MultipleRenderable: add: miui.maml.FancyDrawable@9a2da09
08-27 18:30:10.992 19816 19925 I RenderThread: RenderThread resumed
08-27 18:30:10.992 19816 19925 D ScreenElementRoot: resume
08-27 18:30:10.992 19816 19852 D RendererCore: add: miui.maml.FancyDrawable@9a2da09 size:1
08-27 18:30:10.992 19816 19852 D ScreenElementRoot: resume
08-27 18:30:10.993 19816 19925 D ScreenElementRoot: resume
08-27 18:30:10.993 19816 19852 I ResourceManager: load image quietImage.png
08-27 18:30:10.993 19816 19852 I ResourceManager: try to load resource from extra resource: den320 of quietImage.png
08-27 18:30:10.993 19816 19852 D ResourceLoader: TRY AGAIN to get getPathForLanguage: den320/quietImage.png
08-27 18:30:10.993 19816 19852 E ResourceLoader: fail to get getPathForLanguage: den320/quietImage.png
08-27 18:30:10.993 19816 19852 D ResourceLoader: TRY AGAIN to get getPathForLanguage: quietImage.png
08-27 18:30:10.993 19816 19852 E ResourceLoader: fail to get getPathForLanguage: quietImage.png
08-27 18:30:10.993 19816 19852 E ResourceManager: fail to load image: quietImage.png
08-27 18:30:10.993 19816 19852 I ResourceManager: load image startImage.png
08-27 18:30:10.993 19816 19852 I ResourceManager: try to load resource from extra resource: den320 of startImage.png
08-27 18:30:10.994 19816 19925 D FramerateTokenList: createToken: miui.maml.elements.FramerateController@a82ee2f
08-27 18:30:10.996 19816 19852 I ResourceManager: load image from extra resource: den320 of startImage.png
08-27 18:30:10.998 19816 19828 D Launcher: get showing item successandroid.graphics.Bitmap@5abec3c
08-27 18:30:11.001 19816 19816 E Launcher: changeViewByFsGestureState,  view=ForceTouchLayer,  alpha=0.0,  scale=0.8
08-27 18:30:11.003  1566  7989 I ActivityManager: START u0 {act=android.intent.action.MAIN cat=[android.intent.category.HOME] flg=0x10200000 cmp=com.miui.home/.launcher.Launcher} from uid 1000 on display 0
08-27 18:30:11.009   479  2736 E ANDR-PERF-MPCTL: Invalid profile no. 0, total profiles 0 only
08-27 18:30:11.027  2760  2781 I chatty  : uid=1000(system) Binder:2760_2 expire 7 lines
08-27 18:30:11.047 19816 19816 E Launcher.RecommendLog: folder display but only request when folder open
08-27 18:30:11.047 19816 19836 D Launcher: disableStatusBarClock:false
08-27 18:30:11.049 19816 19816 D SearchCardView: onVisibilityChanged: 0
08-27 18:30:11.065 19816 19816 E Launcher: changeViewByFsGestureState,  view=ForceTouchLayer,  alpha=0.0,  scale=0.8
08-27 18:30:11.066 19816 19816 E Launcher: changeViewByFsGestureState,  view=ForceTouchLayer,  alpha=0.20811754,  scale=0.84162354
08-27 18:30:11.069 19816 19816 D AppRecommendCardView: onWindowFocusChanged() called with: visibility = [true]
08-27 18:30:11.112 19816 19816 E Launcher: changeViewByFsGestureState,  view=ForceTouchLayer,  alpha=0.38192457,  scale=0.8763849
08-27 18:30:11.113 19816 19816 E Launcher: changeViewByFsGestureState,  view=ForceTouchLayer,  alpha=0.5254168,  scale=0.90508336
08-27 18:30:11.113 19816 19816 E Launcher: changeViewByFsGestureState,  view=ForceTouchLayer,  alpha=0.6361364,  scale=0.92722726
08-27 18:30:11.127 19816 19816 I AssistHolderView: dispatchDraw
08-27 18:30:11.133 19816 19816 E Launcher: changeViewByFsGestureState,  view=ForceTouchLayer,  alpha=0.7262501,  scale=0.94525003
08-27 18:30:11.143 19816 19816 E Launcher: changeViewByFsGestureState,  view=ForceTouchLayer,  alpha=0.8024692,  scale=0.96049386
08-27 18:30:11.152 19816 19816 E Launcher: changeViewByFsGestureState,  view=ForceTouchLayer,  alpha=0.86154157,  scale=0.97230834
08-27 18:30:11.169 19816 19816 E Launcher: changeViewByFsGestureState,  view=ForceTouchLayer,  alpha=0.9062552,  scale=0.981251
08-27 18:30:11.186 19816 19816 E Launcher: changeViewByFsGestureState,  view=ForceTouchLayer,  alpha=0.9375,  scale=0.9875
08-27 18:30:11.203 19816 19816 E Launcher: changeViewByFsGestureState,  view=ForceTouchLayer,  alpha=0.9613703,  scale=0.99227405
08-27 18:30:11.219 19816 19816 E Launcher: changeViewByFsGestureState,  view=ForceTouchLayer,  alpha=0.9776464,  scale=0.9955293
08-27 18:30:11.237 19816 19816 E Launcher: changeViewByFsGestureState,  view=ForceTouchLayer,  alpha=0.9876543,  scale=0.9975309
08-27 18:30:11.253 19816 19816 E Launcher: changeViewByFsGestureState,  view=ForceTouchLayer,  alpha=0.9941409,  scale=0.9988282
08-27 18:30:11.269 19816 19816 E Launcher: changeViewByFsGestureState,  view=ForceTouchLayer,  alpha=0.9976574,  scale=0.9995315
08-27 18:30:11.286 19816 19816 E Launcher: changeViewByFsGestureState,  view=ForceTouchLayer,  alpha=0.9992883,  scale=0.99985766
08-27 18:30:11.303 19816 19816 E Launcher: changeViewByFsGestureState,  view=ForceTouchLayer,  alpha=0.9998536,  scale=0.99997073
08-27 18:30:11.320 19816 19816 E Launcher: changeViewByFsGestureState,  view=ForceTouchLayer,  alpha=0.9999919,  scale=0.9999984
08-27 18:30:11.338 19816 19816 E Launcher: changeViewByFsGestureState,  view=ForceTouchLayer,  alpha=1.0,  scale=1.0
08-27 18:30:11.371 19816 19816 E Launcher: changeViewByFsGestureState,  view=FitSystemWindowView,  alpha=1.0,  scale=1.0
08-27 18:30:11.371 19816 19816 E Launcher: changeViewByFsGestureState,  view=ForceTouchLayer,  alpha=1.0,  scale=1.0
08-27 18:30:11.494   764   764 I chatty  : uid=1000(system) /system/bin/cnss-daemon expire 10 lines
08-27 18:30:11.974   887   887 I MSM-irqbalance: Decided to move IRQ3 from CPU3 [P:0] to CPU6 [P:1] (banned)
08-27 18:30:11.975   887   887 I MSM-irqbalance: Decided to move IRQ5 from CPU3 [P:0] to CPU7 [P:1] (banned)
08-27 18:30:11.975   887   887 I MSM-irqbalance: Decided to move IRQ188 from CPU3 [P:0] to CPU4 [P:1] (banned)
08-27 18:30:11.976   887   887 I MSM-irqbalance: Decided to move IRQ5 from CPU1 [P:0] to CPU5 [P:1] (banned)
08-27 18:30:11.976   887   887 I MSM-irqbalance: Decided to move IRQ3 from CPU1 [P:0] to CPU6 [P:1] (banned)
08-27 18:30:11.977   887   887 I MSM-irqbalance: Decided to move IRQ188 from CPU1 [P:0] to CPU7 [P:1] (banned)
08-27 18:30:11.977   887   887 I MSM-irqbalance: Decided to move IRQ164 from CPU1 [P:0] to CPU4 [P:1] (banned)
08-27 18:30:11.978   887   887 I MSM-irqbalance: Decided to move IRQ3 from CPU0 [P:0] to CPU5 [P:1] (banned)
08-27 18:30:11.978   887   887 I MSM-irqbalance: Decided to move IRQ5 from CPU0 [P:0] to CPU6 [P:1] (banned)
08-27 18:30:11.979   887   887 I MSM-irqbalance: Decided to move IRQ188 from CPU0 [P:0] to CPU7 [P:1] (banned)
08-27 18:30:11.979   887   887 I MSM-irqbalance: Decided to move IRQ164 from CPU0 [P:0] to CPU4 [P:1] (banned)
08-27 18:30:11.979   887   887 I MSM-irqbalance: Decided to move IRQ3 from CPU2 [P:0] to CPU5 [P:1] (banned)
08-27 18:30:11.980   887   887 I MSM-irqbalance: Decided to move IRQ5 from CPU2 [P:0] to CPU6 [P:1] (banned)
08-27 18:30:12.121  1566  2129 I ActivityManager: Setting hasTopUi=true for pid=1804
08-27 18:30:12.137  1746  1746 I chatty  : uid=1010(wifi) /system/bin/wpa_supplicant expire 10 lines
08-27 18:30:12.231 19816 19816 D AppRecommendCardView: onWindowFocusChanged() called with: visibility = [false]
08-27 18:30:12.543 19816 19816 D AppRecommendCardView: onWindowFocusChanged() called with: visibility = [true]
08-27 18:30:12.558  1566  7989 I ActivityManager: Setting hasTopUi=false for pid=1804
08-27 18:30:12.649  1566  2129 I chatty  : uid=1000(system) Binder:1566_7 expire 11 lines
08-27 18:30:12.707  4399  4399 I chatty  : uid=1000(system) /system/bin/subsystem_ramdump expire 6 lines
08-27 18:30:12.708  4399  4399 E subsystem_ramdump: Unable to create /sdcard/ramdump
08-27 18:30:12.708  4399  4399 E subsystem_ramdump: Unable to create /sdcard/ramdump
08-27 18:30:12.708  4399  4399 E subsystem_ramdump: Failed to initialize ramdump
08-27 18:30:12.776 19816 19816 D Launcher: Launcher.dispatchTouchEvent:0
08-27 18:30:12.777 19816 19816 D FeedSwipeController: touchState : 0 scrolling : false normalEditing : false WidgetThumbnailViewShowing : false UninstallDialogShowing : false
08-27 18:30:12.778 19816 19816 W System.err: java.lang.ClassNotFoundException: com.miui.newhome.util.WhiteListUtils
08-27 18:30:12.778 19816 19816 W System.err: 	at java.lang.Class.classForName(Native Method)
08-27 18:30:12.702  4399  4399 W subsystem_ramdu: type=1400 audit(0.0:14816): avc: denied { search } for name="/" dev="sdcardfs" ino=1998849 scontext=u:r:subsystem_ramdump:s0 tcontext=u:object_r:sdcardfs:s0 tclass=dir permissive=0
08-27 18:30:12.702  4399  4399 W subsystem_ramdu: type=1400 audit(0.0:14817): avc: denied { search } for name="/" dev="sdcardfs" ino=1998849 scontext=u:r:subsystem_ramdump:s0 tcontext=u:object_r:sdcardfs:s0 tclass=dir permissive=0
08-27 18:30:12.778 19816 19816 W System.err: 	at java.lang.Class.forName(Class.java:400)
08-27 18:30:12.778 19816 19816 W System.err: 	at java.lang.Class.forName(Class.java:326)
08-27 18:30:12.778 19816 19816 W System.err: 	at com.miui.home.launcher.touch.UiFactory.getRelectMethod(UiFactory.java:50)
08-27 18:30:12.778 19816 19816 W System.err: 	at com.miui.home.launcher.touch.UiFactory.isShowNews(UiFactory.java:38)
08-27 18:30:12.778 19816 19816 W System.err: 	at com.miui.home.settings.LauncherGestureController.canUseHomeFeed(LauncherGestureController.java:122)
08-27 18:30:12.778 19816 19816 W System.err: 	at com.miui.home.launcher.touch.FeedSwipeController.canInterceptTouch(FeedSwipeController.java:469)
08-27 18:30:12.778 19816 19816 W System.err: 	at com.miui.home.launcher.touch.FeedSwipeController.onControllerInterceptTouchEvent(FeedSwipeController.java:76)
08-27 18:30:12.778 19816 19816 W System.err: 	at com.miui.home.launcher.DragLayer.findActiveController(DragLayer.java:272)
08-27 18:30:12.778 19816 19816 W System.err: 	at com.miui.home.launcher.DragLayer.onInterceptTouchEvent(DragLayer.java:262)
08-27 18:30:12.778 19816 19816 W System.err: 	at android.view.ViewGroup.dispatchTouchEvent(ViewGroup.java:2175)
08-27 18:30:12.778 19816 19816 W System.err: 	at com.miui.home.launcher.DragLayer.dispatchTouchEvent(DragLayer.java:193)
08-27 18:30:12.778 19816 19816 W System.err: 	at com.miui.home.launcher.MinusOneScreenView.dispatchTouchEvent(MinusOneScreenView.java:174)
08-27 18:30:12.778 19816 19816 W System.err: 	at android.view.ViewGroup.dispatchTransformedTouchEvent(ViewGroup.java:2634)
08-27 18:30:12.778 19816 19816 W System.err: 	at android.view.ViewGroup.dispatchTouchEvent(ViewGroup.java:2264)
08-27 18:30:12.778 19816 19816 W System.err: 	at com.miui.home.launcher.ForceTouchLayer.dispatchTouchEvent(ForceTouchLayer.java:97)
08-27 18:30:12.778 19816 19816 W System.err: 	at android.view.ViewGroup.dispatchTransformedTouchEvent(ViewGroup.java:2634)
08-27 18:30:12.778 19816 19816 W System.err: 	at android.view.ViewGroup.dispatchTouchEvent(ViewGroup.java:2264)
08-27 18:30:12.779 19816 19816 W System.err: 	at android.view.ViewGroup.dispatchTransformedTouchEvent(ViewGroup.java:2634)
08-27 18:30:12.779 19816 19816 W System.err: 	at android.view.ViewGroup.dispatchTouchEvent(ViewGroup.java:2264)
08-27 18:30:12.779 19816 19816 W System.err: 	at android.view.ViewGroup.dispatchTransformedTouchEvent(ViewGroup.java:2634)
08-27 18:30:12.779 19816 19816 W System.err: 	at android.view.ViewGroup.dispatchTouchEvent(ViewGroup.java:2264)
08-27 18:30:12.779 19816 19816 W System.err: 	at com.android.internal.policy.DecorView.superDispatchTouchEvent(DecorView.java:417)
08-27 18:30:12.779 19816 19816 W System.err: 	at com.android.internal.policy.PhoneWindow.superDispatchTouchEvent(PhoneWindow.java:1808)
08-27 18:30:12.779 19816 19816 W System.err: 	at android.app.Activity.dispatchTouchEvent(Activity.java:3194)
08-27 18:30:12.779 19816 19816 W System.err: 	at com.miui.home.launcher.Launcher.dispatchTouchEvent(Launcher.java:3504)
08-27 18:30:12.779 19816 19816 W System.err: 	at com.android.internal.policy.DecorView.dispatchTouchEvent(DecorView.java:379)
08-27 18:30:12.779 19816 19816 W System.err: 	at android.view.View.dispatchPointerEvent(View.java:10261)
08-27 18:30:12.779 19816 19816 W System.err: 	at android.view.ViewRootImpl$ViewPostImeInputStage.processPointerEvent(ViewRootImpl.java:4507)
08-27 18:30:12.779 19816 19816 W System.err: 	at android.view.ViewRootImpl$ViewPostImeInputStage.onProcess(ViewRootImpl.java:4372)
08-27 18:30:12.779 19816 19816 W System.err: 	at android.view.ViewRootImpl$InputStage.deliver(ViewRootImpl.java:3912)
08-27 18:30:12.779 19816 19816 W System.err: 	at android.view.ViewRootImpl$InputStage.onDeliverToNext(ViewRootImpl.java:3965)
08-27 18:30:12.779 19816 19816 W System.err: 	at android.view.ViewRootImpl$InputStage.forward(ViewRootImpl.java:3931)
08-27 18:30:12.779 19816 19816 W System.err: 	at android.view.ViewRootImpl$AsyncInputStage.forward(ViewRootImpl.java:4058)
08-27 18:30:12.779 19816 19816 W System.err: 	at android.view.ViewRootImpl$InputStage.apply(ViewRootImpl.java:3939)
08-27 18:30:12.779 19816 19816 W System.err: 	at android.view.ViewRootImpl$AsyncInputStage.apply(ViewRootImpl.java:4115)
08-27 18:30:12.779 19816 19816 W System.err: 	at android.view.ViewRootImpl$InputStage.deliver(ViewRootImpl.java:3912)
08-27 18:30:12.779 19816 19816 W System.err: 	at android.view.ViewRootImpl$InputStage.onDeliverToNext(ViewRootImpl.java:3965)
08-27 18:30:12.779 19816 19816 W System.err: 	at android.view.ViewRootImpl$InputStage.forward(ViewRootImpl.java:3931)
08-27 18:30:12.779 19816 19816 W System.err: 	at android.view.ViewRootImpl$InputStage.apply(ViewRootImpl.java:3939)
08-27 18:30:12.779 19816 19816 W System.err: 	at android.view.ViewRootImpl$InputStage.deliver(ViewRootImpl.java:3912)
08-27 18:30:12.779 19816 19816 W System.err: 	at android.view.ViewRootImpl.deliverInputEvent(ViewRootImpl.java:6350)
08-27 18:30:12.779 19816 19816 W System.err: 	at android.view.ViewRootImpl.doProcessInputEvents(ViewRootImpl.java:6324)
08-27 18:30:12.779 19816 19816 W System.err: 	at android.view.ViewRootImpl.enqueueInputEvent(ViewRootImpl.java:6285)
08-27 18:30:12.779 19816 19816 W System.err: 	at android.view.ViewRootImpl$WindowInputEventReceiver.onInputEvent(ViewRootImpl.java:6456)
08-27 18:30:12.779 19816 19816 W System.err: 	at android.view.InputEventReceiver.dispatchInputEvent(InputEventReceiver.java:187)
08-27 18:30:12.779 19816 19816 W System.err: 	at android.os.MessageQueue.nativePollOnce(Native Method)
08-27 18:30:12.779 19816 19816 W System.err: 	at android.os.MessageQueue.next(MessageQueue.java:323)
08-27 18:30:12.779 19816 19816 W System.err: 	at android.os.Looper.loop(Looper.java:142)
08-27 18:30:12.779 19816 19816 W System.err: 	at android.app.ActivityThread.main(ActivityThread.java:6238)
08-27 18:30:12.779 19816 19816 W System.err: 	at java.lang.reflect.Method.invoke(Native Method)
08-27 18:30:12.779 19816 19816 W System.err: 	at com.android.internal.os.ZygoteInit$MethodAndArgsCaller.run(ZygoteInit.java:904)
08-27 18:30:12.779 19816 19816 W System.err: 	at com.android.internal.os.ZygoteInit.main(ZygoteInit.java:794)
08-27 18:30:12.780 19816 19816 W System.err: Caused by: java.lang.ClassNotFoundException: Didn't find class "com.miui.newhome.util.WhiteListUtils" on path: DexPathList[[zip file "/data/app/com.mi.android.globalpersonalassistant-2/base.apk", zip file "/system/framework/gson.jar", zip file "/data/app/com.miui.home-2/base.apk"],nativeLibraryDirectories=[/data/app/com.miui.home-2/lib/arm64, /system/lib64, /vendor/lib64]]
08-27 18:30:12.780 19816 19816 W System.err: 	at dalvik.system.BaseDexClassLoader.findClass(BaseDexClassLoader.java:56)
08-27 18:30:12.780 19816 19816 W System.err: 	at java.lang.ClassLoader.loadClass(ClassLoader.java:380)
08-27 18:30:12.780 19816 19816 W System.err: 	at java.lang.ClassLoader.loadClass(ClassLoader.java:312)
08-27 18:30:12.780 19816 19816 W System.err: 	... 53 more
08-27 18:30:12.780 19816 19816 D FeedSwipeController: can not use
08-27 18:30:12.781 19816 19816 D Launcher.Workspace: Workspace touch down
08-27 18:30:12.781 19816 19925 D ScreenElementRoot: pause
08-27 18:30:12.781 19816 19925 D ScreenElementRoot: pause
08-27 18:30:12.781 19816 19925 I RenderThread: RenderThread paused, waiting for signal
08-27 18:30:12.835 19816 19816 E Launcher: changeViewByFsGestureState,  view=FitSystemWindowView,  alpha=1.0,  scale=1.0
08-27 18:30:12.835 19816 19816 E Launcher: changeViewByFsGestureState,  view=ForceTouchLayer,  alpha=1.0,  scale=1.0
08-27 18:30:12.836  1804 21111 I chatty  : uid=1000(system) Binder:1804_9 expire 3 lines
08-27 18:30:12.868 19816 19816 D Launcher: Launcher.dispatchTouchEvent:1
08-27 18:30:12.869 19816 19816 D Launcher.Workspace: Workspace touch up or cancel
08-27 18:30:12.870 19816 19925 I RenderThread: RenderThread resumed
08-27 18:30:12.870 19816 19925 D ScreenElementRoot: resume
08-27 18:30:12.871 19816 19925 I NotifierManager: onRegister: miui.maml.NotifierManager$MultiBroadcastNotifier@82e456
08-27 18:30:12.872 19816 19816 I Timeline: Timeline: Activity_launch_request time:26509326 intent:Intent { act=android.intent.action.MAIN cat=[android.intent.category.LAUNCHER] flg=0x10200000 cmp=com.android.settings/.MainSettings bnds=[47,533][169,655] (has extras) }
08-27 18:30:12.872 19816 19925 D ScreenElementRoot: resume
08-27 18:30:12.874  1566  7989 I ActivityManager: START u0 {act=android.intent.action.MAIN cat=[android.intent.category.LAUNCHER] flg=0x10200000 cmp=com.android.settings/.MainSettings bnds=[47,533][169,655] (has extras)} from uid 10030 on display 0
08-27 18:30:12.878  1566  7989 I ActivityManager: Killing 3768:com.google.android.videos/u0a128 (adj 906): empty #17
08-27 18:30:12.884   479  2736 E ANDR-PERF-MPCTL: Invalid profile no. 0, total profiles 0 only
08-27 18:30:12.892 19816 19816 D AppRecommendCardView: onWindowFocusChanged() called with: visibility = [false]
08-27 18:30:12.894  4373  4373 D SecondSpaceService: stopForeground
08-27 18:30:12.903 19816 19925 D ScreenElementRoot: pause
08-27 18:30:12.904 19816 19925 D ScreenElementRoot: pause
08-27 18:30:12.911  1566  5747 I ActivityManager: Killing 25014:com.google.process.gapps/u0a16 (adj 906): empty #17
08-27 18:30:12.920 19816 19925 I NotifierManager: onUnregister: miui.maml.NotifierManager$MultiBroadcastNotifier@82e456
08-27 18:30:12.920 19816 19925 I RenderThread: RenderThread paused, waiting for signal
08-27 18:30:12.922 19816 19836 D Launcher: disableStatusBarClock:false
08-27 18:30:12.945  1566  5747 I chatty  : uid=1000(system) Binder:1566_1D expire 15 lines
08-27 18:30:13.312 19816 19816 D SearchCardView: onVisibilityChanged: 4
08-27 18:30:14.089  2841 21273 W MiuiPerfServiceClient: interceptAndQueuing:1804|com.android.systemui|217|88|unknown|null|StatusBar|26508792348115|Slow handle traversal|5
08-27 18:30:15.677   716   782 D ThermalEngine: sensor_wait: xo_therm Wait done.
08-27 18:30:15.679   716   785 D ThermalEngine: sensor_wait: case_therm Wait done.
08-27 18:30:15.680   716   782 D ThermalEngine: sensor_monitor: xo_therm Reading 32000 .
08-27 18:30:15.680   716   782 I ThermalEngine: Sensor:xo_therm:32000 mC
08-27 18:30:15.680   716   782 D ThermalEngine: update_active_thresh: xo_therm Active(1), Hi(1) 38000, Lo(0) -2147483648, Interval(1) 10000
08-27 18:30:15.680   716   782 D ThermalEngine: sensor_monitor: xo_therm Sensor wait.
08-27 18:30:15.680   716   782 D ThermalEngine: sensor_wait: xo_therm Wait start. 10000ms
08-27 18:30:15.682   716   785 D ThermalEngine: sensor_monitor: case_therm Reading 31000 .
08-27 18:30:15.682   716   785 I ThermalEngine: Sensor:case_therm:31000 mC
08-27 18:30:15.682   716   785 D ThermalEngine: update_active_thresh: case_therm Active(1), Hi(1) 41000, Lo(0) -2147483648, Interval(0) -1
08-27 18:30:15.682   716   785 D ThermalEngine: sensor_monitor: case_therm Sensor wait.
08-27 18:30:15.682   716   785 D ThermalEngine: sensor_wait: case_therm Wait start. 10000ms
08-27 18:30:16.974   887   887 I MSM-irqbalance: Decided to move IRQ5 from CPU3 [P:0] to CPU6 [P:1] (banned)
08-27 18:30:16.975   887   887 I MSM-irqbalance: Decided to move IRQ3 from CPU3 [P:0] to CPU7 [P:1] (banned)
08-27 18:30:16.976   887   887 I MSM-irqbalance: Decided to move IRQ188 from CPU3 [P:0] to CPU4 [P:1] (banned)
08-27 18:30:16.976   887   887 I MSM-irqbalance: Decided to move IRQ3 from CPU1 [P:0] to CPU5 [P:1] (banned)
08-27 18:30:16.976   887   887 I MSM-irqbalance: Decided to move IRQ5 from CPU1 [P:0] to CPU6 [P:1] (banned)
08-27 18:30:16.977   887   887 I MSM-irqbalance: Decided to move IRQ164 from CPU1 [P:0] to CPU7 [P:1] (banned)
08-27 18:30:16.978   887   887 I MSM-irqbalance: Decided to move IRQ3 from CPU0 [P:0] to CPU4 [P:1] (banned)
08-27 18:30:16.978   887   887 I MSM-irqbalance: Decided to move IRQ5 from CPU0 [P:0] to CPU5 [P:1] (banned)
08-27 18:30:16.979   887   887 I MSM-irqbalance: Decided to move IRQ164 from CPU0 [P:0] to CPU6 [P:1] (banned)
08-27 18:30:16.979   887   887 I MSM-irqbalance: Decided to move IRQ3 from CPU2 [P:0] to CPU7 [P:1] (banned)
08-27 18:30:16.979   887   887 I MSM-irqbalance: Decided to move IRQ5 from CPU2 [P:0] to CPU4 [P:1] (banned)
08-27 18:30:17.750  4404  4404 I chatty  : uid=1000(system) /system/bin/subsystem_ramdump expire 6 lines
08-27 18:30:17.751  4404  4404 E subsystem_ramdump: Unable to create /sdcard/ramdump
08-27 18:30:17.751  4404  4404 E subsystem_ramdump: Unable to create /sdcard/ramdump
08-27 18:30:17.751  4404  4404 E subsystem_ramdump: Failed to initialize ramdump
08-27 18:30:17.742  4404  4404 W subsystem_ramdu: type=1400 audit(0.0:14818): avc: denied { search } for name="/" dev="sdcardfs" ino=1998849 scontext=u:r:subsystem_ramdump:s0 tcontext=u:object_r:sdcardfs:s0 tclass=dir permissive=0
08-27 18:30:17.742  4404  4404 W subsystem_ramdu: type=1400 audit(0.0:14819): avc: denied { search } for name="/" dev="sdcardfs" ino=1998849 scontext=u:r:subsystem_ramdump:s0 tcontext=u:object_r:sdcardfs:s0 tclass=dir permissive=0
08-27 18:30:17.995  1566  3846 I ActivityManager: START u0 {act=android.intent.action.MAIN cmp=com.android.settings/.SubSettings (has extras)} from uid 1000 on display 0
08-27 18:30:18.010  1566  3846 I chatty  : uid=1000(system) Binder:1566_10 expire 10 lines
08-27 18:30:18.010   479  2736 E ANDR-PERF-MPCTL: Invalid profile no. 0, total profiles 0 only
08-27 18:30:18.283 28439 28439 I chatty  : uid=1000(system) com.android.settings expire 10 lines
08-27 18:30:18.290   742  2146 I ExtendedNuUtils: printFileName fd(10) -> /system/priv-app/Settings/Settings.apk
08-27 18:30:18.292   742  4408 D NuPlayer: onSetVideoSurface(0xf2243800, no video decoder)
08-27 18:30:18.383   742  4408 D NuPlayerDriver: notifyListener_l(0xf2220a80), (5, 430, 864), loop setting(0, 0)
08-27 18:30:18.383   740  2419 D MediaBufferGroup: creating MemoryDealer
08-27 18:30:18.384   742  4408 D NuPlayerDriver: notifyListener_l(0xf2220a80), (1, 0, 0), loop setting(0, 0)
08-27 18:30:18.394 19816 19824 D RendererCore: cleanUp: miui.maml.RendererCore@feac1d1
08-27 18:30:18.394 19816 19824 D FancyDrawable: cleanUp:   [miui.maml.FancyDrawable@9a2da09]
08-27 18:30:18.394 19816 19824 D MultipleRenderable: remove: null
08-27 18:30:18.394 19816 19824 D RendererCore: remove: miui.maml.FancyDrawable@9a2da09 size:0
08-27 18:30:18.394 19816 19824 D RendererCoreCache: OnRendererCoreReleased: miui.maml.RendererCore@f297cb1
08-27 18:30:18.394 19816 19824 D RendererCoreCache: release: com.android.settingscom.android.settings.MainSettings0
08-27 18:30:18.394 19816 19824 D RendererCoreCache: removed: com.android.settingscom.android.settings.MainSettings0
08-27 18:30:18.394 19816 19824 D RendererCore: cleanUp: miui.maml.RendererCore@f297cb1
08-27 18:30:18.394 19816 19824 D ScreenElementRoot: finish
08-27 18:30:18.394 19816 19824 I NotifierManager: releaseNotifier:TimeChanged  miui.maml.data.DateTimeVariableUpdater@161aca4
08-27 18:30:18.395 19816 19824 D FancyDrawable: cleanUp:   [miui.maml.FancyDrawable@9a2da09]
08-27 18:30:18.421   742  1878 D NuPlayerDriver: start(0xf2220a80), state is 4, eos is 0
08-27 18:30:18.422   742  4408 I GenericSource: start
08-27 18:30:18.428   742  4413 I MediaPlayerService: MediaPlayerService::getOMX
08-27 18:30:18.429   742  4413 I OMXClient: MuxOMX ctor
08-27 18:30:18.430   738  2236 I OMXMaster: makeComponentInstance(OMX.qcom.video.decoder.avc) in mediacodec process
08-27 18:30:18.491   738  2236 E         : Service not available yet
08-27 18:30:18.504   479  2736 E ANDR-PERF-MPCTL: Invalid profile no. 0, total profiles 0 only
08-27 18:30:18.504   738  2236 I OMX-VDEC-1080P: Video slvp perflock acquired
08-27 18:30:18.658   738  2236 I OMX-VDEC-1080P: component_init: OMX.qcom.video.decoder.avc : fd=10
08-27 18:30:18.669   738  2236 I OMX-VDEC-1080P: omx_vdec::component_init() success : fd=10
08-27 18:30:18.674   742  4412 I MediaCodec: [OMX.qcom.video.decoder.avc] setting surface generation to 759809
08-27 18:30:18.679   738  2236 E OMX-VDEC-1080P: Extension: OMX.google.android.index.storeANWBufferInMetadata not implemented
08-27 18:30:18.679   742  4413 I ExtendedACodec: setupVideoDecoder()
08-27 18:30:18.679   742  4413 I ExtendedACodec: vpp-enable search is 0 and value is 0
08-27 18:30:18.687   479  2736 E ANDR-PERF-RESOURCEQS: Failed to apply optimization [4, 0]
08-27 18:30:18.695   738  2236 E OMX-VDEC-1080P: Extension: OMX.google.android.index.storeANWBufferInMetadata not implemented
08-27 18:30:18.695   738  2236 E OMX-VDEC-1080P: Extension: OMX.google.android.index.configureVideoTunnelMode not implemented
08-27 18:30:18.695   738  2236 E OMX-VDEC-1080P: Extension: OMX.google.android.index.useAndroidNativeBuffer is supported
08-27 18:30:18.696   742  4413 I ExtendedACodec: Decoder will be in frame by frame mode
08-27 18:30:18.704   738  1888 E OMX-VDEC-1080P: Does not handle dataspace request
08-27 18:30:18.704   738  1888 E OMXNodeInstance: getConfig(2e2004f:qcom.decoder.avc, ??(0x7f000062)) ERROR: UnsupportedSetting(0x80001019)
08-27 18:30:18.710   742  4412 I MediaCodec: MediaCodec will operate in async mode
08-27 18:30:18.737   742  4413 D SurfaceUtils: set up nativeWindow 0xf2243808 for 430x864, color 0x7fa30c06, rotation 0, usage 0x2002900
08-27 18:30:18.923   738  2236 E OMX-VDEC-1080P: Does not handle dataspace request
08-27 18:30:18.923   738  2236 E OMXNodeInstance: getConfig(2e2004f:qcom.decoder.avc, ??(0x7f000062)) ERROR: UnsupportedSetting(0x80001019)
08-27 18:30:18.941   742  4413 D SurfaceUtils: set up nativeWindow 0xf2243808 for 432x864, color 0x7fa30c06, rotation 0, usage 0x2002900
08-27 18:30:18.975   738  4419 E DisplayMetaData: Unknown paramType 2
08-27 18:30:18.984   738  4419 E DisplayMetaData: Unknown paramType 2
08-27 18:30:18.985   738  2236 E OMX-VDEC-1080P: Does not handle dataspace request
08-27 18:30:18.985   738  2236 E OMXNodeInstance: getConfig(2e2004f:qcom.decoder.avc, ??(0x7f000062)) ERROR: UnsupportedSetting(0x80001019)
08-27 18:30:18.989   738  4419 E DisplayMetaData: Unknown paramType 2
08-27 18:30:18.990   738  2236 E OMX-VDEC-1080P: Does not handle dataspace request
08-27 18:30:18.990   738  2236 E OMXNodeInstance: getConfig(2e2004f:qcom.decoder.avc, ??(0x7f000062)) ERROR: UnsupportedSetting(0x80001019)
08-27 18:30:18.993   742  4408 D NuPlayerDriver: notifyListener_l(0xf2220a80), (5, 430, 864), loop setting(0, 1)
08-27 18:30:18.993   742  4408 D NuPlayerDriver: notifyListener_l(0xf2220a80), (200, 3, 0), loop setting(0, 1)
08-27 18:30:18.993   742  4408 D NuPlayerDriver: notifyListener_l(0xf2220a80), (6, 0, 0), loop setting(0, 1)
08-27 18:30:19.009   738  4419 E DisplayMetaData: Unknown paramType 2
08-27 18:30:19.012   738  4419 E DisplayMetaData: Unknown paramType 2
08-27 18:30:19.015   738  4419 E DisplayMetaData: Unknown paramType 2
08-27 18:30:19.024 28439 28450 I chatty  : uid=1000(system) Binder:28439_1 expire 1 line
08-27 18:30:19.027   738  4419 E DisplayMetaData: Unknown paramType 2
08-27 18:30:19.035   738  4419 E DisplayMetaData: Unknown paramType 2
08-27 18:30:19.036   738  4419 E DisplayMetaData: Unknown paramType 2
08-27 18:30:19.043   738  4419 E DisplayMetaData: Unknown paramType 2
08-27 18:30:19.046   738  4419 E DisplayMetaData: Unknown paramType 2
08-27 18:30:19.059   738  4419 E DisplayMetaData: Unknown paramType 2
08-27 18:30:19.076   738  4419 E DisplayMetaData: Unknown paramType 2
08-27 18:30:19.092   738  4419 E DisplayMetaData: Unknown paramType 2
08-27 18:30:19.109   738  4419 E DisplayMetaData: Unknown paramType 2
08-27 18:30:19.126   738  4419 E DisplayMetaData: Unknown paramType 2
08-27 18:30:19.143   738  4419 E DisplayMetaData: Unknown paramType 2
08-27 18:30:19.160   738  4419 E DisplayMetaData: Unknown paramType 2
08-27 18:30:19.177   738  4419 E DisplayMetaData: Unknown paramType 2
08-27 18:30:19.193   738  4419 E DisplayMetaData: Unknown paramType 2
08-27 18:30:19.210   738  4419 E DisplayMetaData: Unknown paramType 2
08-27 18:30:19.227   738  4419 E DisplayMetaData: Unknown paramType 2
08-27 18:30:19.244   738  4419 E DisplayMetaData: Unknown paramType 2
08-27 18:30:19.260   738  4419 E DisplayMetaData: Unknown paramType 2
08-27 18:30:19.277   738  4419 E DisplayMetaData: Unknown paramType 2
08-27 18:30:19.294   738  4419 E DisplayMetaData: Unknown paramType 2
08-27 18:30:19.310   738  4419 E DisplayMetaData: Unknown paramType 2
08-27 18:30:19.327   738  4419 E DisplayMetaData: Unknown paramType 2
08-27 18:30:19.344   738  4419 E DisplayMetaData: Unknown paramType 2
08-27 18:30:19.362   738  4419 E DisplayMetaData: Unknown paramType 2
08-27 18:30:19.377   738  4419 E DisplayMetaData: Unknown paramType 2
08-27 18:30:19.394   738  4419 E DisplayMetaData: Unknown paramType 2
08-27 18:30:19.412   738  4419 E DisplayMetaData: Unknown paramType 2
08-27 18:30:19.427   738  4419 E DisplayMetaData: Unknown paramType 2
08-27 18:30:19.444   738  4419 E DisplayMetaData: Unknown paramType 2
08-27 18:30:19.461   738  4419 E DisplayMetaData: Unknown paramType 2
08-27 18:30:19.477   738  4419 E DisplayMetaData: Unknown paramType 2
08-27 18:30:19.495   738  4419 E DisplayMetaData: Unknown paramType 2
08-27 18:30:19.511   738  4419 E DisplayMetaData: Unknown paramType 2
08-27 18:30:19.528   738  4419 E DisplayMetaData: Unknown paramType 2
08-27 18:30:19.544   738  4419 E DisplayMetaData: Unknown paramType 2
08-27 18:30:19.561   738  4419 E DisplayMetaData: Unknown paramType 2
08-27 18:30:19.578   738  4419 E DisplayMetaData: Unknown paramType 2
08-27 18:30:19.595   738  4419 E DisplayMetaData: Unknown paramType 2
08-27 18:30:19.612   738  4419 E DisplayMetaData: Unknown paramType 2
08-27 18:30:19.628   738  4419 E DisplayMetaData: Unknown paramType 2
08-27 18:30:19.644   738  4419 E DisplayMetaData: Unknown paramType 2
08-27 18:30:19.661   738  4419 E DisplayMetaData: Unknown paramType 2
08-27 18:30:19.678   738  4419 E DisplayMetaData: Unknown paramType 2
08-27 18:30:19.695   738  4419 E DisplayMetaData: Unknown paramType 2
08-27 18:30:19.712   738  4419 E DisplayMetaData: Unknown paramType 2
08-27 18:30:19.728   738  4419 E DisplayMetaData: Unknown paramType 2
08-27 18:30:19.745   738  4419 E DisplayMetaData: Unknown paramType 2
08-27 18:30:19.762   738  4419 E DisplayMetaData: Unknown paramType 2
08-27 18:30:19.779   738  4419 E DisplayMetaData: Unknown paramType 2
08-27 18:30:19.795   738  4419 E DisplayMetaData: Unknown paramType 2
08-27 18:30:19.812   738  4419 E DisplayMetaData: Unknown paramType 2
08-27 18:30:19.828   738  4419 E DisplayMetaData: Unknown paramType 2
08-27 18:30:19.846   738  4419 E DisplayMetaData: Unknown paramType 2
08-27 18:30:19.863   738  4419 E DisplayMetaData: Unknown paramType 2
08-27 18:30:19.878   738  4419 E DisplayMetaData: Unknown paramType 2
08-27 18:30:19.895   738  4419 E DisplayMetaData: Unknown paramType 2
08-27 18:30:19.912   738  4419 E DisplayMetaData: Unknown paramType 2
08-27 18:30:19.928   738  4419 E DisplayMetaData: Unknown paramType 2
08-27 18:30:19.946   738  4419 E DisplayMetaData: Unknown paramType 2
08-27 18:30:19.962   738  4419 E DisplayMetaData: Unknown paramType 2
08-27 18:30:19.979   738  4419 E DisplayMetaData: Unknown paramType 2
08-27 18:30:19.995   738  4419 E DisplayMetaData: Unknown paramType 2
08-27 18:30:20.012   738  4419 E DisplayMetaData: Unknown paramType 2
08-27 18:30:20.029   738  4419 E DisplayMetaData: Unknown paramType 2
08-27 18:30:20.046   738  4419 E DisplayMetaData: Unknown paramType 2
08-27 18:30:20.062   738  4419 E DisplayMetaData: Unknown paramType 2
08-27 18:30:20.079   738  4419 E DisplayMetaData: Unknown paramType 2
08-27 18:30:20.095   738  4419 E DisplayMetaData: Unknown paramType 2
08-27 18:30:20.112   738  4419 E DisplayMetaData: Unknown paramType 2
08-27 18:30:20.128   738  4419 E DisplayMetaData: Unknown paramType 2
08-27 18:30:20.146   738  4419 E DisplayMetaData: Unknown paramType 2
08-27 18:30:20.162   738  4419 E DisplayMetaData: Unknown paramType 2
08-27 18:30:20.181   738  4419 E DisplayMetaData: Unknown paramType 2
08-27 18:30:20.196   738  4419 E DisplayMetaData: Unknown paramType 2
08-27 18:30:20.212   738  4419 E DisplayMetaData: Unknown paramType 2
08-27 18:30:20.229   738  4419 E DisplayMetaData: Unknown paramType 2
08-27 18:30:20.246   738  4419 E DisplayMetaData: Unknown paramType 2
08-27 18:30:20.269   738  4419 E DisplayMetaData: Unknown paramType 2
08-27 18:30:20.279   738  4419 E DisplayMetaData: Unknown paramType 2
08-27 18:30:20.295   738  4419 E DisplayMetaData: Unknown paramType 2
08-27 18:30:20.312   738  4419 E DisplayMetaData: Unknown paramType 2
08-27 18:30:20.329   738  4419 E DisplayMetaData: Unknown paramType 2
08-27 18:30:20.346   738  4419 E DisplayMetaData: Unknown paramType 2
08-27 18:30:20.364   738  4419 E DisplayMetaData: Unknown paramType 2
08-27 18:30:20.380   738  4419 E DisplayMetaData: Unknown paramType 2
08-27 18:30:20.396   738  4419 E DisplayMetaData: Unknown paramType 2
08-27 18:30:20.413   738  4419 E DisplayMetaData: Unknown paramType 2
08-27 18:30:20.429   738  4419 E DisplayMetaData: Unknown paramType 2
08-27 18:30:20.447   738  4419 E DisplayMetaData: Unknown paramType 2
08-27 18:30:20.463   738  4419 E DisplayMetaData: Unknown paramType 2
08-27 18:30:20.479   738  4419 E DisplayMetaData: Unknown paramType 2
08-27 18:30:20.481  1804  1804 I chatty  : uid=1000(system) com.android.systemui expire 155 lines
08-27 18:30:20.497   738  4419 E DisplayMetaData: Unknown paramType 2
08-27 18:30:20.517   738  4419 E DisplayMetaData: Unknown paramType 2
08-27 18:30:20.531   738  4419 E DisplayMetaData: Unknown paramType 2
08-27 18:30:20.546   738  4419 E DisplayMetaData: Unknown paramType 2
08-27 18:30:20.694   738  4419 E DisplayMetaData: Unknown paramType 2
08-27 18:30:20.695  1566  2129 W BaseMiuiPhoneWindowManager: keyCode:4 down:true eventTime:26517148 downTime:26517148 policyFlags:2b000000 flags:8 deviceId:-1 isScreenOn:true keyguardActive:false repeatCount:0
08-27 18:30:20.696  1566  3846 W BaseMiuiPhoneWindowManager: keyCode:4 down:false eventTime:26517148 downTime:26517148 policyFlags:2b000000 flags:8 deviceId:-1 isScreenOn:true keyguardActive:false repeatCount:0
08-27 18:30:20.699   738  4419 E DisplayMetaData: Unknown paramType 2
08-27 18:30:20.704   738  4419 E DisplayMetaData: Unknown paramType 2
08-27 18:30:20.706   738  4419 E DisplayMetaData: Unknown paramType 2
08-27 18:30:20.710   738  4419 E DisplayMetaData: Unknown paramType 2
08-27 18:30:20.714   738  4419 E DisplayMetaData: Unknown paramType 2
08-27 18:30:20.718   738  4419 E DisplayMetaData: Unknown paramType 2
08-27 18:30:20.721   738  4419 E DisplayMetaData: Unknown paramType 2
08-27 18:30:20.725   738  4419 E DisplayMetaData: Unknown paramType 2
08-27 18:30:20.728   738  4419 E DisplayMetaData: Unknown paramType 2
08-27 18:30:20.733   738  4419 E DisplayMetaData: Unknown paramType 2
08-27 18:30:20.745   738  4419 E DisplayMetaData: Unknown paramType 2
08-27 18:30:20.762   738  4419 E DisplayMetaData: Unknown paramType 2
08-27 18:30:20.779   738  4419 E DisplayMetaData: Unknown paramType 2
08-27 18:30:20.795   738  4419 E DisplayMetaData: Unknown paramType 2
08-27 18:30:20.813   738  4419 E DisplayMetaData: Unknown paramType 2
08-27 18:30:20.829   738  4419 E DisplayMetaData: Unknown paramType 2
08-27 18:30:20.836  1566  1587 I chatty  : uid=1000(system) android.display expire 17 lines
08-27 18:30:20.846   738  4419 E DisplayMetaData: Unknown paramType 2
08-27 18:30:20.846   742  1878 D NuPlayerDriver: reset(0xf2220a80) at state 5
08-27 18:30:20.846   742  1878 D NuPlayerDriver: notifyListener_l(0xf2220a80), (8, 0, 0), loop setting(0, 1)
08-27 18:30:20.855   738  2236 I OMX-VDEC-1080P: omx_vdec::component_deinit() complete
08-27 18:30:20.857   738  2236 I OMX-VDEC-1080P: Exit OMX vdec Destructor: fd=10
08-27 18:30:20.857   738  2236 I OMX-VDEC-1080P: Video slvp perflock released
08-27 18:30:20.862   742  4408 W AMessage: failed to post message as target looper for handler 0 is gone.
08-27 18:30:20.863   742  4408 D NuPlayerDriver: notifyResetComplete(0xf2220a80)
08-27 18:30:20.863   742  1878 D NuPlayerDriver: reset(0xf2220a80) at state 0
08-27 18:30:21.974   887   887 I MSM-irqbalance: Decided to move IRQ3 from CPU3 [P:0] to CPU6 [P:1] (banned)
08-27 18:30:21.975   887   887 I MSM-irqbalance: Decided to move IRQ5 from CPU3 [P:0] to CPU4 [P:1] (banned)
08-27 18:30:21.976   887   887 I MSM-irqbalance: Decided to move IRQ188 from CPU3 [P:0] to CPU7 [P:1] (banned)
08-27 18:30:21.977   887   887 I MSM-irqbalance: Decided to move IRQ3 from CPU1 [P:0] to CPU5 [P:1] (banned)
08-27 18:30:21.977   887   887 I MSM-irqbalance: Decided to move IRQ5 from CPU1 [P:0] to CPU6 [P:1] (banned)
08-27 18:30:21.977   887   887 I MSM-irqbalance: Decided to move IRQ164 from CPU1 [P:0] to CPU4 [P:1] (banned)
08-27 18:30:21.978   887   887 I MSM-irqbalance: Decided to move IRQ163 from CPU0 [P:0] to CPU7 [P:1] (banned)
08-27 18:30:21.979   887   887 I MSM-irqbalance: Decided to move IRQ3 from CPU0 [P:0] to CPU5 [P:1] (banned)
08-27 18:30:21.979   887   887 I MSM-irqbalance: Decided to move IRQ5 from CPU0 [P:0] to CPU6 [P:1] (banned)
08-27 18:30:21.979   887   887 I MSM-irqbalance: Decided to move IRQ188 from CPU0 [P:0] to CPU4 [P:1] (banned)
08-27 18:30:21.980   887   887 I MSM-irqbalance: Decided to move IRQ3 from CPU2 [P:0] to CPU7 [P:1] (banned)
08-27 18:30:21.981   887   887 I MSM-irqbalance: Decided to move IRQ5 from CPU2 [P:0] to CPU5 [P:1] (banned)
08-27 18:30:22.076  1566  3846 I ActivityManager: START u0 {act=android.intent.action.MAIN cmp=com.android.settings/.SubSettings (has extras)} from uid 1000 on display 0
08-27 18:30:22.088   479  2736 E ANDR-PERF-MPCTL: Invalid profile no. 0, total profiles 0 only
08-27 18:30:22.159 28439 28439 V BoostFramework: BoostFramework() : mPerf = com.qualcomm.qti.Performance@f54136c
08-27 18:30:22.159 28439 28439 V BoostFramework: BoostFramework() : mPerf = com.qualcomm.qti.Performance@63f5d35
08-27 18:30:22.159 28439 28439 V BoostFramework: BoostFramework() : mPerf = com.qualcomm.qti.Performance@35f05ca
08-27 18:30:22.172 28439 28439 D SubSettings: Launching fragment com.android.settings.InfinityDisplaySettings
08-27 18:30:22.268 28439 28439 E ExtMediaPlayer-JNI: env->IsInstanceOf fails
08-27 18:30:22.268 28439 28439 E MediaPlayer-JNI: JNIMediaPlayerFactory: bIsQCMediaPlayerPresent 0
08-27 18:30:22.268 28439 28439 E ExtMediaPlayer-JNI: env->IsInstanceOf fails
08-27 18:30:22.268 28439 28439 E MediaPlayer-JNI: JNIMediaPlayerFactory: bIsQCMediaPlayerPresent 0
08-27 18:30:22.271   742   742 I ExtendedNuUtils: printFileName fd(11) -> /system/priv-app/Settings/Settings.apk
08-27 18:30:22.271   742  4425 D NuPlayer: onSetVideoSurface(0xf2243800, no video decoder)
08-27 18:30:22.292   742  4425 D NuPlayerDriver: notifyListener_l(0xf2220a80), (5, 430, 864), loop setting(0, 0)
08-27 18:30:22.292   740   953 D MediaBufferGroup: creating MemoryDealer
08-27 18:30:22.293   742  4425 D NuPlayerDriver: notifyListener_l(0xf2220a80), (1, 0, 0), loop setting(0, 0)
08-27 18:30:22.312 28439 28439 D MediaPlayer: getMetadata
08-27 18:30:22.312   742   742 D NuPlayerDriver: start(0xf2220a80), state is 4, eos is 0
08-27 18:30:22.312   742  4425 I GenericSource: start
08-27 18:30:22.318   742  4430 I MediaPlayerService: MediaPlayerService::getOMX
08-27 18:30:22.319   742  4430 I OMXClient: MuxOMX ctor
08-27 18:30:22.319   738  2236 I OMXMaster: makeComponentInstance(OMX.qcom.video.decoder.avc) in mediacodec process
08-27 18:30:22.326   738  2236 E         : Service not available yet
08-27 18:30:22.328   738  2236 I OMX-VDEC-1080P: Video slvp perflock acquired
08-27 18:30:22.329   738  2236 I OMX-VDEC-1080P: component_init: OMX.qcom.video.decoder.avc : fd=10
08-27 18:30:22.335   738  2236 I OMX-VDEC-1080P: omx_vdec::component_init() success : fd=10
08-27 18:30:22.336   742  4429 I MediaCodec: [OMX.qcom.video.decoder.avc] setting surface generation to 759810
08-27 18:30:22.337   738  2236 E OMX-VDEC-1080P: Extension: OMX.google.android.index.storeANWBufferInMetadata not implemented
08-27 18:30:22.337   742  4430 I ExtendedACodec: setupVideoDecoder()
08-27 18:30:22.337   742  4430 I ExtendedACodec: vpp-enable search is 0 and value is 0
08-27 18:30:22.340   479  2736 E ANDR-PERF-RESOURCEQS: Failed to apply optimization [4, 0]
08-27 18:30:22.343   738  1888 E OMX-VDEC-1080P: Extension: OMX.google.android.index.storeANWBufferInMetadata not implemented
08-27 18:30:22.343   738  1888 E OMX-VDEC-1080P: Extension: OMX.google.android.index.configureVideoTunnelMode not implemented
08-27 18:30:22.343   738  1888 E OMX-VDEC-1080P: Extension: OMX.google.android.index.useAndroidNativeBuffer is supported
08-27 18:30:22.344   742  4430 I ExtendedACodec: Decoder will be in frame by frame mode
08-27 18:30:22.345   738  1888 E OMX-VDEC-1080P: Does not handle dataspace request
08-27 18:30:22.345   738  1888 E OMXNodeInstance: getConfig(2e20050:qcom.decoder.avc, ??(0x7f000062)) ERROR: UnsupportedSetting(0x80001019)
08-27 18:30:22.347   742  4429 I MediaCodec: MediaCodec will operate in async mode
08-27 18:30:22.359   742  4430 D SurfaceUtils: set up nativeWindow 0xf2243808 for 430x864, color 0x7fa30c06, rotation 0, usage 0x2002900
08-27 18:30:22.379   738  1888 E OMX-VDEC-1080P: Does not handle dataspace request
08-27 18:30:22.379   738  1888 E OMXNodeInstance: getConfig(2e20050:qcom.decoder.avc, ??(0x7f000062)) ERROR: UnsupportedSetting(0x80001019)
08-27 18:30:22.385   742  4430 D SurfaceUtils: set up nativeWindow 0xf2243808 for 432x864, color 0x7fa30c06, rotation 0, usage 0x2002900
08-27 18:30:22.396   738  4431 E DisplayMetaData: Unknown paramType 2
08-27 18:30:22.399   738  4431 E DisplayMetaData: Unknown paramType 2
08-27 18:30:22.400   738  2236 E OMX-VDEC-1080P: Does not handle dataspace request
08-27 18:30:22.400   738  2236 E OMXNodeInstance: getConfig(2e20050:qcom.decoder.avc, ??(0x7f000062)) ERROR: UnsupportedSetting(0x80001019)
08-27 18:30:22.401   738  1888 E OMX-VDEC-1080P: Does not handle dataspace request
08-27 18:30:22.401   738  1888 E OMXNodeInstance: getConfig(2e20050:qcom.decoder.avc, ??(0x7f000062)) ERROR: UnsupportedSetting(0x80001019)
08-27 18:30:22.403   738  4431 E DisplayMetaData: Unknown paramType 2
08-27 18:30:22.405   742  4425 D NuPlayerDriver: notifyListener_l(0xf2220a80), (5, 430, 864), loop setting(0, 1)
08-27 18:30:22.405   742  4425 D NuPlayerDriver: notifyListener_l(0xf2220a80), (200, 3, 0), loop setting(0, 1)
08-27 18:30:22.405   742  4425 D NuPlayerDriver: notifyListener_l(0xf2220a80), (6, 0, 0), loop setting(0, 1)
08-27 18:30:22.405 28439 29878 W MediaPlayer: info/warning (3, 0)
08-27 18:30:22.409   738  4431 E DisplayMetaData: Unknown paramType 2
08-27 18:30:22.413   738  4431 E DisplayMetaData: Unknown paramType 2
08-27 18:30:22.417   738  4431 E DisplayMetaData: Unknown paramType 2
08-27 18:30:22.421   738  4431 E DisplayMetaData: Unknown paramType 2
08-27 18:30:22.424   738  4431 E DisplayMetaData: Unknown paramType 2
08-27 18:30:22.428   738  4431 E DisplayMetaData: Unknown paramType 2
08-27 18:30:22.444   738  4431 E DisplayMetaData: Unknown paramType 2
08-27 18:30:22.467   738  4431 E DisplayMetaData: Unknown paramType 2
08-27 18:30:22.484   738  4431 E DisplayMetaData: Unknown paramType 2
08-27 18:30:22.501   738  4431 E DisplayMetaData: Unknown paramType 2
08-27 18:30:22.518   738  4431 E DisplayMetaData: Unknown paramType 2
08-27 18:30:22.534   738  4431 E DisplayMetaData: Unknown paramType 2
08-27 18:30:22.551   738  4431 E DisplayMetaData: Unknown paramType 2
08-27 18:30:22.568   738  4431 E DisplayMetaData: Unknown paramType 2
08-27 18:30:22.585   738  4431 E DisplayMetaData: Unknown paramType 2
08-27 18:30:22.602   738  4431 E DisplayMetaData: Unknown paramType 2
08-27 18:30:22.618   738  4431 E DisplayMetaData: Unknown paramType 2
08-27 18:30:22.636   738  4431 E DisplayMetaData: Unknown paramType 2
08-27 18:30:22.652   738  4431 E DisplayMetaData: Unknown paramType 2
08-27 18:30:22.668   738  4431 E DisplayMetaData: Unknown paramType 2
08-27 18:30:22.685   738  4431 E DisplayMetaData: Unknown paramType 2
08-27 18:30:22.702   738  4431 E DisplayMetaData: Unknown paramType 2
08-27 18:30:22.719   738  4431 E DisplayMetaData: Unknown paramType 2
08-27 18:30:22.736   738  4431 E DisplayMetaData: Unknown paramType 2
08-27 18:30:22.752   738  4431 E DisplayMetaData: Unknown paramType 2
08-27 18:30:22.769   738  4431 E DisplayMetaData: Unknown paramType 2
08-27 18:30:22.782  4434  4434 I chatty  : uid=1000(system) expire 2 lines
08-27 18:30:22.786   738  4431 E DisplayMetaData: Unknown paramType 2
08-27 18:30:22.789  4434  4434 I subsystem_ramdump: Usage:./system/bin/subsystem_ramdump [arg1] [arg2] [arg3]
08-27 18:30:22.789  4434  4434 I subsystem_ramdump: [arg1]: (1/2) Ramdump location: 1: eMMC: /data/ramdump or 2: SD card: /sdcard/ramdump
08-27 18:30:22.789  4434  4434 I subsystem_ramdump: [arg2]: (1/0) 1: Enable RPM log / 0: Disable RPM log
08-27 18:30:22.789  4434  4434 I subsystem_ramdump: [arg3]: (1/0) 1: Enable qdss ramdump / 0: Disable qdss ramdump
08-27 18:30:22.790  4434  4434 E subsystem_ramdump: Directory /sdcard/ramdump does not exist
08-27 18:30:22.790  4434  4434 I subsystem_ramdump: Attemping to create /sdcard/ramdump
08-27 18:30:22.790  4434  4434 E subsystem_ramdump: Unable to create /sdcard/ramdump
08-27 18:30:22.790  4434  4434 E subsystem_ramdump: Unable to create /sdcard/ramdump
08-27 18:30:22.790  4434  4434 E subsystem_ramdump: Failed to initialize ramdump
08-27 18:30:22.801   738  4431 E DisplayMetaData: Unknown paramType 2
08-27 18:30:22.818   738  4431 E DisplayMetaData: Unknown paramType 2
08-27 18:30:22.836   738  4431 E DisplayMetaData: Unknown paramType 2
08-27 18:30:22.852   738  4431 E DisplayMetaData: Unknown paramType 2
08-27 18:30:22.870   738  4431 E DisplayMetaData: Unknown paramType 2
