08-27 18:30:22.886   738  4431 E DisplayMetaData: Unknown paramType 2
08-27 18:30:22.903   738  4431 E DisplayMetaData: Unknown paramType 2
08-27 18:30:22.920   738  4431 E DisplayMetaData: Unknown paramType 2
08-27 18:30:22.936   738  4431 E DisplayMetaData: Unknown paramType 2
08-27 18:30:22.953   738  4431 E DisplayMetaData: Unknown paramType 2
08-27 18:30:22.970   738  4431 E DisplayMetaData: Unknown paramType 2
08-27 18:30:22.987   738  4431 E DisplayMetaData: Unknown paramType 2
08-27 18:30:23.003   738  4431 E DisplayMetaData: Unknown paramType 2
08-27 18:30:23.020   738  4431 E DisplayMetaData: Unknown paramType 2
08-27 18:30:23.036   738  4431 E DisplayMetaData: Unknown paramType 2
08-27 18:30:23.041   738  4431 E DisplayMetaData: Unknown paramType 2
08-27 18:30:23.053   738  4431 E DisplayMetaData: Unknown paramType 2
08-27 18:30:23.070   738  4431 E DisplayMetaData: Unknown paramType 2
08-27 18:30:23.086   738  4431 E DisplayMetaData: Unknown paramType 2
08-27 18:30:23.103   738  4431 E DisplayMetaData: Unknown paramType 2
08-27 18:30:23.120   738  4431 E DisplayMetaData: Unknown paramType 2
08-27 18:30:23.136   738  4431 E DisplayMetaData: Unknown paramType 2
08-27 18:30:23.153   738  4431 E DisplayMetaData: Unknown paramType 2
08-27 18:30:23.171   738  4431 E DisplayMetaData: Unknown paramType 2
08-27 18:30:23.186   738  4431 E DisplayMetaData: Unknown paramType 2
08-27 18:30:23.203   738  4431 E DisplayMetaData: Unknown paramType 2
08-27 18:30:23.221   738  4431 E DisplayMetaData: Unknown paramType 2
08-27 18:30:23.236   738  4431 E DisplayMetaData: Unknown paramType 2
08-27 18:30:23.253   738  4431 E DisplayMetaData: Unknown paramType 2
08-27 18:30:23.271   738  4431 E DisplayMetaData: Unknown paramType 2
08-27 18:30:23.286   738  4431 E DisplayMetaData: Unknown paramType 2
08-27 18:30:23.303   738  4431 E DisplayMetaData: Unknown paramType 2
08-27 18:30:23.320   738  4431 E DisplayMetaData: Unknown paramType 2
08-27 18:30:23.337   738  4431 E DisplayMetaData: Unknown paramType 2
08-27 18:30:23.354   738  4431 E DisplayMetaData: Unknown paramType 2
08-27 18:30:23.371   738  4431 E DisplayMetaData: Unknown paramType 2
08-27 18:30:23.388   738  4431 E DisplayMetaData: Unknown paramType 2
08-27 18:30:23.405   738  4431 E DisplayMetaData: Unknown paramType 2
08-27 18:30:23.421   738  4431 E DisplayMetaData: Unknown paramType 2
08-27 18:30:23.438   738  4431 E DisplayMetaData: Unknown paramType 2
08-27 18:30:23.454   738  4431 E DisplayMetaData: Unknown paramType 2
08-27 18:30:23.471   738  4431 E DisplayMetaData: Unknown paramType 2
08-27 18:30:23.488   738  4431 E DisplayMetaData: Unknown paramType 2
08-27 18:30:23.506   738  4431 E DisplayMetaData: Unknown paramType 2
08-27 18:30:23.522   738  4431 E DisplayMetaData: Unknown paramType 2
08-27 18:30:23.538   738  4431 E DisplayMetaData: Unknown paramType 2
08-27 18:30:23.554   738  4431 E DisplayMetaData: Unknown paramType 2
08-27 18:30:23.571   738  4431 E DisplayMetaData: Unknown paramType 2
08-27 18:30:23.588   738  4431 E DisplayMetaData: Unknown paramType 2
08-27 18:30:23.605   738  4431 E DisplayMetaData: Unknown paramType 2
08-27 18:30:23.621   738  4431 E DisplayMetaData: Unknown paramType 2
08-27 18:30:23.638   738  4431 E DisplayMetaData: Unknown paramType 2
08-27 18:30:23.654   738  4431 E DisplayMetaData: Unknown paramType 2
08-27 18:30:23.671   738  4431 E DisplayMetaData: Unknown paramType 2
08-27 18:30:23.687   738  4431 E DisplayMetaData: Unknown paramType 2
08-27 18:30:23.704   738  4431 E DisplayMetaData: Unknown paramType 2
08-27 18:30:23.720   738  4431 E DisplayMetaData: Unknown paramType 2
08-27 18:30:23.737   738  4431 E DisplayMetaData: Unknown paramType 2
08-27 18:30:23.753   738  4431 E DisplayMetaData: Unknown paramType 2
08-27 18:30:23.771   738  4431 E DisplayMetaData: Unknown paramType 2
08-27 18:30:23.787   738  4431 E DisplayMetaData: Unknown paramType 2
08-27 18:30:23.804   738  4431 E DisplayMetaData: Unknown paramType 2
08-27 18:30:23.820   738  4431 E DisplayMetaData: Unknown paramType 2
08-27 18:30:23.838   738  4431 E DisplayMetaData: Unknown paramType 2
08-27 18:30:23.855   738  4431 E DisplayMetaData: Unknown paramType 2
08-27 18:30:23.871   738  4431 E DisplayMetaData: Unknown paramType 2
08-27 18:30:23.888   738  4431 E DisplayMetaData: Unknown paramType 2
08-27 18:30:23.905   738  4431 E DisplayMetaData: Unknown paramType 2
08-27 18:30:23.922   738  4431 E DisplayMetaData: Unknown paramType 2
08-27 18:30:23.938   738  4431 E DisplayMetaData: Unknown paramType 2
08-27 18:30:23.955   738  4431 E DisplayMetaData: Unknown paramType 2
08-27 18:30:23.972   738  4431 E DisplayMetaData: Unknown paramType 2
08-27 18:30:23.988   738  4431 E DisplayMetaData: Unknown paramType 2
08-27 18:30:24.005   738  4431 E DisplayMetaData: Unknown paramType 2
08-27 18:30:24.022   738  4431 E DisplayMetaData: Unknown paramType 2
08-27 18:30:24.038   738  4431 E DisplayMetaData: Unknown paramType 2
08-27 18:30:24.055   738  4431 E DisplayMetaData: Unknown paramType 2
08-27 18:30:24.072   738  4431 E DisplayMetaData: Unknown paramType 2
08-27 18:30:24.089   738  4431 E DisplayMetaData: Unknown paramType 2
08-27 18:30:24.105   738  4431 E DisplayMetaData: Unknown paramType 2
08-27 18:30:24.122   738  4431 E DisplayMetaData: Unknown paramType 2
08-27 18:30:24.139   738  4431 E DisplayMetaData: Unknown paramType 2
08-27 18:30:24.156   738  4431 E DisplayMetaData: Unknown paramType 2
08-27 18:30:24.173   738  4431 E DisplayMetaData: Unknown paramType 2
08-27 18:30:24.190   738  4431 E DisplayMetaData: Unknown paramType 2
08-27 18:30:24.206   738  4431 E DisplayMetaData: Unknown paramType 2
08-27 18:30:24.211  1746  1746 I chatty  : uid=1010(wifi) /system/bin/wpa_supplicant expire 18 lines
08-27 18:30:24.224   738  4431 E DisplayMetaData: Unknown paramType 2
08-27 18:30:24.240   738  4431 E DisplayMetaData: Unknown paramType 2
08-27 18:30:24.257   738  4431 E DisplayMetaData: Unknown paramType 2
08-27 18:30:24.272   738  4431 E DisplayMetaData: Unknown paramType 2
08-27 18:30:24.289   738  4431 E DisplayMetaData: Unknown paramType 2
08-27 18:30:24.306   738  4431 E DisplayMetaData: Unknown paramType 2
08-27 18:30:24.327   738  4431 E DisplayMetaData: Unknown paramType 2
08-27 18:30:24.338   738  4431 E DisplayMetaData: Unknown paramType 2
08-27 18:30:24.356   738  4431 E DisplayMetaData: Unknown paramType 2
08-27 18:30:24.371   738  4431 E DisplayMetaData: Unknown paramType 2
08-27 18:30:24.388   738  4431 E DisplayMetaData: Unknown paramType 2
08-27 18:30:24.405   738  4431 E DisplayMetaData: Unknown paramType 2
08-27 18:30:24.422   738  4431 E DisplayMetaData: Unknown paramType 2
08-27 18:30:24.439   738  4431 E DisplayMetaData: Unknown paramType 2
08-27 18:30:24.455   738  4431 E DisplayMetaData: Unknown paramType 2
08-27 18:30:24.473   738  4431 E DisplayMetaData: Unknown paramType 2
08-27 18:30:24.489   738  4431 E DisplayMetaData: Unknown paramType 2
08-27 18:30:24.506   738  4431 E DisplayMetaData: Unknown paramType 2
08-27 18:30:24.523   738  4431 E DisplayMetaData: Unknown paramType 2
08-27 18:30:24.539   738  4431 E DisplayMetaData: Unknown paramType 2
08-27 18:30:24.556   738  4431 E DisplayMetaData: Unknown paramType 2
08-27 18:30:24.573   738  4431 E DisplayMetaData: Unknown paramType 2
08-27 18:30:24.590   738  4431 E DisplayMetaData: Unknown paramType 2
08-27 18:30:24.607   738  4431 E DisplayMetaData: Unknown paramType 2
08-27 18:30:24.623   738  4431 E DisplayMetaData: Unknown paramType 2
08-27 18:30:24.640   738  4431 E DisplayMetaData: Unknown paramType 2
08-27 18:30:24.657   738  4431 E DisplayMetaData: Unknown paramType 2
08-27 18:30:24.674   738  4431 E DisplayMetaData: Unknown paramType 2
08-27 18:30:24.690   738  4431 E DisplayMetaData: Unknown paramType 2
08-27 18:30:24.707   738  4431 E DisplayMetaData: Unknown paramType 2
08-27 18:30:24.723   738  4431 E DisplayMetaData: Unknown paramType 2
08-27 18:30:24.740   738  4431 E DisplayMetaData: Unknown paramType 2
08-27 18:30:24.757   738  4431 E DisplayMetaData: Unknown paramType 2
08-27 18:30:24.774   738  4431 E DisplayMetaData: Unknown paramType 2
08-27 18:30:24.790   738  4431 E DisplayMetaData: Unknown paramType 2
08-27 18:30:24.807   738  4431 E DisplayMetaData: Unknown paramType 2
08-27 18:30:24.840   738  4431 E DisplayMetaData: Unknown paramType 2
08-27 18:30:24.858   738  4431 E DisplayMetaData: Unknown paramType 2
08-27 18:30:24.874   738  4431 E DisplayMetaData: Unknown paramType 2
08-27 18:30:24.891   738  4431 E DisplayMetaData: Unknown paramType 2
08-27 18:30:24.908   738  4431 E DisplayMetaData: Unknown paramType 2
08-27 18:30:24.924   738  4431 E DisplayMetaData: Unknown paramType 2
08-27 18:30:24.942   738  4431 E DisplayMetaData: Unknown paramType 2
08-27 18:30:24.957   738  4431 E DisplayMetaData: Unknown paramType 2
08-27 18:30:24.974   738  4431 E DisplayMetaData: Unknown paramType 2
08-27 18:30:24.991   738  4431 E DisplayMetaData: Unknown paramType 2
08-27 18:30:25.008   738  4431 E DisplayMetaData: Unknown paramType 2
08-27 18:30:25.025   738  4431 E DisplayMetaData: Unknown paramType 2
08-27 18:30:25.041   738  4431 E DisplayMetaData: Unknown paramType 2
08-27 18:30:25.058   738  4431 E DisplayMetaData: Unknown paramType 2
08-27 18:30:25.075   738  4431 E DisplayMetaData: Unknown paramType 2
08-27 18:30:25.092   738  4431 E DisplayMetaData: Unknown paramType 2
08-27 18:30:25.108   738  4431 E DisplayMetaData: Unknown paramType 2
08-27 18:30:25.125   738  4431 E DisplayMetaData: Unknown paramType 2
08-27 18:30:25.142   738  4431 E DisplayMetaData: Unknown paramType 2
08-27 18:30:25.158   738  4431 E DisplayMetaData: Unknown paramType 2
08-27 18:30:25.175   738  4431 E DisplayMetaData: Unknown paramType 2
08-27 18:30:25.192   738  4431 E DisplayMetaData: Unknown paramType 2
08-27 18:30:25.208   738  4431 E DisplayMetaData: Unknown paramType 2
08-27 18:30:25.225   738  4431 E DisplayMetaData: Unknown paramType 2
08-27 18:30:25.242   738  4431 E DisplayMetaData: Unknown paramType 2
08-27 18:30:25.258   738  4431 E DisplayMetaData: Unknown paramType 2
08-27 18:30:25.275   738  4431 E DisplayMetaData: Unknown paramType 2
08-27 18:30:25.293   738  4431 E DisplayMetaData: Unknown paramType 2
08-27 18:30:25.308   738  4431 E DisplayMetaData: Unknown paramType 2
08-27 18:30:25.325   738  4431 E DisplayMetaData: Unknown paramType 2
08-27 18:30:25.342   738  4431 E DisplayMetaData: Unknown paramType 2
08-27 18:30:25.358   738  4431 E DisplayMetaData: Unknown paramType 2
08-27 18:30:25.376   738  4431 E DisplayMetaData: Unknown paramType 2
08-27 18:30:25.392   738  4431 E DisplayMetaData: Unknown paramType 2
08-27 18:30:25.408   738  4431 E DisplayMetaData: Unknown paramType 2
08-27 18:30:25.426   738  4431 E DisplayMetaData: Unknown paramType 2
08-27 18:30:25.443   738  4431 E DisplayMetaData: Unknown paramType 2
08-27 18:30:25.459   738  4431 E DisplayMetaData: Unknown paramType 2
08-27 18:30:25.476   738  4431 E DisplayMetaData: Unknown paramType 2
08-27 18:30:25.493   738  4431 E DisplayMetaData: Unknown paramType 2
08-27 18:30:25.509   738  4431 E DisplayMetaData: Unknown paramType 2
08-27 18:30:25.526   738  4431 E DisplayMetaData: Unknown paramType 2
08-27 18:30:25.542   738  4431 E DisplayMetaData: Unknown paramType 2
08-27 18:30:25.559   738  4431 E DisplayMetaData: Unknown paramType 2
08-27 18:30:25.576   738  4431 E DisplayMetaData: Unknown paramType 2
08-27 18:30:25.592   738  4431 E DisplayMetaData: Unknown paramType 2
08-27 18:30:25.609   738  4431 E DisplayMetaData: Unknown paramType 2
08-27 18:30:25.625   738  4431 E DisplayMetaData: Unknown paramType 2
08-27 18:30:25.643   738  4431 E DisplayMetaData: Unknown paramType 2
08-27 18:30:25.660   738  4431 E DisplayMetaData: Unknown paramType 2
08-27 18:30:25.676   738  4431 E DisplayMetaData: Unknown paramType 2
08-27 18:30:25.681   716   782 D ThermalEngine: sensor_wait: xo_therm Wait done.
08-27 18:30:25.682   716   782 D ThermalEngine: sensor_monitor: xo_therm Reading 32000 .
08-27 18:30:25.682   716   782 I ThermalEngine: Sensor:xo_therm:32000 mC
08-27 18:30:25.682   716   785 D ThermalEngine: sensor_wait: case_therm Wait done.
08-27 18:30:25.682   716   782 D ThermalEngine: update_active_thresh: xo_therm Active(1), Hi(1) 38000, Lo(0) -2147483648, Interval(1) 10000
08-27 18:30:25.682   716   782 D ThermalEngine: sensor_monitor: xo_therm Sensor wait.
08-27 18:30:25.682   716   782 D ThermalEngine: sensor_wait: xo_therm Wait start. 10000ms
08-27 18:30:25.684   716   785 D ThermalEngine: sensor_monitor: case_therm Reading 31000 .
08-27 18:30:25.684   716   785 I ThermalEngine: Sensor:case_therm:31000 mC
08-27 18:30:25.684   716   785 D ThermalEngine: update_active_thresh: case_therm Active(1), Hi(1) 41000, Lo(0) -2147483648, Interval(0) -1
08-27 18:30:25.684   716   785 D ThermalEngine: sensor_monitor: case_therm Sensor wait.
08-27 18:30:25.684   716   785 D ThermalEngine: sensor_wait: case_therm Wait start. 10000ms
08-27 18:30:25.692   738  4431 E DisplayMetaData: Unknown paramType 2
08-27 18:30:25.709   738  4431 E DisplayMetaData: Unknown paramType 2
08-27 18:30:25.727   738  4431 E DisplayMetaData: Unknown paramType 2
08-27 18:30:25.743   738  4431 E DisplayMetaData: Unknown paramType 2
08-27 18:30:25.760   738  4431 E DisplayMetaData: Unknown paramType 2
08-27 18:30:25.778   738  4431 E DisplayMetaData: Unknown paramType 2
08-27 18:30:25.793   738  4431 E DisplayMetaData: Unknown paramType 2
08-27 18:30:25.810   738  4431 E DisplayMetaData: Unknown paramType 2
08-27 18:30:25.826   738  4431 E DisplayMetaData: Unknown paramType 2
08-27 18:30:25.844   738  4431 E DisplayMetaData: Unknown paramType 2
08-27 18:30:25.860   738  4431 E DisplayMetaData: Unknown paramType 2
08-27 18:30:25.876   738  4431 E DisplayMetaData: Unknown paramType 2
08-27 18:30:25.894   738  4431 E DisplayMetaData: Unknown paramType 2
08-27 18:30:25.910   738  4431 E DisplayMetaData: Unknown paramType 2
08-27 18:30:25.927   738  4431 E DisplayMetaData: Unknown paramType 2
08-27 18:30:25.943   738  4431 E DisplayMetaData: Unknown paramType 2
08-27 18:30:25.960   738  4431 E DisplayMetaData: Unknown paramType 2
08-27 18:30:25.977   738  4431 E DisplayMetaData: Unknown paramType 2
08-27 18:30:25.994   738  4431 E DisplayMetaData: Unknown paramType 2
08-27 18:30:26.010   738  4431 E DisplayMetaData: Unknown paramType 2
08-27 18:30:26.027   738  4431 E DisplayMetaData: Unknown paramType 2
08-27 18:30:26.044   738  4431 E DisplayMetaData: Unknown paramType 2
08-27 18:30:26.060   738  4431 E DisplayMetaData: Unknown paramType 2
08-27 18:30:26.077   738  4431 E DisplayMetaData: Unknown paramType 2
08-27 18:30:26.094   738  4431 E DisplayMetaData: Unknown paramType 2
08-27 18:30:26.110   738  4431 E DisplayMetaData: Unknown paramType 2
08-27 18:30:26.127   738  4431 E DisplayMetaData: Unknown paramType 2
08-27 18:30:26.143   738  4431 E DisplayMetaData: Unknown paramType 2
08-27 18:30:26.160   738  4431 E DisplayMetaData: Unknown paramType 2
08-27 18:30:26.162  1566  2129 W BaseMiuiPhoneWindowManager: keyCode:4 down:true eventTime:26522614 downTime:26522614 policyFlags:2b000002 flags:48 deviceId:-1 isScreenOn:true keyguardActive:false repeatCount:0
08-27 18:30:26.176   738  4431 E DisplayMetaData: Unknown paramType 2
08-27 18:30:26.193   738  4431 E DisplayMetaData: Unknown paramType 2
08-27 18:30:26.210   738  4431 E DisplayMetaData: Unknown paramType 2
08-27 18:30:26.211  1566  2129 W BaseMiuiPhoneWindowManager: keyCode:4 down:false eventTime:26522664 downTime:26522614 policyFlags:2b000002 flags:48 deviceId:-1 isScreenOn:true keyguardActive:false repeatCount:0
08-27 18:30:26.227   738  4431 E DisplayMetaData: Unknown paramType 2
08-27 18:30:26.243   738  4431 E DisplayMetaData: Unknown paramType 2
08-27 18:30:26.259   738  4431 E DisplayMetaData: Unknown paramType 2
08-27 18:30:26.263   738  4431 E DisplayMetaData: Unknown paramType 2
08-27 18:30:26.276   738  4431 E DisplayMetaData: Unknown paramType 2
08-27 18:30:26.280 28439 28439 V VpnStatusController: setVpnTitle, status = -1
08-27 18:30:26.292   738  4431 E DisplayMetaData: Unknown paramType 2
08-27 18:30:26.309   738  4431 E DisplayMetaData: Unknown paramType 2
08-27 18:30:26.326   738  4431 E DisplayMetaData: Unknown paramType 2
08-27 18:30:26.342   738  4431 E DisplayMetaData: Unknown paramType 2
08-27 18:30:26.359   742   955 D NuPlayerDriver: reset(0xf2220a80) at state 5
08-27 18:30:26.359   738  4431 E DisplayMetaData: Unknown paramType 2
08-27 18:30:26.359   742   955 D NuPlayerDriver: notifyListener_l(0xf2220a80), (8, 0, 0), loop setting(0, 1)
08-27 18:30:26.370   738  2236 I OMX-VDEC-1080P: omx_vdec::component_deinit() complete
08-27 18:30:26.372   738  2236 I OMX-VDEC-1080P: Exit OMX vdec Destructor: fd=10
08-27 18:30:26.372   738  2236 I OMX-VDEC-1080P: Video slvp perflock released
08-27 18:30:26.378   742  4425 W AMessage: failed to post message as target looper for handler 0 is gone.
08-27 18:30:26.378   742  4425 D NuPlayerDriver: notifyResetComplete(0xf2220a80)
08-27 18:30:26.379   742   955 D NuPlayerDriver: reset(0xf2220a80) at state 0
08-27 18:30:26.973   887   887 I MSM-irqbalance: Decided to move IRQ5 from CPU3 [P:0] to CPU6 [P:1] (banned)
08-27 18:30:26.974   887   887 I MSM-irqbalance: Decided to move IRQ3 from CPU3 [P:0] to CPU4 [P:1] (banned)
08-27 18:30:26.974   887   887 I MSM-irqbalance: Decided to move IRQ3 from CPU1 [P:0] to CPU7 [P:1] (banned)
08-27 18:30:26.975   887   887 I MSM-irqbalance: Decided to move IRQ5 from CPU1 [P:0] to CPU5 [P:1] (banned)
08-27 18:30:26.976   887   887 I MSM-irqbalance: Decided to move IRQ3 from CPU0 [P:0] to CPU6 [P:1] (banned)
08-27 18:30:26.976   887   887 I MSM-irqbalance: Decided to move IRQ5 from CPU0 [P:0] to CPU4 [P:1] (banned)
08-27 18:30:26.977   887   887 I MSM-irqbalance: Decided to move IRQ5 from CPU2 [P:0] to CPU7 [P:1] (banned)
08-27 18:30:26.977   887   887 I MSM-irqbalance: Decided to move IRQ3 from CPU2 [P:0] to CPU5 [P:1] (banned)
08-27 18:30:27.737  2079  2079 E QtiImsExtUtils: getConfigForPhoneId subId is invalid
08-27 18:30:27.737  2079  2079 E QtiImsExtUtils: isCarrierConfigEnabled bundle is null
08-27 18:30:27.828  4441  4441 I chatty  : uid=1000(system) /system/bin/subsystem_ramdump expire 6 lines
08-27 18:30:27.829  4441  4441 E subsystem_ramdump: Unable to create /sdcard/ramdump
08-27 18:30:27.829  4441  4441 E subsystem_ramdump: Unable to create /sdcard/ramdump
08-27 18:30:27.829  4441  4441 E subsystem_ramdump: Failed to initialize ramdump
08-27 18:30:27.822  4441  4441 W subsystem_ramdu: type=1400 audit(0.0:14822): avc: denied { search } for name="/" dev="sdcardfs" ino=1998849 scontext=u:r:subsystem_ramdump:s0 tcontext=u:object_r:sdcardfs:s0 tclass=dir permissive=0
08-27 18:30:27.822  4441  4441 W subsystem_ramdu: type=1400 audit(0.0:14823): avc: denied { search } for name="/" dev="sdcardfs" ino=1998849 scontext=u:r:subsystem_ramdump:s0 tcontext=u:object_r:sdcardfs:s0 tclass=dir permissive=0
08-27 18:30:28.046   743  1560 D DnsProxyBlocker: remove uid(10178) for Firewall
08-27 18:30:28.783  1566  2129 W BaseMiuiPhoneWindowManager: keyCode:3 down:true eventTime:26525235 downTime:26525235 policyFlags:2b000002 flags:48 deviceId:-1 isScreenOn:true keyguardActive:false repeatCount:0
08-27 18:30:28.859  1566  2129 W BaseMiuiPhoneWindowManager: keyCode:3 down:false eventTime:26525312 downTime:26525235 policyFlags:2b000002 flags:48 deviceId:-1 isScreenOn:true keyguardActive:false repeatCount:0
08-27 18:30:28.883  1566  1678 I ActivityManager: START u0 {act=android.intent.action.MAIN cat=[android.intent.category.HOME] flg=0x10200000 cmp=com.miui.home/.launcher.Launcher (has extras)} from uid 1000 on display 0
08-27 18:30:28.890   479  2736 E ANDR-PERF-MPCTL: Invalid profile no. 0, total profiles 0 only
08-27 18:30:28.943 19816 19850 I DateTimeVariableUpdater: init with accuracy:Minute
08-27 18:30:28.944 19816 19925 I RenderThread: RenderThread resumed
08-27 18:30:28.944 19816 19925 D ScreenElementRoot: resume
08-27 18:30:28.946 19816 19850 D ScreenElementRoot: findResource: ScaleMetrics sw:720 den:320 sizeType:0 scale:1.0 path:den320
08-27 18:30:28.946 19816 19850 D ScreenElementRoot: findScale: ScaleMetrics sw:720 den:320 sizeType:0 scale:0.7262
08-27 18:30:28.946 19816 19850 I ScreenElementRoot: set scale: 0.7262
08-27 18:30:28.948 19816 19816 E Launcher.RecommendLog: folder display but only request when folder open
08-27 18:30:28.948 19816 19925 I NotifierManager: onRegister: miui.maml.NotifierManager$MultiBroadcastNotifier@82e456
08-27 18:30:28.949 19816 19836 D Launcher: disableStatusBarClock:false
08-27 18:30:28.950 19816 19816 D SearchCardView: onVisibilityChanged: 0
08-27 18:30:28.954 19816 19850 E VariableElement: fail to create array:iconAni
08-27 18:30:28.957 19816 19850 D ScreenElementRoot: load finished, spent 17 ms
08-27 18:30:28.957 19816 19850 D ScreenElementRoot: init
08-27 18:30:28.958 19816 19850 W LanguageHelper: no available string resources to load.
08-27 18:30:28.959 19816 19850 I NotifierManager: acquireNotifier:TimeChanged  miui.maml.data.DateTimeVariableUpdater@50a389c
08-27 18:30:28.960 19816 19850 I ResourceManager: load image bg.png
08-27 18:30:28.960 19816 19850 I ResourceManager: try to load resource from extra resource: den320 of bg.png
08-27 18:30:28.962 19816 19850 I ResourceManager: load image from extra resource: den320 of bg.png
08-27 18:30:28.963 19816 19850 I ResourceManager: load image setting.png
08-27 18:30:28.963 19816 19850 I ResourceManager: try to load resource from extra resource: den320 of setting.png
08-27 18:30:28.965 19816 19850 I ResourceManager: load image from extra resource: den320 of setting.png
08-27 18:30:28.965 19816 19850 D MultipleRenderable: add: miui.maml.FancyDrawable@f21f421
08-27 18:30:28.966 19816 19850 D RendererCore: add: miui.maml.FancyDrawable@f21f421 size:1
08-27 18:30:28.966 19816 19850 D ScreenElementRoot: resume
08-27 18:30:28.967 19816 19850 I ResourceManager: load image quietImage.png
08-27 18:30:28.967 19816 19850 I ResourceManager: try to load resource from extra resource: den320 of quietImage.png
08-27 18:30:28.967 19816 19850 D ResourceLoader: TRY AGAIN to get getPathForLanguage: den320/quietImage.png
08-27 18:30:28.967 19816 19850 E ResourceLoader: fail to get getPathForLanguage: den320/quietImage.png
08-27 18:30:28.967 19816 19850 D ResourceLoader: TRY AGAIN to get getPathForLanguage: quietImage.png
08-27 18:30:28.967 19816 19850 E ResourceLoader: fail to get getPathForLanguage: quietImage.png
08-27 18:30:28.967 19816 19850 E ResourceManager: fail to load image: quietImage.png
08-27 18:30:28.967 19816 19850 I ResourceManager: load image startImage.png
08-27 18:30:28.967 19816 19850 I ResourceManager: try to load resource from extra resource: den320 of startImage.png
08-27 18:30:28.968 19816 19816 I FunctionLaunchCardView: updateCard...position=0
08-27 18:30:28.969 19816 19850 I ResourceManager: load image from extra resource: den320 of startImage.png
08-27 18:30:28.971 19816 19828 D Launcher: get showing item successandroid.graphics.Bitmap@4871207
08-27 18:30:28.977 19816 19816 I IconBarController: start setting up iconbar
08-27 18:30:28.982 19816 19925 D FramerateTokenList: createToken: miui.maml.elements.FramerateController@d6aff34
08-27 18:30:29.023 19816 19816 D AppRecommendCardView: onWindowFocusChanged() called with: visibility = [true]
08-27 18:30:29.037 19816 19816 I TransmissionProvider:  new HandlerThread
08-27 18:30:29.054 19816 19816 I AssistHolderView: dispatchDraw
08-27 18:30:29.138 19816 19816 D FancyDrawable: doPause:   [miui.maml.FancyDrawable@f21f421]
08-27 18:30:29.138 19816 19816 D MultipleRenderable: setPause: true miui.maml.FancyDrawable@f21f421
08-27 18:30:29.138 19816 19816 D RendererCore: self pause: miui.maml.RendererCore@378c7a3
08-27 18:30:29.139 19816 19816 D ScreenElementRoot: pause
08-27 18:30:29.160 27220  4454 W ResourceType: No package identifier when getting name for resource number 0x00000000
08-27 18:30:29.170 27220  4454 W ResourceType: No package identifier when getting name for resource number 0x00000000
08-27 18:30:29.176 27220  4454 W ResourceType: No package identifier when getting name for resource number 0x00000000
08-27 18:30:29.182 27220  4454 W ResourceType: No package identifier when getting name for resource number 0x00000000
08-27 18:30:29.189 27220  4454 W ResourceType: No package identifier when getting name for resource number 0x00000000
08-27 18:30:29.200 27220  4454 W ResourceType: No package identifier when getting name for resource number 0x00000000
08-27 18:30:29.207 27220  4454 W ResourceType: No package identifier when getting name for resource number 0x00000000
08-27 18:30:29.215 27220  4454 W ResourceType: No package identifier when getting name for resource number 0x00000000
08-27 18:30:29.224 27220  4454 W ResourceType: No package identifier when getting name for resource number 0x00000000
08-27 18:30:29.232 27220  4454 W ResourceType: No package identifier when getting name for resource number 0x00000000
08-27 18:30:29.243 27220  4454 W ResourceType: No package identifier when getting name for resource number 0x00000000
08-27 18:30:29.259 27220  4454 W ResourceType: No package identifier when getting name for resource number 0x00000000
08-27 18:30:29.263 27220  4454 W ResourceType: ResTable_typeSpec entry count inconsistent: given 15, previously 22
08-27 18:30:29.268 27220  4454 W ResourceType: No package identifier when getting name for resource number 0x00000000
08-27 18:30:29.272 27220  4454 W ResourceType: ResTable_typeSpec entry count inconsistent: given 1353, previously 1358
08-27 18:30:29.272 27220  4454 W ResourceType: ResTable_typeSpec entry count inconsistent: given 258, previously 1574
08-27 18:30:29.278 27220  4454 W ResourceType: No package identifier when getting name for resource number 0x00000000
08-27 18:30:29.280 19816 19816 D FancyDrawable: doResume:   [miui.maml.FancyDrawable@f21f421]
08-27 18:30:29.281 19816 19816 D MultipleRenderable: setPause: false miui.maml.FancyDrawable@f21f421
08-27 18:30:29.281 19816 19816 D RendererCore: self resume: miui.maml.RendererCore@378c7a3
08-27 18:30:29.281 19816 19816 D ScreenElementRoot: resume
08-27 18:30:29.281 27220  4454 W ResourceType: ResTable_typeSpec entry count inconsistent: given 526, previously 525
08-27 18:30:29.281 27220  4454 W ResourceType: ResTable_typeSpec entry count inconsistent: given 360, previously 1385
08-27 18:30:29.281 27220  4454 W ResourceType: ResTable_typeSpec entry count inconsistent: given 215, previously 1153
08-27 18:30:29.288 27220  4454 W ResourceType: No package identifier when getting name for resource number 0x00000000
08-27 18:30:29.296 19816 19824 D RendererCore: cleanUp: miui.maml.RendererCore@f297cb1
08-27 18:30:29.297 27220  4454 W ResourceType: No package identifier when getting name for resource number 0x00000000
08-27 18:30:29.307 27220  4454 W ResourceType: No package identifier when getting name for resource number 0x00000000
08-27 18:30:29.317 27220  4454 W ResourceType: No package identifier when getting name for resource number 0x00000000
08-27 18:30:29.321 19816 19816 E Launcher: changeViewByFsGestureState,  view=FitSystemWindowView,  alpha=1.0,  scale=1.0
08-27 18:30:29.321 19816 19816 E Launcher: changeViewByFsGestureState,  view=ForceTouchLayer,  alpha=1.0,  scale=1.0
08-27 18:30:29.321 27220  4454 W ResourceType: ResTable_typeSpec entry count inconsistent: given 30, previously 36
08-27 18:30:29.328 27220  4454 W ResourceType: No package identifier when getting name for resource number 0x00000000
08-27 18:30:29.335 27220  4454 W ResourceType: No package identifier when getting name for resource number 0x00000000
08-27 18:30:29.342 27220  4454 W ResourceType: No package identifier when getting name for resource number 0x00000000
08-27 18:30:29.349 27220  4454 W ResourceType: No package identifier when getting name for resource number 0x00000000
08-27 18:30:29.356 27220  4454 W ResourceType: No package identifier when getting name for resource number 0x00000000
08-27 18:30:29.362 27220  4454 W ResourceType: No package identifier when getting name for resource number 0x00000000
08-27 18:30:29.369 27220  4454 W ResourceType: No package identifier when getting name for resource number 0x00000000
08-27 18:30:29.375 27220  4454 W ResourceType: No package identifier when getting name for resource number 0x00000000
08-27 18:30:29.380 27220  4454 W ResourceType: No package identifier when getting name for resource number 0x00000000
08-27 18:30:29.386 27220  4454 W ResourceType: No package identifier when getting name for resource number 0x00000000
08-27 18:30:29.399 27220  4454 W ResourceType: No package identifier when getting name for resource number 0x00000000
08-27 18:30:29.406 27220  4454 W ResourceType: No package identifier when getting name for resource number 0x00000000
08-27 18:30:29.411 27220  4454 W ResourceType: No package identifier when getting name for resource number 0x00000000
08-27 18:30:29.417 27220  4454 W ResourceType: No package identifier when getting name for resource number 0x00000000
08-27 18:30:29.424 27220  4454 W ResourceType: No package identifier when getting name for resource number 0x00000000
08-27 18:30:29.431 27220  4454 W ResourceType: No package identifier when getting name for resource number 0x00000000
08-27 18:30:29.440 27220  4454 W ResourceType: No package identifier when getting name for resource number 0x00000000
08-27 18:30:29.448  1566  1679 W BaseMiuiPhoneWindowManager: keyCode:26 down:true eventTime:26525902 downTime:26525902 policyFlags:22000000 flags:8 deviceId:4 isScreenOn:true keyguardActive:false repeatCount:0
08-27 18:30:29.449 27220  4454 W ResourceType: No package identifier when getting name for resource number 0x00000000
08-27 18:30:29.480 27220  4454 W ResourceType: No package identifier when getting name for resource number 0x00000000
08-27 18:30:29.490 27220  4454 W ResourceType: No package identifier when getting name for resource number 0x00000000
08-27 18:30:29.499 27220  4454 W ResourceType: No package identifier when getting name for resource number 0x00000000
08-27 18:30:29.509 27220  4454 W ResourceType: No package identifier when getting name for resource number 0x00000000
08-27 18:30:29.516 27220  4454 W ResourceType: No package identifier when getting name for resource number 0x00000000
08-27 18:30:29.543 27220  4454 W ResourceType: No package identifier when getting name for resource number 0x00000000
08-27 18:30:29.552 27220  4454 W ResourceType: No package identifier when getting name for resource number 0x00000000
08-27 18:30:29.560 27220  4454 W ResourceType: No package identifier when getting name for resource number 0x00000000
08-27 18:30:29.563 27220  4454 W ResourceType: ResTable_typeSpec entry count inconsistent: given 1439, previously 1607
08-27 18:30:29.563 27220  4454 W ResourceType: ResTable_typeSpec entry count inconsistent: given 1342, previously 1346
08-27 18:30:29.563 27220  4454 W ResourceType: ResTable_typeSpec entry count inconsistent: given 1071, previously 1074
08-27 18:30:29.563 27220  4454 W ResourceType: ResTable_typeSpec entry count inconsistent: given 181, previously 663
08-27 18:30:29.568 27220  4454 W ResourceType: No package identifier when getting name for resource number 0x00000000
08-27 18:30:29.577 27220  4454 W ResourceType: No package identifier when getting name for resource number 0x00000000
08-27 18:30:29.584 27220  4454 W ResourceType: No package identifier when getting name for resource number 0x00000000
08-27 18:30:29.587 27220  4454 W ResourceType: ResTable_typeSpec entry count inconsistent: given 611, previously 606
08-27 18:30:29.587 27220  4454 W ResourceType: ResTable_typeSpec entry count inconsistent: given 143, previously 540
08-27 18:30:29.593 27220  4454 W ResourceType: No package identifier when getting name for resource number 0x00000000
08-27 18:30:29.602 27220  4454 W ResourceType: No package identifier when getting name for resource number 0x00000000
08-27 18:30:29.606 27220  4454 W ResourceType: ResTable_typeSpec entry count inconsistent: given 1075, previously 1083
08-27 18:30:29.606 27220  4454 W ResourceType: ResTable_typeSpec entry count inconsistent: given 159, previously 969
08-27 18:30:29.612 27220  4454 W ResourceType: No package identifier when getting name for resource number 0x00000000
08-27 18:30:29.622 27220  4454 W ResourceType: No package identifier when getting name for resource number 0x00000000
08-27 18:30:29.629 27220  4454 W ResourceType: No package identifier when getting name for resource number 0x00000000
08-27 18:30:29.636 27220  4454 W ResourceType: No package identifier when getting name for resource number 0x00000000
08-27 18:30:29.644 27220  4454 W ResourceType: No package identifier when getting name for resource number 0x00000000
08-27 18:30:29.649 27220  4454 W ResourceType: ResTable_typeSpec entry count inconsistent: given 40, previously 47
08-27 18:30:29.649 27220  4454 W ResourceType: ResTable_typeSpec entry count inconsistent: given 3833, previously 3835
08-27 18:30:29.649 27220  4454 W ResourceType: ResTable_typeSpec entry count inconsistent: given 1335, previously 1643
08-27 18:30:29.649 27220  4454 W ResourceType: ResTable_typeSpec entry count inconsistent: given 1743, previously 1771
08-27 18:30:29.649 27220  4454 W ResourceType: ResTable_typeSpec entry count inconsistent: given 199, previously 1466
08-27 18:30:29.654  1566  1679 W BaseMiuiPhoneWindowManager: keyCode:26 down:false eventTime:26526108 downTime:26525902 policyFlags:22000000 flags:8 deviceId:4 isScreenOn:true keyguardActive:false repeatCount:0
08-27 18:30:29.655 27220  4454 W ResourceType: No package identifier when getting name for resource number 0x00000000
08-27 18:30:29.655  1566  1679 I PowerManagerService: Going to sleep due to power button (uid 1000)...
08-27 18:30:29.656  1566  1566 I WindowManager: Started going to sleep... (why=2)
08-27 18:30:29.660   733  1711 I AudioPolicyManagerCustom: FLAG None hence request for a primary output
08-27 18:30:29.661   733  1711 I AudioPolicyManagerCustom: FLAG None hence request for a primary output
08-27 18:30:29.661   733  1711 I AudioPolicyManagerCustom: Direct PCM is disabled for this request
08-27 18:30:29.662   733  1711 D compress_voip: voice_extn_compress_voip_out_get_parameters: enter
08-27 18:30:29.664 27220  4454 W ResourceType: No package identifier when getting name for resource number 0x00000000
08-27 18:30:29.666   733  1711 E AudioFlinger: open /proc/1804/cmdline error
08-27 18:30:29.666   733  1711 I AudioFlinger: setAppName(), name=[], active=[1]
08-27 18:30:29.667   733  1110 D audio_hw_primary: start_output_stream: enter: stream(0xed633c00)usecase(1: low-latency-playback) devices(0x2)
08-27 18:30:29.667   479  2736 E ANDR-PERF-MPCTL: Invalid profile no. 0, total profiles 0 only
08-27 18:30:29.668   733  1110 D audio_hw_primary: select_devices for use case (low-latency-playback)
08-27 18:30:29.668   733  1110 D audio_hw_primary: select_devices: out_snd_device(2: speaker) in_snd_device(0: )
08-27 18:30:29.668   733  1110 I msm8916_platform: platform_check_and_set_codec_backend_cfg:becf: afe: bitwidth 16, samplerate 48000 channels 2, backend_idx 0 usecase = 1 device (speaker)
08-27 18:30:29.668   733  1110 D msm8916_platform: platform_can_split_snd_device: snd_device(2) num devices(1) new_snd_devices(0)
08-27 18:30:29.668   733  1110 I msm8916_platform: platform_check_and_set_codec_backend_cfg: becf: new_snd_devices[0] is speaker
08-27 18:30:29.668   733  1110 I msm8916_platform: platform_check_codec_backend_cfg:becf: afe: Codec selected backend: 0 current bit width: 16 sample rate: 48000 channels: 2
08-27 18:30:29.668   733  1110 D msm8916_platform: platform_check_codec_backend_cfg:becf: afe: playback on non-44.1-support device Configure afe to default Sample Rate(48k)
08-27 18:30:29.668   733  1110 D msm8916_platform: platform_check_codec_backend_cfg:becf: afe: only 48KHZ sample rate is supported Configure afe to default Sample Rate(48k)
08-27 18:30:29.668   733  1110 I msm8916_platform: platform_check_codec_backend_cfg:becf: afe: Codec selected backend: 0 updated bit width: 16 and sample rate: 48000
08-27 18:30:29.668   733  1110 D audio_hw_primary: check_usecases_codec_backend:becf: force routing 0
08-27 18:30:29.668   733  1110 E msm8916_platform: platform_check_backends_match: Invalid snd_device =
08-27 18:30:29.668   733  1110 D audio_hw_primary: check_usecases_codec_backend:becf: (40) check_usecases curr device: speaker, usecase device: backends match 0
08-27 18:30:29.668   733  1110 D audio_hw_primary: check_usecases_codec_backend:becf: check_usecases num.of Usecases to switch 0
08-27 18:30:29.668   733  1110 D hardware_info: hw_info_append_hw_type : device_name = speaker
08-27 18:30:29.668   733  1110 D msm8916_platform: platform_can_split_snd_device: snd_device(2) num devices(0) new_snd_devices(0)
08-27 18:30:29.668   733  1110 D audio_hw_primary: enable_snd_device: snd_device(2: speaker)
08-27 18:30:29.668   733  1110 I soundtrigger: audio_extn_sound_trigger_update_device_status: device 0x2 of type 0 for Event 1, with Raise=0
08-27 18:30:29.668   733  1110 D aud_dev_arbi: acquireOneDevice: device owner for device 2 is 1
08-27 18:30:29.672   733  1110 I audio_hw_primary: select_devices Selected apptype: 69937
08-27 18:30:29.672   733  1110 D soundtrigger: audio_extn_sound_trigger_update_stream_status: uc_id 1 of type 0 for Event 3, with Raise=0
08-27 18:30:29.672   733  1110 I audio_hw_utils: audio_extn_utils_send_app_type_cfg PLAYBACK app_type = 69937, acdb_dev_id = 1058, sample_rate = 48000
08-27 18:30:29.672   733  1110 D msm8916_platform: platform_can_split_snd_device: snd_device(2) num devices(1) new_snd_devices(-320863224)
08-27 18:30:29.673   733  1110 D ACDB-LOADER: ACDB -> send_audio_cal, acdb_id = 1058, path = 0, app id = 0x11131, sample rate = 48000
08-27 18:30:29.673   733  1110 D ACDB-LOADER: ACDB -> send_asm_topology
08-27 18:30:29.673   733  1110 D ACDB-LOADER: ACDB -> ACDB_CMD_GET_AUDPROC_STREAM_TOPOLOGY_ID
08-27 18:30:29.673   733  1110 D ACDB-LOADER: ACDB -> send_adm_topology
08-27 18:30:29.673   733  1110 D ACDB-LOADER: ACDB -> ACDB_CMD_GET_AUDPROC_COMMON_TOPOLOGY_ID
08-27 18:30:29.673   733  1110 D ACDB-LOADER: ACDB -> send_audtable
08-27 18:30:29.673   733  1110 D ACDB-LOADER: ACDB -> ACDB_CMD_GET_AUDPROC_COMMON_TABLE_SIZE
08-27 18:30:29.673   733  1110 D ACDB-LOADER: ACDB -> ACDB_CMD_GET_AUDPROC_COMMON_TABLE
08-27 18:30:29.673   733  1110 D ACDB-LOADER: ACDB -> AUDIO_SET_AUDPROC_CAL
08-27 18:30:29.673   733  1110 D ACDB-LOADER: ACDB -> send_audvoltable
08-27 18:30:29.673   733  1110 D ACDB-LOADER: ACDB -> ACDB_CMD_GET_AUDPROC_GAIN_DEP_STEP_TABLE, vol index 0
08-27 18:30:29.673   733  1110 D ACDB-LOADER: ACDB -> AUDIO_SET_VOL_CAL cal type = 12
08-27 18:30:29.673   733  1110 D ACDB-LOADER: ACDB -> send_audstrmtable
08-27 18:30:29.673   733  1110 D ACDB-LOADER: ACDB -> ACDB_CMD_GET_AUDPROC_STREAM_TABLE_V2
08-27 18:30:29.673   733  1110 D ACDB-LOADER: ACDB -> audstrm_cal->cal_type.cal_data.cal_size = 16
08-27 18:30:29.673   733  1110 D ACDB-LOADER: ACDB -> send_afe_topology
08-27 18:30:29.673   733  1110 D ACDB-LOADER: ACDB -> ACDB_CMD_GET_AFE_TOPOLOGY_ID
08-27 18:30:29.673   733  1110 D ACDB-LOADER: ACDB -> GET_AFE_TOPOLOGY_ID for adcd_id 1058, Topology Id 112fc
08-27 18:30:29.673   733  1110 D ACDB-LOADER: ACDB -> send_afe_cal
08-27 18:30:29.673   733  1110 D ACDB-LOADER: ACDB -> ACDB_CMD_GET_AFE_COMMON_TABLE
08-27 18:30:29.673   733  1110 D         : Failed to fetch the lookup information of the device 00000422
08-27 18:30:29.673   733  1110 E ACDB-LOADER: Error: ACDB AFE returned = -19
08-27 18:30:29.673   733  1110 D ACDB-LOADER: ACDB -> AUDIO_SET_AFE_CAL
08-27 18:30:29.673   733  1110 D ACDB-LOADER: ACDB -> send_hw_delay : acdb_id = 1058 path = 0
08-27 18:30:29.673   733  1110 D ACDB-LOADER: ACDB -> ACDB_AVSYNC_INFO: ACDB_CMD_GET_DEVICE_PROPERTY
08-27 18:30:29.673   733  1110 D audio_hw_primary: enable_audio_route: apply mixer and update path: low-latency-playback
08-27 18:30:29.673   733  1110 D audio_hw_primary: select_devices: done
08-27 18:30:29.675   733  1110 D msm8916_platform: platform_set_channel_map mixer_ctl_name:Playback Channel Map12
08-27 18:30:29.676   733  1110 D msm8916_platform: platform_set_channel_map: set mapping(1 2 0 0 0 0 0 0) for channel:2
08-27 18:30:29.676 27220  4454 W ResourceType: No package identifier when getting name for resource number 0x00000000
08-27 18:30:29.684 27220  4454 W ResourceType: No package identifier when getting name for resource number 0x00000000
08-27 18:30:29.687 27220  4454 W ResourceType: ResTable_typeSpec entry count inconsistent: given 756, previously 788
08-27 18:30:29.687 27220  4454 W ResourceType: ResTable_typeSpec entry count inconsistent: given 865, previously 863
08-27 18:30:29.687 27220  4454 W ResourceType: ResTable_typeSpec entry count inconsistent: given 175, previously 1211
08-27 18:30:29.691 27220  4454 W ResourceType: No package identifier when getting name for resource number 0x00000000
08-27 18:30:29.701 27220  4458 I AppsUpload: Uploading list of 61 apps for 1 account(s)
08-27 18:30:29.758   733  1110 D audio_hw_primary: start_output_stream: exit
08-27 18:30:29.790  1566  5747 I ActivityManager: Start proc 4460:com.google.process.gapps/u0a16 for content provider com.google.android.gsf/.gservices.GservicesProvider caller=com.google.android.gms
08-27 18:30:29.810  4460  4460 D TidaProvider: TidaProvider()
08-27 18:30:29.819  4460  4460 W ReflectionUtils:
08-27 18:30:29.819  4460  4460 W ReflectionUtils: java.lang.NoSuchMethodException: android.os.MessageQueue#enableMonitor()#bestmatch
08-27 18:30:29.819  4460  4460 W ReflectionUtils: 	at miui.util.ReflectionUtils.findMethodBestMatch(ReflectionUtils.java:338)
08-27 18:30:29.819  4460  4460 W ReflectionUtils: 	at miui.util.ReflectionUtils.findMethodBestMatch(ReflectionUtils.java:375)
08-27 18:30:29.819  4460  4460 W ReflectionUtils: 	at miui.util.ReflectionUtils.callMethod(ReflectionUtils.java:800)
08-27 18:30:29.819  4460  4460 W ReflectionUtils: 	at miui.util.ReflectionUtils.tryCallMethod(ReflectionUtils.java:818)
08-27 18:30:29.819  4460  4460 W ReflectionUtils: 	at android.os.BaseLooper.enableMonitor(BaseLooper.java:47)
08-27 18:30:29.819  4460  4460 W ReflectionUtils: 	at android.os.Looper.prepareMainLooper(Looper.java:112)
08-27 18:30:29.819  4460  4460 W ReflectionUtils: 	at android.app.ActivityThread.main(ActivityThread.java:6221)
08-27 18:30:29.819  4460  4460 W ReflectionUtils: 	at java.lang.reflect.Method.invoke(Native Method)
08-27 18:30:29.819  4460  4460 W ReflectionUtils: 	at com.android.internal.os.ZygoteInit$MethodAndArgsCaller.run(ZygoteInit.java:904)
08-27 18:30:29.819  4460  4460 W ReflectionUtils: 	at com.android.internal.os.ZygoteInit.main(ZygoteInit.java:794)
08-27 18:30:29.819  4460  4460 V BoostFramework: BoostFramework() : mPerf = com.qualcomm.qti.Performance@59f5854
08-27 18:30:29.860  4460  4460 I art     : Starting a blocking GC AddRemoveAppImageSpace
08-27 18:30:29.861  4460  4460 W System  : ClassLoader referenced unknown path: /system/priv-app/GoogleServicesFramework/lib/arm64
08-27 18:30:29.865  4460  4460 W ResourceType: No package identifier when getting name for resource number 0x00000000
08-27 18:30:29.900  4460  4460 I GservicesProvider: Gservices pushing to system: true; secure/global: true
08-27 18:30:29.968  1566  1749 I LocalDisplayAdapter: setDisplayState(id=0, state=OFF)
08-27 18:30:29.968  1566  1587 I DisplayManagerService: Display device changed state: "Built-in Screen", OFF
08-27 18:30:29.982 19816 19816 I IconBarController: setupIconContainer() called
08-27 18:30:29.984  4460  4460 I GoogleHttpClient: GMS http client unavailable, use old client
08-27 18:30:29.986  1566  1590 I WindowManager: Screen turned off...
08-27 18:30:29.987  1566  1581 I VrManagerService: VR mode is disallowed
08-27 18:30:29.988 19816 19925 D ScreenElementRoot: pause
08-27 18:30:29.989 19816 19925 D ScreenElementRoot: pause
08-27 18:30:30.021  1566  1590 W WakePathChecker: MIUILOG-AutoStart, BindService Reject userId= 0 caller= android callee= com.android.camera classname=com.android.camera.EmptyService action=miui.action.CAMERA_EMPTY_SERVICE wakeType=8
08-27 18:30:30.021 19816 19836 D Launcher: disableStatusBarClock:false
08-27 18:30:30.023 19816 19925 I NotifierManager: onUnregister: miui.maml.NotifierManager$MultiBroadcastNotifier@82e456
08-27 18:30:30.023 19816 19925 I RenderThread: RenderThread paused, waiting for signal
08-27 18:30:30.040  1566  1679 W BaseMiuiPhoneWindowManager: keyCode:26 down:true eventTime:26526494 downTime:26526494 policyFlags:2000000 flags:8 deviceId:4 isScreenOn:false keyguardActive:false repeatCount:0
08-27 18:30:30.040  1566  1679 I chatty  : uid=1000(system) InputReader expire 10 lines
08-27 18:30:30.049  1566  1679 I PowerManagerService: Waking up from dozing (uid=1000 reason=android.policy:POWER)...
08-27 18:30:30.050  1566  1679 I PowerManagerService: waking up from opPackageName = android opUid = 1000
08-27 18:30:30.050 27220  4459 I AppsUpload: Apps list updated
08-27 18:30:30.051  1566  1566 I WindowManager: Finished going to sleep... (why=2)
08-27 18:30:30.053  1566  1566 I WindowManager: Started waking up...
08-27 18:30:30.065  1566  1590 I DisplayPowerController: Blocking screen on until initial contents have been drawn.
08-27 18:30:30.065  1566  1590 I WindowManager: Screen turning on...
08-27 18:30:30.067 19816 19816 D FancyDrawable: doPause:   [miui.maml.FancyDrawable@f21f421]
08-27 18:30:30.067 19816 19816 D MultipleRenderable: setPause: true miui.maml.FancyDrawable@f21f421
08-27 18:30:30.067 19816 19816 D RendererCore: self pause: miui.maml.RendererCore@378c7a3
08-27 18:30:30.068   479  2736 E ANDR-PERF-MPCTL: Invalid profile no. 0, total profiles 0 only
08-27 18:30:30.083 19816 19925 I RenderThread: RenderThread resumed
08-27 18:30:30.083 19816 19925 D ScreenElementRoot: resume
08-27 18:30:30.086   733  1711 D audio_hw_primary: adev_set_parameters: enter: screen_state=off
08-27 18:30:30.086   733  1711 D audio_hw_extn: audio_extn_set_anc_parameters: anc_enabled:0
08-27 18:30:30.086   733  1711 D audio_hw_spkr_prot: audio_extn_fbsp_set_parameters: Speaker protection disabled
08-27 18:30:30.086   733  1711 D wt_audio_cust: wt_audio_mmi_setparameter: enter: screen_state=off
08-27 18:30:30.086   733  1711 E wt_audio_cust: wt_audio_mmi_setparameter mmi test -2
08-27 18:30:30.086   733  1711 D audio_hw_primary: mmi status = -2
08-27 18:30:30.086   733  1711 D audio_hw_extn: audio_extn_set_anc_parameters: anc_enabled:0
08-27 18:30:30.086   733  1711 D audio_hw_spkr_prot: audio_extn_fbsp_set_parameters: Speaker protection disabled
08-27 18:30:30.088 19816 19836 D Launcher: disableStatusBarClock:false
08-27 18:30:30.089 19816 19816 E Launcher.RecommendLog: folder display but only request when folder open
08-27 18:30:30.089 19816 19925 I NotifierManager: onRegister: miui.maml.NotifierManager$MultiBroadcastNotifier@82e456
08-27 18:30:30.102  1566  2129 I chatty  : uid=1000(system) Binder:1566_7 expire 10 lines
08-27 18:30:30.105  1566  2916 I ActivityManager: Setting hasTopUi=true for pid=1804
08-27 18:30:30.122 19816 19816 D FancyDrawable: doResume:   [miui.maml.FancyDrawable@f21f421]
08-27 18:30:30.122 19816 19816 D MultipleRenderable: setPause: false miui.maml.FancyDrawable@f21f421
08-27 18:30:30.123 19816 19816 D RendererCore: self resume: miui.maml.RendererCore@378c7a3
08-27 18:30:30.123 19816 19816 D ScreenElementRoot: resume
08-27 18:30:30.136  1804  4481 I chatty  : uid=1000(system) com.android.systemui expire 1 line
08-27 18:30:30.139 19816 19925 D ScreenElementRoot: pause
08-27 18:30:30.139 19816 19925 D ScreenElementRoot: pause
08-27 18:30:30.141 19816 19925 I NotifierManager: onUnregister: miui.maml.NotifierManager$MultiBroadcastNotifier@82e456
08-27 18:30:30.141 19816 19816 D AppRecommendCardView: onWindowFocusChanged() called with: visibility = [false]
08-27 18:30:30.141 19816 19925 I RenderThread: RenderThread paused, waiting for signal
08-27 18:30:30.150   733  1110 D AudioFlinger: mixer(0xed003980) throttle end: throttle time(4)
08-27 18:30:30.152 19816 19836 D Launcher: disableStatusBarClock:false
08-27 18:30:30.170  1566  1829 I ActivityManager: Start proc 4482:com.google.android.youtube/u0a129 for service com.google.android.youtube/com.google.android.libraries.youtube.common.gcore.gcoreclient.gcm.impl.GcmTaskServiceDelegator caller=com.google.android.gms
08-27 18:30:30.187   733  1711 E AudioFlinger: open /proc/1804/cmdline error
08-27 18:30:30.187   733  1711 I AudioFlinger: setAppName(), name=[], active=[0]
08-27 18:30:30.188  1566  1749 I LocalDisplayAdapter: setDisplayState(id=0, state=ON)
08-27 18:30:30.188  1566  1587 I DisplayManagerService: Display device changed state: "Built-in Screen", ON
08-27 18:30:30.189  4482  4482 D TidaProvider: TidaProvider()
08-27 18:30:30.202  4482  4482 W ReflectionUtils:
08-27 18:30:30.202  4482  4482 W ReflectionUtils: java.lang.NoSuchMethodException: android.os.MessageQueue#enableMonitor()#bestmatch
08-27 18:30:30.202  4482  4482 W ReflectionUtils: 	at miui.util.ReflectionUtils.findMethodBestMatch(ReflectionUtils.java:338)
08-27 18:30:30.202  4482  4482 W ReflectionUtils: 	at miui.util.ReflectionUtils.findMethodBestMatch(ReflectionUtils.java:375)
08-27 18:30:30.202  4482  4482 W ReflectionUtils: 	at miui.util.ReflectionUtils.callMethod(ReflectionUtils.java:800)
08-27 18:30:30.202  4482  4482 W ReflectionUtils: 	at miui.util.ReflectionUtils.tryCallMethod(ReflectionUtils.java:818)
08-27 18:30:30.202  4482  4482 W ReflectionUtils: 	at android.os.BaseLooper.enableMonitor(BaseLooper.java:47)
08-27 18:30:30.202  4482  4482 W ReflectionUtils: 	at android.os.Looper.prepareMainLooper(Looper.java:112)
