<3>[27165.019124] [18:55:34.014667] [000005F70454C4D7] [VosMC]  wlan: [E :SME] Issue scan request 
<13>[27264.946677] init: Service 'ss_ramdump' (pid 8671) killing any children in process group
06-17 18:41:07.265  1566  1580 I UsageStatsHourlyHelper: User[0] Rollover hours scheduled @ 2018-06-17 19:41:07(1529244667264)
08-27 12:33:24.668  1566  1580 I UsageStatsHourlyHelper: User[0] Rollover hours scheduled @ 2019-08-27 13:33:24(1566893004667)
08-27 18:27:38.213  1566  1679 W BaseMiuiPhoneWindowManager: keyCode:23 down:true eventTime:26354667 downTime:26354667 policyFlags:22000000 flags:8 deviceId:8 isScreenOn:true keyguardActive:false repeatCount:0
08-27 18:27:38.817  1566  1679 W BaseMiuiPhoneWindowManager: keyCode:23 down:false eventTime:26355271 downTime:26354667 policyFlags:22000000 flags:8 deviceId:8 isScreenOn:true keyguardActive:false repeatCount:0
08-27 18:30:40.370  1566  3846 I ActivityManager: Start proc 4667:com.miui.android.fashiongallery/u0a178 for content provider com.miui.android.fashiongallery/.LockScreenMagazineProvider caller=com.miui.home
08-27 18:30:40.374  4667  4667 I chatty  : uid=10178(com.miui.android.fashiongallery) expire 258 lines
08-27 18:30:40.603  4667  4682 I chatty  : uid=10178(com.miui.android.fashiongallery) expire 42 lines
08-27 18:30:40.643  4667  4701 I chatty  : uid=10178(com.miui.android.fashiongallery) expire 61 lines
08-27 18:30:41.080  4667  4700 I chatty  : uid=10178(com.miui.android.fashiongallery) expire 1 line
08-27 18:30:41.140  4667  4716 I chatty  : uid=10178(com.miui.android.fashiongallery) expire 3 lines
08-27 18:30:42.144  4667  4701 E ActivityThread: Failed to find provider info for com.miui.systemui.keyguard.wallpaper
08-27 18:30:42.769  4667  4672 I chatty  : uid=10178(com.miui.android.fashiongallery) expire 11 lines
08-27 18:30:42.911  4667  4728 I chatty  : uid=10178(com.miui.android.fashiongallery) expire 21 lines
08-27 18:30:42.912  4667  4729 I chatty  : uid=10178(com.miui.android.fashiongallery) expire 96 lines
08-27 18:30:42.917  4667  4687 I chatty  : uid=10178(com.miui.android.fashiongallery) expire 51 lines
08-27 18:30:42.942  4667  4733 I chatty  : uid=10178(com.miui.android.fashiongallery) expire 1 line
08-27 18:30:42.975  4667  4732 I chatty  : uid=10178(com.miui.android.fashiongallery) expire 2 lines
08-27 18:30:43.034  4667  4747 I chatty  : uid=10178(com.miui.android.fashiongallery) expire 38 lines
08-27 18:30:43.057  4667  4742 I chatty  : uid=10178(com.miui.android.fashiongallery) expire 4 lines
08-27 18:30:43.068  4667  4743 I chatty  : uid=10178(com.miui.android.fashiongallery) expire 1 line
08-27 18:30:43.166  4667  4752 I chatty  : uid=10178(com.miui.android.fashiongallery) expire 2 lines
08-27 18:30:43.899  4667  4780 I chatty  : uid=10178(com.miui.android.fashiongallery) expire 2 lines
08-27 18:30:44.408  4667  4736 I chatty  : uid=10178(com.miui.android.fashiongallery) expire 1 line
08-27 18:30:47.915  4667  4727 I chatty  : uid=10178(com.miui.android.fashiongallery) expire 14 lines
08-27 18:30:48.067  4667  4734 I chatty  : uid=10178(com.miui.android.fashiongallery) expire 19 lines
08-27 18:30:54.481  4667  4667 I chatty  : uid=10178(com.miui.android.fashiongallery) expire 19 lines
08-27 18:30:54.599  4667  4746 I chatty  : uid=10178(com.miui.android.fashiongallery) expire 3 lines
08-27 18:30:54.880  4667  4701 I chatty  : uid=10178(com.miui.android.fashiongallery) expire 32 lines
08-27 18:30:56.169  4667  4875 I chatty  : uid=10178(com.miui.android.fashiongallery) expire 1 line
08-27 18:30:56.205  4667  4672 I chatty  : uid=10178(com.miui.android.fashiongallery) expire 9 lines
08-27 18:31:04.136  4667  4680 I chatty  : uid=10178(com.miui.android.fashiongallery) expire 4 lines
08-27 18:31:05.617  4667  4747 I chatty  : uid=10178(com.miui.android.fashiongallery) expire 13 lines
08-27 18:31:05.620  4667  4729 I chatty  : uid=10178(com.miui.android.fashiongallery) expire 12 lines
08-27 18:31:21.629  4667  4667 I chatty  : uid=10178(com.miui.android.fashiongallery) expire 54 lines
08-27 18:31:24.049  4667  4728 I chatty  : uid=10178(com.miui.android.fashiongallery) expire 7 lines
08-27 18:31:24.050  4667  4697 I chatty  : uid=10178(com.miui.android.fashiongallery) expire 10 lines
08-27 18:31:24.067  4667  4747 I chatty  : uid=10178(com.miui.android.fashiongallery) expire 11 lines
08-27 18:31:25.641  4667  4965 I chatty  : uid=10178(com.miui.android.fashiongallery) expire 34 lines
08-27 18:31:25.655  4667  4966 I chatty  : uid=10178(com.miui.android.fashiongallery) expire 12 lines
08-27 18:31:25.674  4667  4973 I chatty  : uid=10178(com.miui.android.fashiongallery) expire 2 lines
08-27 18:31:25.869  4667  4997 I chatty  : uid=10178(com.miui.android.fashiongallery) expire 1 line
08-27 18:31:50.764  2841 21273 W MiuiPerfServiceClient: interceptAndQueuing:4667|com.miui.android.fashiongallery|168|95|unknown|null|com.miui.android.fashiongallery/glance.ui.sdk.activity.GlanceHomeActivity|26587000972304|Slow main thread|3
08-27 18:31:50.768  2841 21273 W MiuiPerfServiceClient: interceptAndQueuing:4667|com.miui.android.fashiongallery|158|158|unknown|null|com.miui.android.fashiongallery/glance.ui.sdk.activity.GlanceHomeActivity|26587559997564|Slow handle animation|1
08-27 18:31:50.770  2841 21273 W MiuiPerfServiceClient: interceptAndQueuing:4667|com.miui.android.fashiongallery|286|286|unknown|null|com.miui.android.fashiongallery/glance.ui.sdk.activity.GlanceHomeActivity|26587954344283|Slow main thread|1
08-27 18:31:50.856  4667  5095 I chatty  : uid=10178(com.miui.android.fashiongallery) expire 1 line
08-27 18:31:57.062  2841  3845 W MiuiPerfServiceClient: interceptAndQueuing:4667|com.miui.android.fashiongallery|279|279|unknown|null|com.miui.android.fashiongallery/glance.ui.sdk.activity.GlanceHomeActivity|26609484463910|Slow issue draw commands|1
08-27 18:32:00.214  4667  4667 I chatty  : uid=10178(com.miui.android.fashiongallery) expire 22 lines
08-27 18:32:00.300  4667  4729 I chatty  : uid=10178(com.miui.android.fashiongallery) expire 24 lines
08-27 18:32:00.739  4667  4761 I chatty  : uid=10178(com.miui.android.fashiongallery) expire 1 line
08-27 18:32:00.787  4667  5203 I chatty  : uid=10178(com.miui.android.fashiongallery) expire 19 lines
08-27 18:32:01.282  4667  4747 I chatty  : uid=10178(com.miui.android.fashiongallery) expire 29 lines
08-27 18:32:49.969  4667  5327 I chatty  : uid=10178(com.miui.android.fashiongallery) expire 1 line
08-27 18:33:02.747  4667  4747 I chatty  : uid=10178(com.miui.android.fashiongallery) expire 10 lines
08-27 18:34:51.275  4667  5740 I chatty  : uid=10178(com.miui.android.fashiongallery) expire 1 line
08-27 18:35:14.862  4667  5792 I chatty  : uid=10178(com.miui.android.fashiongallery) expire 10 lines
08-27 18:35:14.863  4667  4729 I chatty  : uid=10178(com.miui.android.fashiongallery) expire 10 lines
08-27 18:37:35.381  4667  5841 I chatty  : uid=10178(com.miui.android.fashiongallery) expire 1 line
08-27 18:43:37.309  1566  3846 W ActivityManager: Background start not allowed: service Intent { act=com.google.firebase.INSTANCE_ID_EVENT pkg=com.miui.android.fashiongallery cmp=com.miui.android.fashiongallery/com.google.firebase.iid.FirebaseInstanceIdService (has extras) } to com.miui.android.fashiongallery/com.google.firebase.iid.FirebaseInstanceIdService from pid=4667 uid=10178 pkg=com.miui.android.fashiongallery
08-27 18:43:37.310  4667  4667 I chatty  : uid=10178(com.miui.android.fashiongallery) expire 95 lines
08-27 18:50:20.978  4667  5085 I chatty  : uid=10178(com.miui.android.fashiongallery) expire 21 lines
08-27 18:50:42.169  4667  4667 I chatty  : uid=10178(com.miui.android.fashiongallery) expire 32 lines
08-27 18:51:01.811  4667  4667 I chatty  : uid=10178(com.miui.android.fashiongallery) expire 73 lines
08-27 18:51:07.740  4667  4747 I chatty  : uid=10178(com.miui.android.fashiongallery) expire 10 lines
08-27 18:51:09.523  4667  4684 I chatty  : uid=10178(com.miui.android.fashiongallery) expire 10 lines
08-27 18:51:20.925  4667  6280 I chatty  : uid=10178(com.miui.android.fashiongallery) expire 1 line
08-27 18:51:24.319  4667  4729 I chatty  : uid=10178(com.miui.android.fashiongallery) expire 17 lines
08-27 18:51:24.726  4667  4667 I chatty  : uid=10178(com.miui.android.fashiongallery) expire 84 lines
08-27 18:51:24.852  4667  5260 I chatty  : uid=10178(com.miui.android.fashiongallery) expire 21 lines
08-27 18:51:33.673  4667  4747 I chatty  : uid=10178(com.miui.android.fashiongallery) expire 46 lines
08-27 18:51:34.163  4667  5139 I chatty  : uid=10178(com.miui.android.fashiongallery) expire 14 lines
08-27 18:51:34.200  4667  6376 I chatty  : uid=10178(com.miui.android.fashiongallery) expire 27 lines
08-27 18:51:39.836  4667  4667 I chatty  : uid=10178(com.miui.android.fashiongallery) expire 11 lines
08-27 18:51:40.009  4667  4729 I chatty  : uid=10178(com.miui.android.fashiongallery) expire 32 lines
08-27 18:51:40.015  4667  4966 I chatty  : uid=10178(com.miui.android.fashiongallery) expire 20 lines
08-27 18:51:40.474  4667  5792 I chatty  : uid=10178(com.miui.android.fashiongallery) expire 10 lines
08-27 18:51:56.495  4667  4747 I chatty  : uid=10178(com.miui.android.fashiongallery) expire 53 lines
08-27 18:51:56.501  4667  4729 I chatty  : uid=10178(com.miui.android.fashiongallery) expire 46 lines
08-27 18:52:02.254  4667  4965 I chatty  : uid=10178(com.miui.android.fashiongallery) expire 20 lines
08-27 18:52:02.255  4667  6376 I chatty  : uid=10178(com.miui.android.fashiongallery) expire 16 lines
08-27 18:52:02.583  4667  4667 I chatty  : uid=10178(com.miui.android.fashiongallery) expire 15 lines
08-27 18:52:09.571  4667  4966 I chatty  : uid=10178(com.miui.android.fashiongallery) expire 59 lines
08-27 18:52:09.590  4667  5792 I chatty  : uid=10178(com.miui.android.fashiongallery) expire 6 lines
08-27 18:52:09.803  4667  5139 I chatty  : uid=10178(com.miui.android.fashiongallery) expire 39 lines
08-27 18:52:10.040  4667  4729 I chatty  : uid=10178(com.miui.android.fashiongallery) expire 30 lines
08-27 18:52:10.041  4667  4747 I chatty  : uid=10178(com.miui.android.fashiongallery) expire 36 lines
08-27 18:52:13.515  4667  6376 I chatty  : uid=10178(com.miui.android.fashiongallery) expire 12 lines
08-27 18:52:13.687  4667  4965 I chatty  : uid=10178(com.miui.android.fashiongallery) expire 9 lines
08-27 18:52:17.622  4667  4667 I chatty  : uid=10178(com.miui.android.fashiongallery) expire 11 lines
08-27 18:52:19.955  2841  3845 W MiuiPerfServiceClient: interceptAndQueuing:4667|com.miui.android.fashiongallery|205|205|unknown|null|com.miui.android.fashiongallery/glance.ui.sdk.activity.GlanceHomeActivity|26974378874031|Slow main thread|1
08-27 18:52:25.770  4667  4747 I chatty  : uid=10178(com.miui.android.fashiongallery) expire 13 lines
08-27 18:52:25.776  4667  4729 I chatty  : uid=10178(com.miui.android.fashiongallery) expire 8 lines
08-27 18:52:31.911  4667  4667 I chatty  : uid=10178(com.miui.android.fashiongallery) expire 56 lines
08-27 18:52:31.965  4667  5139 I chatty  : uid=10178(com.miui.android.fashiongallery) expire 23 lines
08-27 18:52:40.318  4667  4966 I chatty  : uid=10178(com.miui.android.fashiongallery) expire 11 lines
08-27 18:52:40.328  4667  4678 I chatty  : uid=10178(com.miui.android.fashiongallery) expire 12 lines
08-27 18:52:40.724  4667  4667 W art     :   at android.view.Choreographer.doCallbacks(Choreographer.java:688)
08-27 18:52:40.724  4667  4667 W art     :   at android.view.Choreographer.doFrame(Choreographer.java:620)
08-27 18:52:40.724  4667  4667 W art     :   at android.view.Choreographer$FrameDisplayEventReceiver.run(Choreographer.java:862)
08-27 18:52:40.724  4667  4667 W art     :   at android.os.Handler.handleCallback(Handler.java:754)
08-27 18:52:40.724  4667  4667 W art     :   at android.os.Handler.dispatchMessage(Handler.java:95)
08-27 18:52:40.724  4667  4667 W art     :   at android.os.Looper.loop(Looper.java:163)
08-27 18:52:40.724  4667  4667 W art     :   at android.app.ActivityThread.main(ActivityThread.java:6238)
08-27 18:52:40.724  4667  4667 W art     :   at java.lang.reflect.Method.invoke!(Native method)
08-27 18:52:40.724  4667  4667 W art     :   at com.android.internal.os.ZygoteInit$MethodAndArgsCaller.run(ZygoteInit.java:904)
08-27 18:52:40.724  4667  4667 W art     :   at com.android.internal.os.ZygoteInit.main(ZygoteInit.java:794)
08-27 18:52:40.724  4667  4667 W art     : 
08-27 18:52:40.725  4667  4667 I art     : Waiting for a blocking GC Alloc
08-27 18:52:40.730  4667  4678 I art     : Alloc sticky concurrent mark sweep GC freed 0(0B) AllocSpace objects, 0(0B) LOS objects, 0% free, 194MB/194MB, paused 717us total 6.448ms
08-27 18:52:40.730  4667  4678 I art     : Starting a blocking GC Alloc
08-27 18:52:40.730  4667  4966 I art     : Waiting for a blocking GC Alloc
08-27 18:52:40.730  4667  5139 I art     : Waiting for a blocking GC Alloc
08-27 18:52:40.730  4667  4667 I art     : Waiting for a blocking GC Alloc
08-27 18:52:40.768  4667  4678 I art     : Clamp target GC heap from 210MB to 194MB
08-27 18:52:40.769  4667  4678 I art     : Alloc partial concurrent mark sweep GC freed 4(184B) AllocSpace objects, 0(0B) LOS objects, 0% free, 194MB/194MB, paused 912us total 38.232ms
08-27 18:52:40.769  4667  4678 I art     : Starting a blocking GC Alloc
08-27 18:52:40.769  4667  4667 I art     : Waiting for a blocking GC Alloc
08-27 18:52:40.769  4667  4966 I art     : Waiting for a blocking GC Alloc
08-27 18:52:40.769  4667  5139 I art     : Waiting for a blocking GC Alloc
08-27 18:52:40.820  4667  4678 I art     : Clamp target GC heap from 210MB to 194MB
08-27 18:52:40.820  4667  4678 I art     : Alloc concurrent mark sweep GC freed 0(0B) AllocSpace objects, 0(0B) LOS objects, 0% free, 194MB/194MB, paused 788us total 50.513ms
08-27 18:52:40.820  4667  4678 I art     : Forcing collection of SoftReferences for 24B allocation
08-27 18:52:40.820  4667  4678 I art     : Starting a blocking GC Alloc
08-27 18:52:40.820  4667  4667 I art     : Waiting for a blocking GC Alloc
08-27 18:52:40.820  4667  4966 I art     : Waiting for a blocking GC Alloc
08-27 18:52:40.820  4667  5139 I art     : Waiting for a blocking GC Alloc
08-27 18:52:40.871  4667  4678 I art     : Clamp target GC heap from 210MB to 194MB
08-27 18:52:40.871  4667  4678 I art     : Alloc concurrent mark sweep GC freed 0(0B) AllocSpace objects, 0(0B) LOS objects, 0% free, 194MB/194MB, paused 833us total 51.182ms
08-27 18:52:40.872  4667  4678 W art     : Throwing OutOfMemoryError "Failed to allocate a 24 byte allocation with 0 free bytes and -2MB until OOM"
08-27 18:52:40.872  4667  4678 I art     : Starting a blocking GC Alloc
08-27 18:52:40.872  4667  4678 I art     : Starting a blocking GC Alloc
08-27 18:52:40.872  4667  4667 I art     : Waiting for a blocking GC Alloc
08-27 18:52:40.872  4667  4966 I art     : Waiting for a blocking GC Alloc
08-27 18:52:40.872  4667  5139 I art     : Waiting for a blocking GC Alloc
08-27 18:52:40.878  4667  4678 I art     : Alloc sticky concurrent mark sweep GC freed 0(0B) AllocSpace objects, 0(0B) LOS objects, 0% free, 194MB/194MB, paused 678us total 6.284ms
08-27 18:52:40.878  4667  4678 I art     : Starting a blocking GC Alloc
08-27 18:52:40.878  4667  4667 I art     : Waiting for a blocking GC Alloc
08-27 18:52:40.879  4667  5139 I art     : Waiting for a blocking GC Alloc
08-27 18:52:40.879  4667  4966 I art     : Waiting for a blocking GC Alloc
08-27 18:52:40.917  4667  4678 I art     : Clamp target GC heap from 210MB to 194MB
08-27 18:52:40.917  4667  4678 I art     : Alloc partial concurrent mark sweep GC freed 0(0B) AllocSpace objects, 0(0B) LOS objects, 0% free, 194MB/194MB, paused 818us total 38.306ms
08-27 18:52:40.917  4667  4678 I art     : Starting a blocking GC Alloc
08-27 18:52:40.917  4667  4667 I art     : Waiting for a blocking GC Alloc
08-27 18:52:40.917  4667  5139 I art     : Waiting for a blocking GC Alloc
08-27 18:52:40.917  4667  4966 I art     : Waiting for a blocking GC Alloc
08-27 18:52:40.969  4667  4678 I art     : Clamp target GC heap from 210MB to 194MB
08-27 18:52:40.969  4667  4678 I art     : Alloc concurrent mark sweep GC freed 0(0B) AllocSpace objects, 0(0B) LOS objects, 0% free, 194MB/194MB, paused 963us total 51.134ms
08-27 18:52:40.969  4667  4678 I art     : Forcing collection of SoftReferences for 28B allocation
08-27 18:52:40.969  4667  4678 I art     : Starting a blocking GC Alloc
08-27 18:52:40.969  4667  4667 I art     : Waiting for a blocking GC Alloc
08-27 18:52:40.969  4667  5139 I art     : Waiting for a blocking GC Alloc
08-27 18:52:40.969  4667  4966 I art     : Waiting for a blocking GC Alloc
08-27 18:52:41.020  4667  4678 I art     : Clamp target GC heap from 210MB to 194MB
08-27 18:52:41.020  4667  4678 I art     : Alloc concurrent mark sweep GC freed 0(0B) AllocSpace objects, 0(0B) LOS objects, 0% free, 194MB/194MB, paused 796us total 50.833ms
08-27 18:52:41.020  4667  4678 W art     : Throwing OutOfMemoryError "Failed to allocate a 28 byte allocation with 0 free bytes and -2MB until OOM" (recursive case)
08-27 18:52:41.020  4667  4667 I art     : WaitForGcToComplete blocked for 295.789ms for cause Alloc
08-27 18:52:41.020  4667  4667 I art     : Starting a blocking GC Alloc
08-27 18:52:41.020  4667  4667 I art     : Starting a blocking GC Alloc
08-27 18:52:41.021  4667  5139 I art     : Waiting for a blocking GC Alloc
08-27 18:52:41.021  4667  4966 I art     : Waiting for a blocking GC Alloc
08-27 18:52:41.021  4667  4678 W art     : "FinalizerDaemon" daemon prio=5 tid=6 Runnable
08-27 18:52:41.021  4667  4678 W art     :   | group="system" sCount=0 dsCount=0 obj=0x32c0c310 self=0x7fa76c5200
08-27 18:52:41.021  4667  4678 W art     :   | sysTid=4678 nice=0 cgrp=default sched=0/0 handle=0x7fa6907450
08-27 18:52:41.021  4667  4678 W art     :   | state=R schedstat=( 407601387 23863133 451 ) utm=38 stm=2 core=7 HZ=100
08-27 18:52:41.021  4667  4678 W art     :   | stack=0x7fa6805000-0x7fa6807000 stackSize=1037KB
08-27 18:52:41.021  4667  4678 W art     :   | held mutexes= "mutator lock"(shared held)
08-27 18:52:41.021  4667  4678 W art     :   at com.android.internal.os.BinderInternal$GcWatcher.finalize(BinderInternal.java:53)
08-27 18:52:41.021  4667  4678 W art     :   at java.lang.Daemons$FinalizerDaemon.doFinalize(Daemons.java:224)
08-27 18:52:41.021  4667  4678 W art     :   at java.lang.Daemons$FinalizerDaemon.run(Daemons.java:211)
08-27 18:52:41.021  4667  4678 W art     :   at java.lang.Thread.run(Thread.java:760)
08-27 18:52:41.021  4667  4678 W art     : 
08-27 18:52:41.021  4667  4678 E System  : Uncaught exception thrown by finalizer
08-27 18:52:41.031  4667  4678 I art     : Waiting for a blocking GC Alloc
08-27 18:52:41.033  4667  4667 I art     : Alloc sticky concurrent mark sweep GC freed 0(0B) AllocSpace objects, 0(0B) LOS objects, 0% free, 194MB/194MB, paused 1.006ms total 12.240ms
08-27 18:52:41.033  4667  4667 I art     : Starting a blocking GC Alloc
08-27 18:52:41.033  4667  5139 I art     : Waiting for a blocking GC Alloc
08-27 18:52:41.033  4667  4966 I art     : Waiting for a blocking GC Alloc
08-27 18:52:41.033  4667  4678 I art     : Waiting for a blocking GC Alloc
08-27 18:52:41.071  4667  4667 I art     : Clamp target GC heap from 210MB to 194MB
08-27 18:52:41.071  4667  4667 I art     : Alloc partial concurrent mark sweep GC freed 0(0B) AllocSpace objects, 0(0B) LOS objects, 0% free, 194MB/194MB, paused 733us total 37.923ms
08-27 18:52:41.071  4667  4667 I art     : Starting a blocking GC Alloc
08-27 18:52:41.071  4667  5139 I art     : Waiting for a blocking GC Alloc
08-27 18:52:41.072  4667  4966 I art     : Waiting for a blocking GC Alloc
08-27 18:52:41.072  4667  4678 I art     : Waiting for a blocking GC Alloc
08-27 18:52:41.123  4667  4667 I art     : Clamp target GC heap from 210MB to 194MB
08-27 18:52:41.123  4667  4667 I art     : Alloc concurrent mark sweep GC freed 0(0B) AllocSpace objects, 0(0B) LOS objects, 0% free, 194MB/194MB, paused 797us total 51.177ms
08-27 18:52:41.123  4667  4667 I art     : Forcing collection of SoftReferences for 32B allocation
08-27 18:52:41.123  4667  4667 I art     : Starting a blocking GC Alloc
08-27 18:52:41.123  4667  5139 I art     : Waiting for a blocking GC Alloc
08-27 18:52:41.123  4667  4966 I art     : Waiting for a blocking GC Alloc
08-27 18:52:41.124  4667  4678 I art     : Waiting for a blocking GC Alloc
08-27 18:52:41.175  4667  4667 I art     : Clamp target GC heap from 210MB to 194MB
08-27 18:52:41.175  4667  4667 I art     : Alloc concurrent mark sweep GC freed 0(0B) AllocSpace objects, 0(0B) LOS objects, 0% free, 194MB/194MB, paused 929us total 51.176ms
08-27 18:52:41.175  4667  4667 W art     : Throwing OutOfMemoryError "Failed to allocate a 32 byte allocation with 0 free bytes and -2MB until OOM"
08-27 18:52:41.175  4667  4667 I art     : Starting a blocking GC Alloc
08-27 18:52:41.175  4667  4667 I art     : Starting a blocking GC Alloc
08-27 18:52:41.175  4667  5139 I art     : Waiting for a blocking GC Alloc
08-27 18:52:41.175  4667  4966 I art     : Waiting for a blocking GC Alloc
08-27 18:52:41.175  4667  4678 I art     : Waiting for a blocking GC Alloc
08-27 18:52:41.181  4667  4667 I art     : Alloc sticky concurrent mark sweep GC freed 0(0B) AllocSpace objects, 0(0B) LOS objects, 0% free, 194MB/194MB, paused 692us total 6.341ms
08-27 18:52:41.182  4667  4667 I art     : Starting a blocking GC Alloc
08-27 18:52:41.182  4667  5139 I art     : Waiting for a blocking GC Alloc
08-27 18:52:41.182  4667  4966 I art     : Waiting for a blocking GC Alloc
08-27 18:52:41.182  4667  4678 I art     : Waiting for a blocking GC Alloc
08-27 18:52:41.219  4667  4667 I art     : Clamp target GC heap from 210MB to 194MB
08-27 18:52:41.220  4667  4667 I art     : Alloc partial concurrent mark sweep GC freed 0(0B) AllocSpace objects, 0(0B) LOS objects, 0% free, 194MB/194MB, paused 739us total 37.561ms
08-27 18:52:41.220  4667  4667 I art     : Starting a blocking GC Alloc
08-27 18:52:41.220  4667  4966 I art     : Waiting for a blocking GC Alloc
08-27 18:52:41.220  4667  5139 I art     : Waiting for a blocking GC Alloc
08-27 18:52:41.220  4667  4678 I art     : Waiting for a blocking GC Alloc
08-27 18:52:41.271  4667  4667 I art     : Clamp target GC heap from 210MB to 194MB
08-27 18:52:41.271  4667  4667 I art     : Alloc concurrent mark sweep GC freed 0(0B) AllocSpace objects, 0(0B) LOS objects, 0% free, 194MB/194MB, paused 792us total 50.559ms
08-27 18:52:41.271  4667  4667 I art     : Forcing collection of SoftReferences for 28B allocation
08-27 18:52:41.271  4667  4667 I art     : Starting a blocking GC Alloc
08-27 18:52:41.271  4667  4966 I art     : Waiting for a blocking GC Alloc
08-27 18:52:41.271  4667  5139 I art     : Waiting for a blocking GC Alloc
08-27 18:52:41.271  4667  4678 I art     : Waiting for a blocking GC Alloc
08-27 18:52:41.322  4667  4667 I art     : Clamp target GC heap from 210MB to 194MB
08-27 18:52:41.322  4667  4667 I art     : Alloc concurrent mark sweep GC freed 0(0B) AllocSpace objects, 0(0B) LOS objects, 0% free, 194MB/194MB, paused 922us total 50.379ms
08-27 18:52:41.322  4667  4667 W art     : Throwing OutOfMemoryError "Failed to allocate a 28 byte allocation with 0 free bytes and -2MB until OOM" (recursive case)
08-27 18:52:41.322  4667  4966 I art     : WaitForGcToComplete blocked for 1.004s for cause Alloc
08-27 18:52:41.322  4667  4966 I art     : Starting a blocking GC Alloc
08-27 18:52:41.322  4667  4966 I art     : Starting a blocking GC Alloc
08-27 18:52:41.322  4667  5139 I art     : Waiting for a blocking GC Alloc
08-27 18:52:41.322  4667  4678 I art     : Waiting for a blocking GC Alloc
08-27 18:52:41.510  4667  4667 W art     : "main" prio=5 tid=1 Runnable
08-27 18:52:41.510  4667  4667 W art     :   | group="main" sCount=0 dsCount=0 obj=0x758629d0 self=0x7fa7643a00
08-27 18:52:41.510  4667  4667 W art     :   | sysTid=4667 nice=-20 cgrp=default sched=1073741825/1 handle=0x7fab6b2aa0
08-27 18:52:41.510  4667  4667 W art     :   | state=R schedstat=( 43402906979 7208974419 32397 ) utm=3577 stm=764 core=0 HZ=100
08-27 18:52:41.510  4667  4667 W art     :   | stack=0x7fc527a000-0x7fc527c000 stackSize=8MB
08-27 18:52:41.510  4667  4667 W art     :   | held mutexes= "mutator lock"(shared held)
08-27 18:52:41.510  4667  4667 W art     :   native: #00 pc 000000000022d0c4  /system/lib64/libart.so (???)
08-27 18:52:41.510  4667  4667 W art     :   native: #01 pc 000000000022d0c0  /system/lib64/libart.so (???)
08-27 18:52:41.510  4667  4667 W art     :   native: #02 pc 0000000000200e14  /system/lib64/libart.so (???)
08-27 18:52:41.510  4667  4667 W art     :   native: #03 pc 00000000001fe884  /system/lib64/libart.so (???)
08-27 18:52:41.510  4667  4667 W art     :   native: #04 pc 00000000000a88a0  /system/lib64/libart.so (???)
08-27 18:52:41.510  4667  4667 W art     :   native: #05 pc 00000000000b2920  /system/lib64/libart.so (???)
08-27 18:52:41.510  4667  4667 W art     :   native: #06 pc 0000000000122074  /system/lib64/libart.so (_ZN3art6mirror5Class11AllocObjectEPNS_6ThreadE+2392)
08-27 18:52:41.510  4667  4667 W art     :   native: #07 pc 0000000000209588  /system/lib64/libart.so (???)
08-27 18:52:41.510  4667  4667 W art     :   native: #08 pc 00000000001fe8d4  /system/lib64/libart.so (???)
08-27 18:52:41.510  4667  4667 W art     :   native: #09 pc 00000000000a88a0  /system/lib64/libart.so (???)
08-27 18:52:41.510  4667  4667 W art     :   native: #10 pc 00000000000b2920  /system/lib64/libart.so (???)
08-27 18:52:41.510  4667  4667 W art     :   native: #11 pc 0000000000122074  /system/lib64/libart.so (_ZN3art6mirror5Class11AllocObjectEPNS_6ThreadE+2392)
08-27 18:52:41.510  4667  4667 W art     :   native: #12 pc 00000000000dc8ac  /system/lib64/libart.so (???)
08-27 18:52:41.510  4667  4667 W art     :   native: #13 pc 00000000000f5d38  /system/lib64/libart.so (_ZN3art8CheckJNI10NewObjectVEP7_JNIEnvP7_jclassP10_jmethodIDSt9__va_list+792)
08-27 18:52:41.510  4667  4667 W art     :   native: #14 pc 00000000000f005c  /system/lib64/libart.so (???)
08-27 18:52:41.510  4667  4667 W art     :   native: #15 pc 00000000001ddd2c  /system/lib64/libart.so (???)
08-27 18:52:41.510  4667  4667 W art     :   native: #16 pc 0000000000154c04  /system/lib64/libart.so (???)
08-27 18:52:41.510  4667  4667 W art     :   native: #17 pc 00000000000ccb48  /system/framework/arm64/boot.oat (Java_java_lang_reflect_Method_invoke__Ljava_lang_Object_2_3Ljava_lang_Object_2+180)
08-27 18:52:41.510  4667  4667 W art     :   at java.lang.reflect.Method.invoke!(Native method)
08-27 18:52:41.510  4667  4667 W art     :   at com.android.internal.os.ZygoteInit$MethodAndArgsCaller.run(ZygoteInit.java:904)
08-27 18:52:41.510  4667  4667 W art     :   at com.android.internal.os.ZygoteInit.main(ZygoteInit.java:794)
08-27 18:52:41.510  4667  4667 W art     : 
08-27 18:52:41.510  4667  4667 D AndroidRuntime: Shutting down VM
08-27 18:52:41.510  4667  4667 I art     : Waiting for a blocking GC Alloc
08-27 18:52:41.515  4667  4966 I art     : Alloc sticky concurrent mark sweep GC freed 0(0B) AllocSpace objects, 0(0B) LOS objects, 0% free, 194MB/194MB, paused 827us total 193.269ms
08-27 18:52:41.516  4667  4966 I art     : Starting a blocking GC Alloc
08-27 18:52:41.516  4667  4667 I art     : Waiting for a blocking GC Alloc
08-27 18:52:41.516  4667  5139 I art     : Waiting for a blocking GC Alloc
08-27 18:52:41.516  4667  4678 I art     : Waiting for a blocking GC Alloc
08-27 18:52:41.557  4667  4966 I art     : Clamp target GC heap from 210MB to 194MB
08-27 18:52:41.557  4667  4966 I art     : Alloc partial concurrent mark sweep GC freed 6(288B) AllocSpace objects, 0(0B) LOS objects, 0% free, 194MB/194MB, paused 948us total 40.918ms
08-27 18:52:41.557  4667  4966 I art     : Starting a blocking GC Alloc
08-27 18:52:41.557  4667  4667 I art     : Waiting for a blocking GC Alloc
08-27 18:52:41.557  4667  5139 I art     : Waiting for a blocking GC Alloc
08-27 18:52:41.557  4667  4678 I art     : Waiting for a blocking GC Alloc
08-27 18:52:41.608  4667  4966 I art     : Clamp target GC heap from 210MB to 194MB
08-27 18:52:41.609  4667  4966 I art     : Alloc concurrent mark sweep GC freed 0(0B) AllocSpace objects, 0(0B) LOS objects, 0% free, 194MB/194MB, paused 887us total 51.050ms
08-27 18:52:41.609  4667  4966 I art     : Forcing collection of SoftReferences for 8KB allocation
08-27 18:52:41.609  4667  4966 I art     : Starting a blocking GC Alloc
08-27 18:52:41.609  4667  4667 I art     : Waiting for a blocking GC Alloc
08-27 18:52:41.609  4667  5139 I art     : Waiting for a blocking GC Alloc
08-27 18:52:41.609  4667  4678 I art     : Waiting for a blocking GC Alloc
08-27 18:52:41.660  4667  4966 I art     : Clamp target GC heap from 210MB to 194MB
08-27 18:52:41.660  4667  4966 I art     : Alloc concurrent mark sweep GC freed 0(0B) AllocSpace objects, 0(0B) LOS objects, 0% free, 194MB/194MB, paused 907us total 51.253ms
08-27 18:52:41.660  4667  4966 W art     : Throwing OutOfMemoryError "Failed to allocate a 8204 byte allocation with 0 free bytes and -2MB until OOM"
08-27 18:52:41.661  4667  4966 I art     : Starting a blocking GC Alloc
08-27 18:52:41.661  4667  4966 I art     : Starting a blocking GC Alloc
08-27 18:52:41.661  4667  4667 I art     : Waiting for a blocking GC Alloc
08-27 18:52:41.661  4667  5139 I art     : Waiting for a blocking GC Alloc
08-27 18:52:41.661  4667  4678 I art     : Waiting for a blocking GC Alloc
08-27 18:52:41.667  4667  4966 I art     : Alloc sticky concurrent mark sweep GC freed 0(0B) AllocSpace objects, 0(0B) LOS objects, 0% free, 194MB/194MB, paused 712us total 6.470ms
08-27 18:52:41.667  4667  4966 I art     : Starting a blocking GC Alloc
08-27 18:52:41.668  4667  5139 I art     : Waiting for a blocking GC Alloc
08-27 18:52:41.668  4667  4667 I art     : Waiting for a blocking GC Alloc
08-27 18:52:41.668  4667  4678 I art     : Waiting for a blocking GC Alloc
08-27 18:52:41.706  4667  4966 I art     : Clamp target GC heap from 210MB to 194MB
08-27 18:52:41.706  4667  4966 I art     : Alloc partial concurrent mark sweep GC freed 0(0B) AllocSpace objects, 0(0B) LOS objects, 0% free, 194MB/194MB, paused 896us total 37.888ms
08-27 18:52:41.706  4667  4966 I art     : Starting a blocking GC Alloc
08-27 18:52:41.706  4667  4667 I art     : Waiting for a blocking GC Alloc
08-27 18:52:41.706  4667  5139 I art     : Waiting for a blocking GC Alloc
08-27 18:52:41.706  4667  4678 I art     : Waiting for a blocking GC Alloc
08-27 18:52:41.757  4667  4966 I art     : Clamp target GC heap from 210MB to 194MB
08-27 18:52:41.757  4667  4966 I art     : Alloc concurrent mark sweep GC freed 0(0B) AllocSpace objects, 0(0B) LOS objects, 0% free, 194MB/194MB, paused 1.055ms total 50.932ms
08-27 18:52:41.757  4667  4966 I art     : Forcing collection of SoftReferences for 28B allocation
08-27 18:52:41.757  4667  4966 I art     : Starting a blocking GC Alloc
08-27 18:52:41.757  4667  4667 I art     : Waiting for a blocking GC Alloc
08-27 18:52:41.758  4667  5139 I art     : Waiting for a blocking GC Alloc
08-27 18:52:41.758  4667  4678 I art     : Waiting for a blocking GC Alloc
08-27 18:52:41.809  4667  4966 I art     : Clamp target GC heap from 210MB to 194MB
08-27 18:52:41.809  4667  4966 I art     : Alloc concurrent mark sweep GC freed 0(0B) AllocSpace objects, 0(0B) LOS objects, 0% free, 194MB/194MB, paused 907us total 51.598ms
08-27 18:52:41.809  4667  4966 W art     : Throwing OutOfMemoryError "Failed to allocate a 28 byte allocation with 0 free bytes and -2MB until OOM" (recursive case)
08-27 18:52:41.810  4667  4667 I art     : WaitForGcToComplete blocked for 299.460ms for cause Alloc
08-27 18:52:41.810  4667  4667 I art     : Starting a blocking GC Alloc
08-27 18:52:41.810  4667  4667 I art     : Starting a blocking GC Alloc
08-27 18:52:41.810  4667  5139 I art     : Waiting for a blocking GC Alloc
08-27 18:52:41.810  4667  4678 I art     : Waiting for a blocking GC Alloc
08-27 18:52:41.810  4667  4966 W art     : "Picasso-/glance-dev/public/gamecenter/assets/Dunk shot/banner/Dunk_Shot_04.jpg" prio=5 tid=22 Runnable
08-27 18:52:41.810  4667  4966 W art     :   | group="main" sCount=0 dsCount=0 obj=0x32c0eb80 self=0x7f89cece00
08-27 18:52:41.810  4667  4966 W art     :   | sysTid=4966 nice=10 cgrp=default sched=0/0 handle=0x7f88f57450
08-27 18:52:41.810  4667  4966 W art     :   | state=R schedstat=( 2679150151 62539848 800 ) utm=242 stm=25 core=5 HZ=100
08-27 18:52:41.810  4667  4966 W art     :   | stack=0x7f88e55000-0x7f88e57000 stackSize=1037KB
08-27 18:52:41.810  4667  4966 W art     :   | held mutexes= "mutator lock"(shared held)
08-27 18:52:41.810  4667  4966 W art     :   at java.io.BufferedInputStream.fill(BufferedInputStream.java:222)
08-27 18:52:41.810  4667  4966 W art     :   at java.io.BufferedInputStream.read1(BufferedInputStream.java:275)
08-27 18:52:41.810  4667  4966 W art     :   at java.io.BufferedInputStream.read(BufferedInputStream.java:334)
08-27 18:52:41.810  4667  4966 W art     :   at com.squareup.picasso.MarkableInputStream.read(MarkableInputStream.java:138)
08-27 18:52:41.810  4667  4966 W art     :   at android.graphics.BitmapFactory.nativeDecodeStream(Native method)
08-27 18:52:41.810  4667  4966 W art     :   at android.graphics.BitmapFactory.decodeStreamInternal(BitmapFactory.java:650)
08-27 18:52:41.810  4667  4966 W art     :   at android.graphics.BitmapFactory.decodeStream(BitmapFactory.java:626)
08-27 18:52:41.810  4667  4966 W art     :   at com.squareup.picasso.BitmapHunter.decodeStream(BitmapHunter.java:142)
08-27 18:52:41.810  4667  4966 W art     :   at com.squareup.picasso.BitmapHunter.hunt(BitmapHunter.java:217)
08-27 18:52:41.810  4667  4966 W art     :   at com.squareup.picasso.BitmapHunter.run(BitmapHunter.java:159)
08-27 18:52:41.810  4667  4966 W art     :   at java.util.concurrent.Executors$RunnableAdapter.call(Executors.java:428)
08-27 18:52:41.810  4667  4966 W art     :   at java.util.concurrent.FutureTask.run(FutureTask.java:237)
08-27 18:52:41.810  4667  4966 W art     :   at java.util.concurrent.ThreadPoolExecutor.runWorker(ThreadPoolExecutor.java:1133)
08-27 18:52:41.810  4667  4966 W art     :   at java.util.concurrent.ThreadPoolExecutor$Worker.run(ThreadPoolExecutor.java:607)
08-27 18:52:41.810  4667  4966 W art     :   at java.lang.Thread.run(Thread.java:760)
08-27 18:52:41.810  4667  4966 W art     :   at com.squareup.picasso.Utils$PicassoThread.run(Utils.java:411)
08-27 18:52:41.810  4667  4966 W art     : 
08-27 18:52:41.811  4667  4966 I art     : Waiting for a blocking GC Alloc
08-27 18:52:41.816  4667  4667 I art     : Alloc sticky concurrent mark sweep GC freed 0(0B) AllocSpace objects, 0(0B) LOS objects, 0% free, 194MB/194MB, paused 768us total 6.508ms
08-27 18:52:41.816  4667  4667 I art     : Starting a blocking GC Alloc
08-27 18:52:41.817  4667  4678 I art     : Waiting for a blocking GC Alloc
08-27 18:52:41.817  4667  5139 I art     : Waiting for a blocking GC Alloc
08-27 18:52:41.817  4667  4966 I art     : Waiting for a blocking GC Alloc
08-27 18:52:41.854  4667  4667 I art     : Clamp target GC heap from 210MB to 194MB
08-27 18:52:41.854  4667  4667 I art     : Alloc partial concurrent mark sweep GC freed 0(0B) AllocSpace objects, 0(0B) LOS objects, 0% free, 194MB/194MB, paused 771us total 37.465ms
08-27 18:52:41.854  4667  4667 I art     : Starting a blocking GC Alloc
08-27 18:52:41.855  4667  4678 I art     : Waiting for a blocking GC Alloc
08-27 18:52:41.855  4667  5139 I art     : Waiting for a blocking GC Alloc
08-27 18:52:41.855  4667  4966 I art     : Waiting for a blocking GC Alloc
08-27 18:52:41.905  4667  4667 I art     : Clamp target GC heap from 210MB to 194MB
08-27 18:52:41.905  4667  4667 I art     : Alloc concurrent mark sweep GC freed 0(0B) AllocSpace objects, 0(0B) LOS objects, 0% free, 194MB/194MB, paused 943us total 50.400ms
08-27 18:52:41.905  4667  4667 I art     : Forcing collection of SoftReferences for 16B allocation
08-27 18:52:41.905  4667  4667 I art     : Starting a blocking GC Alloc
08-27 18:52:41.906  4667  4678 I art     : Waiting for a blocking GC Alloc
08-27 18:52:41.906  4667  5139 I art     : Waiting for a blocking GC Alloc
08-27 18:52:41.906  4667  4966 I art     : Waiting for a blocking GC Alloc
08-27 18:52:41.956  4667  4667 I art     : Clamp target GC heap from 210MB to 194MB
08-27 18:52:41.956  4667  4667 I art     : Alloc concurrent mark sweep GC freed 0(0B) AllocSpace objects, 0(0B) LOS objects, 0% free, 194MB/194MB, paused 895us total 50.593ms
08-27 18:52:41.957  4667  4667 W art     : Throwing OutOfMemoryError "Failed to allocate a 16 byte allocation with 0 free bytes and -2MB until OOM"
08-27 18:52:41.957  4667  4667 I art     : Starting a blocking GC Alloc
08-27 18:52:41.957  4667  4667 I art     : Starting a blocking GC Alloc
08-27 18:52:41.957  4667  4966 I art     : Waiting for a blocking GC Alloc
08-27 18:52:41.957  4667  4678 I art     : Waiting for a blocking GC Alloc
08-27 18:52:41.957  4667  5139 I art     : Waiting for a blocking GC Alloc
08-27 18:52:41.963  4667  4667 I art     : Alloc sticky concurrent mark sweep GC freed 0(0B) AllocSpace objects, 0(0B) LOS objects, 0% free, 194MB/194MB, paused 667us total 6.215ms
08-27 18:52:41.963  4667  4667 I art     : Starting a blocking GC Alloc
08-27 18:52:41.963  4667  4678 I art     : Waiting for a blocking GC Alloc
08-27 18:52:41.963  4667  4966 I art     : Waiting for a blocking GC Alloc
08-27 18:52:41.963  4667  5139 I art     : Waiting for a blocking GC Alloc
08-27 18:52:42.001  4667  4667 I art     : Clamp target GC heap from 210MB to 194MB
08-27 18:52:42.001  4667  4667 I art     : Alloc partial concurrent mark sweep GC freed 0(0B) AllocSpace objects, 0(0B) LOS objects, 0% free, 194MB/194MB, paused 721us total 37.364ms
08-27 18:52:42.001  4667  4667 I art     : Starting a blocking GC Alloc
08-27 18:52:42.001  4667  4678 I art     : Waiting for a blocking GC Alloc
08-27 18:52:42.001  4667  4966 I art     : Waiting for a blocking GC Alloc
08-27 18:52:42.002  4667  5139 I art     : Waiting for a blocking GC Alloc
08-27 18:52:42.053  4667  4667 I art     : Clamp target GC heap from 210MB to 194MB
08-27 18:52:42.053  4667  4667 I art     : Alloc concurrent mark sweep GC freed 0(0B) AllocSpace objects, 0(0B) LOS objects, 0% free, 194MB/194MB, paused 908us total 51.434ms
08-27 18:52:42.053  4667  4667 I art     : Forcing collection of SoftReferences for 28B allocation
08-27 18:52:42.053  4667  4667 I art     : Starting a blocking GC Alloc
08-27 18:52:42.053  4667  4678 I art     : Waiting for a blocking GC Alloc
08-27 18:52:42.053  4667  5139 I art     : Waiting for a blocking GC Alloc
08-27 18:52:42.053  4667  4966 I art     : Waiting for a blocking GC Alloc
08-27 18:52:42.104  4667  4667 I art     : Clamp target GC heap from 210MB to 194MB
08-27 18:52:42.104  4667  4667 I art     : Alloc concurrent mark sweep GC freed 0(0B) AllocSpace objects, 0(0B) LOS objects, 0% free, 194MB/194MB, paused 784us total 50.337ms
08-27 18:52:42.104  4667  4667 W art     : Throwing OutOfMemoryError "Failed to allocate a 28 byte allocation with 0 free bytes and -2MB until OOM" (recursive case)
08-27 18:52:42.104  4667  4678 I art     : WaitForGcToComplete blocked for 1.073s for cause Alloc
08-27 18:52:42.104  4667  4678 I art     : Starting a blocking GC Alloc
08-27 18:52:42.104  4667  4678 I art     : Starting a blocking GC Alloc
08-27 18:52:42.105  4667  5139 I art     : Waiting for a blocking GC Alloc
08-27 18:52:42.105  4667  4966 I art     : Waiting for a blocking GC Alloc
08-27 18:52:42.105  4667  4667 W art     : "main" prio=5 tid=1 Runnable
08-27 18:52:42.105  4667  4667 W art     :   | group="main" sCount=0 dsCount=0 obj=0x758629d0 self=0x7fa7643a00
08-27 18:52:42.105  4667  4667 W art     :   | sysTid=4667 nice=-20 cgrp=default sched=1073741825/1 handle=0x7fab6b2aa0
08-27 18:52:42.105  4667  4667 W art     :   | state=R schedstat=( 43776299633 7212097075 32419 ) utm=3607 stm=770 core=2 HZ=100
08-27 18:52:42.105  4667  4667 W art     :   | stack=0x7fc527a000-0x7fc527c000 stackSize=8MB
08-27 18:52:42.105  4667  4667 W art     :   | held mutexes= "mutator lock"(shared held)
08-27 18:52:42.105  4667  4667 W art     :   at com.android.internal.os.RuntimeInit$LoggingHandler.uncaughtException(RuntimeInit.java:153)
08-27 18:52:42.105  4667  4667 W art     :   at java.lang.Thread.dispatchUncaughtException(Thread.java:1974)
08-27 18:52:42.105  4667  4667 W art     : 
08-27 18:52:42.105  4667  4667 I art     : Waiting for a blocking GC Alloc
08-27 18:52:42.111  4667  4678 I art     : Alloc sticky concurrent mark sweep GC freed 0(0B) AllocSpace objects, 0(0B) LOS objects, 0% free, 194MB/194MB, paused 968us total 6.840ms
08-27 18:52:42.112  4667  4678 I art     : Starting a blocking GC Alloc
08-27 18:52:42.112  4667  4667 I art     : Waiting for a blocking GC Alloc
08-27 18:52:42.112  4667  5139 I art     : Waiting for a blocking GC Alloc
08-27 18:52:42.112  4667  4966 I art     : Waiting for a blocking GC Alloc
08-27 18:52:42.150  4667  4678 I art     : Clamp target GC heap from 210MB to 194MB
08-27 18:52:42.150  4667  4678 I art     : Alloc partial concurrent mark sweep GC freed 0(0B) AllocSpace objects, 0(0B) LOS objects, 0% free, 194MB/194MB, paused 793us total 38.164ms
08-27 18:52:42.150  4667  4678 I art     : Starting a blocking GC Alloc
08-27 18:52:42.151  4667  4667 I art     : Waiting for a blocking GC Alloc
08-27 18:52:42.151  4667  5139 I art     : Waiting for a blocking GC Alloc
08-27 18:52:42.151  4667  4966 I art     : Waiting for a blocking GC Alloc
08-27 18:52:42.201  4667  4678 I art     : Clamp target GC heap from 210MB to 194MB
08-27 18:52:42.202  4667  4678 I art     : Alloc concurrent mark sweep GC freed 0(0B) AllocSpace objects, 0(0B) LOS objects, 0% free, 194MB/194MB, paused 810us total 50.749ms
08-27 18:52:42.202  4667  4678 I art     : Forcing collection of SoftReferences for 24B allocation
08-27 18:52:42.202  4667  4678 I art     : Starting a blocking GC Alloc
08-27 18:52:42.202  4667  4667 I art     : Waiting for a blocking GC Alloc
08-27 18:52:42.202  4667  5139 I art     : Waiting for a blocking GC Alloc
08-27 18:52:42.202  4667  4966 I art     : Waiting for a blocking GC Alloc
08-27 18:52:42.253  4667  4678 I art     : Clamp target GC heap from 210MB to 194MB
08-27 18:52:42.253  4667  4678 I art     : Alloc concurrent mark sweep GC freed 0(0B) AllocSpace objects, 0(0B) LOS objects, 0% free, 194MB/194MB, paused 985us total 51.061ms
08-27 18:52:42.253  4667  4678 W art     : Throwing OutOfMemoryError "Failed to allocate a 24 byte allocation with 0 free bytes and -2MB until OOM"
08-27 18:52:42.254  4667  4678 I art     : Starting a blocking GC Alloc
08-27 18:52:42.254  4667  4678 I art     : Starting a blocking GC Alloc
08-27 18:52:42.254  4667  4667 I art     : Waiting for a blocking GC Alloc
08-27 18:52:42.254  4667  5139 I art     : Waiting for a blocking GC Alloc
08-27 18:52:42.254  4667  4966 I art     : Waiting for a blocking GC Alloc
08-27 18:52:42.260  4667  4678 I art     : Alloc sticky concurrent mark sweep GC freed 0(0B) AllocSpace objects, 0(0B) LOS objects, 0% free, 194MB/194MB, paused 729us total 6.403ms
08-27 18:52:42.260  4667  4678 I art     : Starting a blocking GC Alloc
08-27 18:52:42.261  4667  4667 I art     : Waiting for a blocking GC Alloc
08-27 18:52:42.261  4667  5139 I art     : Waiting for a blocking GC Alloc
08-27 18:52:42.261  4667  4966 I art     : Waiting for a blocking GC Alloc
08-27 18:52:42.298  4667  4678 I art     : Clamp target GC heap from 210MB to 194MB
08-27 18:52:42.298  4667  4678 I art     : Alloc partial concurrent mark sweep GC freed 0(0B) AllocSpace objects, 0(0B) LOS objects, 0% free, 194MB/194MB, paused 738us total 37.689ms
08-27 18:52:42.299  4667  4678 I art     : Starting a blocking GC Alloc
08-27 18:52:42.299  4667  4667 I art     : Waiting for a blocking GC Alloc
08-27 18:52:42.299  4667  5139 I art     : Waiting for a blocking GC Alloc
08-27 18:52:42.299  4667  4966 I art     : Waiting for a blocking GC Alloc
08-27 18:52:42.350  4667  4678 I art     : Clamp target GC heap from 210MB to 194MB
08-27 18:52:42.350  4667  4678 I art     : Alloc concurrent mark sweep GC freed 0(0B) AllocSpace objects, 0(0B) LOS objects, 0% free, 194MB/194MB, paused 1.027ms total 51.090ms
08-27 18:52:42.350  4667  4678 I art     : Forcing collection of SoftReferences for 28B allocation
08-27 18:52:42.350  4667  4678 I art     : Starting a blocking GC Alloc
08-27 18:52:42.350  4667  4667 I art     : Waiting for a blocking GC Alloc
08-27 18:52:42.351  4667  5139 I art     : Waiting for a blocking GC Alloc
08-27 18:52:42.351  4667  4966 I art     : Waiting for a blocking GC Alloc
08-27 18:52:42.401  4667  4678 I art     : Clamp target GC heap from 210MB to 194MB
08-27 18:52:42.401  4667  4678 I art     : Alloc concurrent mark sweep GC freed 0(0B) AllocSpace objects, 0(0B) LOS objects, 0% free, 194MB/194MB, paused 807us total 50.668ms
08-27 18:52:42.402  4667  4678 W art     : Throwing OutOfMemoryError "Failed to allocate a 28 byte allocation with 0 free bytes and -2MB until OOM" (recursive case)
08-27 18:52:42.402  4667  4667 I art     : WaitForGcToComplete blocked for 296.769ms for cause Alloc
08-27 18:52:42.402  4667  4667 I art     : Starting a blocking GC Alloc
08-27 18:52:42.402  4667  4667 I art     : Starting a blocking GC Alloc
08-27 18:52:42.402  4667  5139 I art     : Waiting for a blocking GC Alloc
08-27 18:52:42.402  4667  4966 I art     : Waiting for a blocking GC Alloc
08-27 18:52:42.444  4667  4678 W art     : "FinalizerDaemon" daemon prio=5 tid=6 Runnable
08-27 18:52:42.444  4667  4678 W art     :   | group="system" sCount=0 dsCount=0 obj=0x32c0c310 self=0x7fa76c5200
08-27 18:52:42.444  4667  4678 W art     :   | sysTid=4678 nice=0 cgrp=default sched=0/0 handle=0x7fa6907450
08-27 18:52:42.444  4667  4678 W art     :   | state=R schedstat=( 708956598 24561570 484 ) utm=66 stm=4 core=7 HZ=100
08-27 18:52:42.444  4667  4678 W art     :   | stack=0x7fa6805000-0x7fa6807000 stackSize=1037KB
08-27 18:52:42.444  4667  4678 W art     :   | held mutexes= "mutator lock"(shared held)
08-27 18:52:42.444  4667  4678 W art     :   native: #00 pc 000000000022d0c4  /system/lib64/libart.so (???)
08-27 18:52:42.444  4667  4678 W art     :   native: #01 pc 000000000022d0c0  /system/lib64/libart.so (???)
08-27 18:52:42.444  4667  4678 W art     :   native: #02 pc 0000000000200e14  /system/lib64/libart.so (???)
08-27 18:52:42.444  4667  4678 W art     :   native: #03 pc 00000000001fe884  /system/lib64/libart.so (???)
08-27 18:52:42.444  4667  4678 W art     :   native: #04 pc 00000000000a88a0  /system/lib64/libart.so (???)
08-27 18:52:42.444  4667  4678 W art     :   native: #05 pc 00000000000b2920  /system/lib64/libart.so (???)
08-27 18:52:42.444  4667  4678 W art     :   native: #06 pc 0000000000122074  /system/lib64/libart.so (_ZN3art6mirror5Class11AllocObjectEPNS_6ThreadE+2392)
08-27 18:52:42.444  4667  4678 W art     :   native: #07 pc 0000000000209588  /system/lib64/libart.so (???)
08-27 18:52:42.444  4667  4678 W art     :   native: #08 pc 00000000001fe8d4  /system/lib64/libart.so (???)
08-27 18:52:42.444  4667  4678 W art     :   native: #09 pc 00000000000a88a0  /system/lib64/libart.so (???)
08-27 18:52:42.444  4667  4678 W art     :   native: #10 pc 00000000000b2920  /system/lib64/libart.so (???)
08-27 18:52:42.444  4667  4678 W art     :   native: #11 pc 0000000000122074  /system/lib64/libart.so (_ZN3art6mirror5Class11AllocObjectEPNS_6ThreadE+2392)
08-27 18:52:42.444  4667  4678 W art     :   native: #12 pc 00000000000dc8ac  /system/lib64/libart.so (???)
08-27 18:52:42.444  4667  4678 W art     :   native: #13 pc 00000000000f5d38  /system/lib64/libart.so (_ZN3art8CheckJNI10NewObjectVEP7_JNIEnvP7_jclassP10_jmethodIDSt9__va_list+792)
08-27 18:52:42.444  4667  4678 W art     :   native: #14 pc 00000000000f59fc  /system/lib64/libart.so (_ZN3art8CheckJNI9NewObjectEP7_JNIEnvP7_jclassP10_jmethodIDz+116)
08-27 18:52:42.444  4667  4678 W art     :   native: #15 pc 0000000000003314  /system/lib64/libnativehelper.so (jniLogException+340)
08-27 18:52:42.444  4667  4678 W art     :   native: #16 pc 00000000000b3f1c  /system/framework/arm64/boot.oat (Java_java_lang_System_log__CLjava_lang_String_2Ljava_lang_Throwable_2+184)
08-27 18:52:42.444  4667  4678 W art     :   at java.lang.System.log(Native method)
08-27 18:52:42.444  4667  4678 W art     :   at java.lang.System.logE(System.java:1625)
08-27 18:52:42.444  4667  4678 W art     :   at java.lang.Daemons$FinalizerDaemon.doFinalize(Daemons.java:227)
08-27 18:52:42.444  4667  4678 W art     :   at java.lang.Daemons$FinalizerDaemon.run(Daemons.java:211)
08-27 18:52:42.444  4667  4678 W art     :   at java.lang.Thread.run(Thread.java:760)
08-27 18:52:42.444  4667  4678 W art     : 
08-27 18:52:42.444  4667  4678 E System  : java.lang.OutOfMemoryError: OutOfMemoryError thrown while trying to throw OutOfMemoryError; no stack trace available
08-27 18:52:42.449  4667  4667 I art     : Alloc sticky concurrent mark sweep GC freed 0(0B) AllocSpace objects, 0(0B) LOS objects, 0% free, 194MB/194MB, paused 700us total 47.576ms
08-27 18:52:42.450  4667  4667 I art     : Starting a blocking GC Alloc
08-27 18:52:42.450  4667  5139 I art     : Waiting for a blocking GC Alloc
08-27 18:52:42.450  4667  4966 I art     : Waiting for a blocking GC Alloc
08-27 18:52:42.459  4667  7240 I art     : Waiting for a blocking GC Alloc
08-27 18:52:42.488  4667  4667 I art     : Clamp target GC heap from 210MB to 194MB
08-27 18:52:42.488  4667  4667 I art     : Alloc partial concurrent mark sweep GC freed 10(240B) AllocSpace objects, 0(0B) LOS objects, 0% free, 194MB/194MB, paused 875us total 37.664ms
08-27 18:52:42.488  4667  4667 I art     : Starting a blocking GC Alloc
08-27 18:52:42.488  4667  5139 I art     : Waiting for a blocking GC Alloc
